Archive member included to satisfy reference by file (symbol)

/usr/lib/gcc/arm-none-eabi/5.4.1/../../../arm-none-eabi/lib/armv7-m/libc_nano.a(lib_a-atexit.o)
                              /usr/lib/gcc/arm-none-eabi/5.4.1/../../../arm-none-eabi/lib/armv7-m/crt0.o (atexit)
/usr/lib/gcc/arm-none-eabi/5.4.1/../../../arm-none-eabi/lib/armv7-m/libc_nano.a(lib_a-exit.o)
                              /usr/lib/gcc/arm-none-eabi/5.4.1/../../../arm-none-eabi/lib/armv7-m/crt0.o (exit)
/usr/lib/gcc/arm-none-eabi/5.4.1/../../../arm-none-eabi/lib/armv7-m/libc_nano.a(lib_a-fini.o)
                              /usr/lib/gcc/arm-none-eabi/5.4.1/../../../arm-none-eabi/lib/armv7-m/crt0.o (__libc_fini_array)
/usr/lib/gcc/arm-none-eabi/5.4.1/../../../arm-none-eabi/lib/armv7-m/libc_nano.a(lib_a-impure.o)
                              /usr/lib/gcc/arm-none-eabi/5.4.1/../../../arm-none-eabi/lib/armv7-m/libc_nano.a(lib_a-exit.o) (_global_impure_ptr)
/usr/lib/gcc/arm-none-eabi/5.4.1/../../../arm-none-eabi/lib/armv7-m/libc_nano.a(lib_a-init.o)
                              /usr/lib/gcc/arm-none-eabi/5.4.1/../../../arm-none-eabi/lib/armv7-m/crt0.o (__libc_init_array)
/usr/lib/gcc/arm-none-eabi/5.4.1/../../../arm-none-eabi/lib/armv7-m/libc_nano.a(lib_a-memcpy.o)
                              build/queue.o (memcpy)
/usr/lib/gcc/arm-none-eabi/5.4.1/../../../arm-none-eabi/lib/armv7-m/libc_nano.a(lib_a-memset.o)
                              /usr/lib/gcc/arm-none-eabi/5.4.1/../../../arm-none-eabi/lib/armv7-m/crt0.o (memset)
/usr/lib/gcc/arm-none-eabi/5.4.1/../../../arm-none-eabi/lib/armv7-m/libc_nano.a(lib_a-sprintf.o)
                              build/main.o (sprintf)
/usr/lib/gcc/arm-none-eabi/5.4.1/../../../arm-none-eabi/lib/armv7-m/libc_nano.a(lib_a-__atexit.o)
                              /usr/lib/gcc/arm-none-eabi/5.4.1/../../../arm-none-eabi/lib/armv7-m/libc_nano.a(lib_a-atexit.o) (__register_exitproc)
/usr/lib/gcc/arm-none-eabi/5.4.1/../../../arm-none-eabi/lib/armv7-m/libc_nano.a(lib_a-__call_atexit.o)
                              /usr/lib/gcc/arm-none-eabi/5.4.1/../../../arm-none-eabi/lib/armv7-m/libc_nano.a(lib_a-__atexit.o) (__call_exitprocs)
/usr/lib/gcc/arm-none-eabi/5.4.1/../../../arm-none-eabi/lib/armv7-m/libc_nano.a(lib_a-nano-svfprintf.o)
                              /usr/lib/gcc/arm-none-eabi/5.4.1/../../../arm-none-eabi/lib/armv7-m/libc_nano.a(lib_a-sprintf.o) (_svfprintf_r)
/usr/lib/gcc/arm-none-eabi/5.4.1/../../../arm-none-eabi/lib/armv7-m/libc_nano.a(lib_a-nano-vfprintf_i.o)
                              /usr/lib/gcc/arm-none-eabi/5.4.1/../../../arm-none-eabi/lib/armv7-m/libc_nano.a(lib_a-nano-svfprintf.o) (_printf_i)
/usr/lib/gcc/arm-none-eabi/5.4.1/../../../arm-none-eabi/lib/armv7-m/libc_nano.a(lib_a-memchr-stub.o)
                              /usr/lib/gcc/arm-none-eabi/5.4.1/../../../arm-none-eabi/lib/armv7-m/libc_nano.a(lib_a-nano-svfprintf.o) (memchr)
/usr/lib/gcc/arm-none-eabi/5.4.1/../../../arm-none-eabi/lib/armv7-m/libc_nano.a(lib_a-memmove.o)
                              /usr/lib/gcc/arm-none-eabi/5.4.1/../../../arm-none-eabi/lib/armv7-m/libc_nano.a(lib_a-nano-svfprintf.o) (memmove)
/usr/lib/gcc/arm-none-eabi/5.4.1/../../../arm-none-eabi/lib/armv7-m/libc_nano.a(lib_a-nano-freer.o)
                              /usr/lib/gcc/arm-none-eabi/5.4.1/../../../arm-none-eabi/lib/armv7-m/libc_nano.a(lib_a-nano-svfprintf.o) (_free_r)
/usr/lib/gcc/arm-none-eabi/5.4.1/../../../arm-none-eabi/lib/armv7-m/libc_nano.a(lib_a-nano-mallocr.o)
                              /usr/lib/gcc/arm-none-eabi/5.4.1/../../../arm-none-eabi/lib/armv7-m/libc_nano.a(lib_a-nano-svfprintf.o) (_malloc_r)
/usr/lib/gcc/arm-none-eabi/5.4.1/../../../arm-none-eabi/lib/armv7-m/libc_nano.a(lib_a-nano-reallocr.o)
                              /usr/lib/gcc/arm-none-eabi/5.4.1/../../../arm-none-eabi/lib/armv7-m/libc_nano.a(lib_a-nano-svfprintf.o) (_realloc_r)
/usr/lib/gcc/arm-none-eabi/5.4.1/../../../arm-none-eabi/lib/armv7-m/libc_nano.a(lib_a-sbrkr.o)
                              /usr/lib/gcc/arm-none-eabi/5.4.1/../../../arm-none-eabi/lib/armv7-m/libc_nano.a(lib_a-nano-mallocr.o) (_sbrk_r)
/usr/lib/gcc/arm-none-eabi/5.4.1/../../../arm-none-eabi/lib/armv7-m/libc_nano.a(lib_a-nano-msizer.o)
                              /usr/lib/gcc/arm-none-eabi/5.4.1/../../../arm-none-eabi/lib/armv7-m/libc_nano.a(lib_a-nano-reallocr.o) (_malloc_usable_size_r)
/usr/lib/gcc/arm-none-eabi/5.4.1/../../../arm-none-eabi/lib/armv7-m/libc_nano.a(lib_a-reent.o)
                              /usr/lib/gcc/arm-none-eabi/5.4.1/../../../arm-none-eabi/lib/armv7-m/libc_nano.a(lib_a-sbrkr.o) (errno)
/usr/lib/gcc/arm-none-eabi/5.4.1/../../../arm-none-eabi/lib/armv7-m/libnosys.a(sbrk.o)
                              /usr/lib/gcc/arm-none-eabi/5.4.1/../../../arm-none-eabi/lib/armv7-m/libc_nano.a(lib_a-sbrkr.o) (_sbrk)
/usr/lib/gcc/arm-none-eabi/5.4.1/../../../arm-none-eabi/lib/armv7-m/libnosys.a(_exit.o)
[...]
Memory Configuration

Name             Origin             Length             Attributes
RAM              0x20000000         0x0000c000         xrw
FLASH            0x08000000         0x00040000         xr
*default*        0x00000000         0xffffffff

Linker script and memory map

LOAD /usr/lib/gcc/arm-none-eabi/5.4.1/armv7-m/crti.o
LOAD /usr/lib/gcc/arm-none-eabi/5.4.1/armv7-m/crtbegin.o
LOAD /usr/lib/gcc/arm-none-eabi/5.4.1/../../../arm-none-eabi/lib/armv7-m/crt0.o
LOAD build/main.o
LOAD build/freertos.o
LOAD build/stm32f1xx_it.o
LOAD build/stm32f1xx_hal_msp.o
LOAD build/stm32f1xx_hal_timebase_TIM.o
LOAD build/stm32f1xx_hal_gpio_ex.o
LOAD build/stm32f1xx_hal_tim.o
LOAD build/stm32f1xx_hal_tim_ex.o
LOAD build/stm32f1xx_hal_uart.o
LOAD build/stm32f1xx_hal.o
LOAD build/stm32f1xx_hal_rcc.o
LOAD build/stm32f1xx_hal_rcc_ex.o
LOAD build/stm32f1xx_hal_gpio.o
LOAD build/stm32f1xx_hal_dma.o
LOAD build/stm32f1xx_hal_cortex.o
LOAD build/stm32f1xx_hal_pwr.o
LOAD build/stm32f1xx_hal_flash.o
LOAD build/stm32f1xx_hal_flash_ex.o
LOAD build/system_stm32f1xx.o
LOAD build/heap_4.o
LOAD build/port.o
LOAD build/list.o
LOAD build/croutine.o
LOAD build/timers.o
LOAD build/event_groups.o
LOAD build/tasks.o
LOAD build/queue.o
LOAD build/cmsis_os.o
LOAD build/startup_stm32f103xe.o
LOAD /usr/lib/gcc/arm-none-eabi/5.4.1/../../../arm-none-eabi/lib/armv7-m/libc_nano.a
LOAD /usr/lib/gcc/arm-none-eabi/5.4.1/../../../arm-none-eabi/lib/armv7-m/libm.a
LOAD /usr/lib/gcc/arm-none-eabi/5.4.1/../../../arm-none-eabi/lib/armv7-m/libnosys.a
START GROUP
LOAD /usr/lib/gcc/arm-none-eabi/5.4.1/armv7-m/libgcc.a
LOAD /usr/lib/gcc/arm-none-eabi/5.4.1/../../../arm-none-eabi/lib/armv7-m/libc_nano.a
END GROUP
START GROUP
LOAD /usr/lib/gcc/arm-none-eabi/5.4.1/armv7-m/libgcc.a
LOAD /usr/lib/gcc/arm-none-eabi/5.4.1/../../../arm-none-eabi/lib/armv7-m/libc_nano.a
END GROUP
LOAD /usr/lib/gcc/arm-none-eabi/5.4.1/armv7-m/crtend.o
LOAD /usr/lib/gcc/arm-none-eabi/5.4.1/armv7-m/crtn.o
                0x2000c000                _estack = 0x2000c000
                0x00000200                _Min_Heap_Size = 0x200
                0x00000400                _Min_Stack_Size = 0x400

.isr_vector     0x08000000      0x1e4
                0x08000000                . = ALIGN (0x4)
 *(.isr_vector)
 .isr_vector    0x08000000      0x1e4 build/startup_stm32f103xe.o
                0x08000000                g_pfnVectors
                0x080001e4                . = ALIGN (0x4)

.text           0x080001f0     0x3f20
                0x080001f0                . = ALIGN (0x4)
 *(.text)
 .text          0x080001f0       0xa4 /usr/lib/gcc/arm-none-eabi/5.4.1/armv7-m/crtbegin.o
 .text          0x08000294       0x50 /usr/lib/gcc/arm-none-eabi/5.4.1/../../../arm-none-eabi/lib/armv7-m/libc_nano.a(lib_a-init.o)
                0x08000294                __libc_init_array
 .text          0x080002e4       0xec /usr/lib/gcc/arm-none-eabi/5.4.1/../../../arm-none-eabi/lib/armv7-m/libc_nano.a(lib_a-memcpy.o)
                0x080002e4                memcpy
 .text          0x080003d0       0x90 /usr/lib/gcc/arm-none-eabi/5.4.1/../../../arm-none-eabi/lib/armv7-m/libc_nano.a(lib_a-sprintf.o)
                0x080003d0                _siprintf_r
                0x080003d0                _sprintf_r
                0x08000414                sprintf
                0x08000414                siprintf
 .text          0x08000460      0x404 /usr/lib/gcc/arm-none-eabi/5.4.1/../../../arm-none-eabi/lib/armv7-m/libc_nano.a(lib_a-nano-svfprintf.o)
                0x08000460                __ssputs_r
                0x08000528                __ssprint_r
                0x08000628                _svfprintf_r
                0x08000628                _svfiprintf_r
 .text          0x08000864      0x3dc /usr/lib/gcc/arm-none-eabi/5.4.1/../../../arm-none-eabi/lib/armv7-m/libc_nano.a(lib_a-nano-vfprintf_i.o)
                0x08000864                _printf_common
                0x08000998                _printf_i
 .text          0x08000c40       0x8c /usr/lib/gcc/arm-none-eabi/5.4.1/../../../arm-none-eabi/lib/armv7-m/libc_nano.a(lib_a-memchr-stub.o)
                0x08000c40                memchr
 .text          0x08000ccc       0xc8 /usr/lib/gcc/arm-none-eabi/5.4.1/../../../arm-none-eabi/lib/armv7-m/libc_nano.a(lib_a-memmove.o)
                0x08000ccc                memmove
 .text          0x08000d94       0x8c /usr/lib/gcc/arm-none-eabi/5.4.1/../../../arm-none-eabi/lib/armv7-m/libc_nano.a(lib_a-nano-freer.o)
                0x08000d94                _free_r
 .text          0x08000e20       0xbc /usr/lib/gcc/arm-none-eabi/5.4.1/../../../arm-none-eabi/lib/armv7-m/libc_nano.a(lib_a-nano-mallocr.o)
                0x08000e20                _malloc_r
 .text          0x08000edc       0x48 /usr/lib/gcc/arm-none-eabi/5.4.1/../../../arm-none-eabi/lib/armv7-m/libc_nano.a(lib_a-nano-reallocr.o)
                0x08000edc                _realloc_r
 .text          0x08000f24       0x24 /usr/lib/gcc/arm-none-eabi/5.4.1/../../../arm-none-eabi/lib/armv7-m/libc_nano.a(lib_a-sbrkr.o)
                0x08000f24                _sbrk_r
 .text          0x08000f48       0x14 /usr/lib/gcc/arm-none-eabi/5.4.1/../../../arm-none-eabi/lib/armv7-m/libc_nano.a(lib_a-nano-msizer.o)
                0x08000f48                _malloc_usable_size_r
 .text          0x08000f5c       0x1c /usr/lib/gcc/arm-none-eabi/5.4.1/../../../arm-none-eabi/lib/armv7-m/libnosys.a(sbrk.o)
                0x08000f5c                _sbrk
 *(.text*)
 .text.MX_DMA_Init
                0x08000f78       0x20 build/main.o
 .text.MX_GPIO_Init
                0x08000f98       0xb0 build/main.o
 .text.MX_NVIC_Init
                0x08001048       0x54 build/main.o
 .text.Func_Task1
                0x0800109c      0x108 build/main.o
                0x0800109c                Func_Task1
 .text.configure_tracing
                0x080011a4       0xbc build/main.o
                0x080011a4                configure_tracing
 .text.configure_watchpoint
                0x08001260       0x28 build/main.o
                0x08001260                configure_watchpoint
 .text.uartdamget
                0x08001288       0xa8 build/main.o
                0x08001288                uartdamget
 .text.uartdamget_uart1
                0x08001330       0xbc build/main.o
                0x08001330                uartdamget_uart1
 .text.Func_Task0
                0x080013ec       0x1c build/main.o
                0x080013ec                Func_Task0
 .text.HAL_TIM_PeriodElapsedCallback
                0x08001408       0x50 build/main.o
                0x08001408                HAL_TIM_PeriodElapsedCallback
 .text._Error_Handler
                0x08001458        0x4 build/main.o
                0x08001458                _Error_Handler
 .text.MX_USART1_UART_Init
                0x0800145c       0x3c build/main.o
 .text.MX_USART2_UART_Init
                0x08001498       0x3c build/main.o
 .text.MX_USART3_UART_Init
                0x080014d4       0x3c build/main.o
 .text.SystemClock_Config
                0x08001510       0x88 build/main.o
                0x08001510                SystemClock_Config
 .text.main     0x08001598       0xb0 build/main.o
                0x08001598                main
 .text.NMI_Handler
                0x08001648        0x4 build/stm32f1xx_it.o
                0x08001648                NMI_Handler
 .text.HardFault_Handler
                0x0800164c        0x4 build/stm32f1xx_it.o
                0x0800164c                HardFault_Handler
 .text.MemManage_Handler
                0x08001650        0x4 build/stm32f1xx_it.o
                0x08001650                MemManage_Handler
 .text.BusFault_Handler
                0x08001654        0x4 build/stm32f1xx_it.o
                0x08001654                BusFault_Handler
 .text.UsageFault_Handler
                0x08001658        0x4 build/stm32f1xx_it.o
                0x08001658                UsageFault_Handler
 .text.DebugMon_Handler
                0x0800165c        0x4 build/stm32f1xx_it.o
                0x0800165c                DebugMon_Handler
 .text.SysTick_Handler
                0x08001660        0x8 build/stm32f1xx_it.o
                0x08001660                SysTick_Handler
 .text.DMA1_Channel5_IRQHandler
                0x08001668       0x10 build/stm32f1xx_it.o
                0x08001668                DMA1_Channel5_IRQHandler
 .text.DMA1_Channel6_IRQHandler
                0x08001678       0x10 build/stm32f1xx_it.o
                0x08001678                DMA1_Channel6_IRQHandler
 .text.TIM4_IRQHandler
                0x08001688       0x10 build/stm32f1xx_it.o
                0x08001688                TIM4_IRQHandler
 .text.USART1_IRQHandler
                0x08001698       0x5c build/stm32f1xx_it.o
                0x08001698                USART1_IRQHandler
 .text.USART2_IRQHandler
                0x080016f4       0x5c build/stm32f1xx_it.o
                0x080016f4                USART2_IRQHandler
 .text.USART3_IRQHandler
                0x08001750       0x10 build/stm32f1xx_it.o
                0x08001750                USART3_IRQHandler
 .text.HAL_MspInit
                0x08001760       0xa0 build/stm32f1xx_hal_msp.o
                0x08001760                HAL_MspInit
 .text.HAL_UART_MspInit
                0x08001800      0x160 build/stm32f1xx_hal_msp.o
                0x08001800                HAL_UART_MspInit
 .text.HAL_InitTick
                0x08001960       0x7c build/stm32f1xx_hal_timebase_TIM.o
                0x08001960                HAL_InitTick
 .text.HAL_TIM_Base_MspInit
                0x080019dc        0x4 build/stm32f1xx_hal_tim.o
                0x080019dc                HAL_TIM_Base_MspInit
 .text.HAL_TIM_Base_Start_IT
                0x080019e0       0x18 build/stm32f1xx_hal_tim.o
                0x080019e0                HAL_TIM_Base_Start_IT
 .text.HAL_TIM_OC_DelayElapsedCallback
                0x080019f8        0x4 build/stm32f1xx_hal_tim.o
                0x080019f8                HAL_TIM_OC_DelayElapsedCallback
 .text.HAL_TIM_IC_CaptureCallback
                0x080019fc        0x4 build/stm32f1xx_hal_tim.o
                0x080019fc                HAL_TIM_IC_CaptureCallback
 .text.HAL_TIM_PWM_PulseFinishedCallback
                0x08001a00        0x4 build/stm32f1xx_hal_tim.o
                0x08001a00                HAL_TIM_PWM_PulseFinishedCallback
 .text.HAL_TIM_TriggerCallback
                0x08001a04        0x4 build/stm32f1xx_hal_tim.o
                0x08001a04                HAL_TIM_TriggerCallback
 .text.HAL_TIM_IRQHandler
                0x08001a08      0x174 build/stm32f1xx_hal_tim.o
                0x08001a08                HAL_TIM_IRQHandler
 .text.TIM_Base_SetConfig
                0x08001b7c       0x98 build/stm32f1xx_hal_tim.o
                0x08001b7c                TIM_Base_SetConfig
 .text.HAL_TIM_Base_Init
                0x08001c14       0x38 build/stm32f1xx_hal_tim.o
                0x08001c14                HAL_TIM_Base_Init
 .text.HAL_TIMEx_CommutationCallback
                0x08001c4c        0x4 build/stm32f1xx_hal_tim_ex.o
                0x08001c4c                HAL_TIMEx_CommutationCallback
 .text.HAL_TIMEx_BreakCallback
                0x08001c50        0x4 build/stm32f1xx_hal_tim_ex.o
                0x08001c50                HAL_TIMEx_BreakCallback
 .text.UART_EndTxTransfer
                0x08001c54       0x14 build/stm32f1xx_hal_uart.o
 .text.UART_EndRxTransfer
                0x08001c68       0x1c build/stm32f1xx_hal_uart.o
 .text.UART_Transmit_IT
                0x08001c84       0x6c build/stm32f1xx_hal_uart.o
 .text.UART_SetConfig
                0x08001cf0      0x1bc build/stm32f1xx_hal_uart.o
 .text.UART_WaitOnFlagUntilTimeout
                0x08001eac       0x68 build/stm32f1xx_hal_uart.o
 .text.HAL_UART_Init
                0x08001f14       0x64 build/stm32f1xx_hal_uart.o
                0x08001f14                HAL_UART_Init
 .text.HAL_UART_Transmit
                0x08001f78       0xe4 build/stm32f1xx_hal_uart.o
                0x08001f78                HAL_UART_Transmit
 .text.HAL_UART_Receive_IT
                0x0800205c       0x5c build/stm32f1xx_hal_uart.o
                0x0800205c                HAL_UART_Receive_IT
 .text.HAL_UART_Receive_DMA
                0x080020b8       0xa8 build/stm32f1xx_hal_uart.o
                0x080020b8                HAL_UART_Receive_DMA
 .text.HAL_UART_DMAStop
                0x08002160       0x5c build/stm32f1xx_hal_uart.o
                0x08002160                HAL_UART_DMAStop
 .text.HAL_UART_TxCpltCallback
                0x080021bc        0x4 build/stm32f1xx_hal_uart.o
                0x080021bc                HAL_UART_TxCpltCallback
 .text.UART_EndTransmit_IT
                0x080021c0       0x1c build/stm32f1xx_hal_uart.o
 .text.HAL_UART_RxCpltCallback
                0x080021dc        0x4 build/stm32f1xx_hal_uart.o
                0x080021dc                HAL_UART_RxCpltCallback
 .text.UART_DMAReceiveCplt
                0x080021e0       0x40 build/stm32f1xx_hal_uart.o
 .text.UART_Receive_IT
                0x08002220       0xa0 build/stm32f1xx_hal_uart.o
 .text.HAL_UART_RxHalfCpltCallback
                0x080022c0        0x4 build/stm32f1xx_hal_uart.o
                0x080022c0                HAL_UART_RxHalfCpltCallback
 .text.UART_DMARxHalfCplt
                0x080022c4        0xc build/stm32f1xx_hal_uart.o
 .text.HAL_UART_ErrorCallback
                0x080022d0        0x4 build/stm32f1xx_hal_uart.o
                0x080022d0                HAL_UART_ErrorCallback
 .text.UART_DMAError
                0x080022d4       0x50 build/stm32f1xx_hal_uart.o
 .text.HAL_UART_IRQHandler
                0x08002324      0x11c build/stm32f1xx_hal_uart.o
                0x08002324                HAL_UART_IRQHandler
 .text.UART_DMAAbortOnError
                0x08002440       0x10 build/stm32f1xx_hal_uart.o
 .text.HAL_Init
                0x08002450       0x24 build/stm32f1xx_hal.o
                0x08002450                HAL_Init
 .text.HAL_IncTick
                0x08002474       0x18 build/stm32f1xx_hal.o
                0x08002474                HAL_IncTick
 .text.HAL_GetTick
                0x0800248c        0xc build/stm32f1xx_hal.o
                0x0800248c                HAL_GetTick
 .text.RCC_Delay
                0x08002498       0x2c build/stm32f1xx_hal_rcc.o
 .text.HAL_RCC_OscConfig
                0x080024c4      0x400 build/stm32f1xx_hal_rcc.o
                0x080024c4                HAL_RCC_OscConfig
 .text.HAL_RCC_GetSysClockFreq
                0x080028c4       0x70 build/stm32f1xx_hal_rcc.o
                0x080028c4                HAL_RCC_GetSysClockFreq
 .text.HAL_RCC_ClockConfig
                0x08002934      0x184 build/stm32f1xx_hal_rcc.o
                0x08002934                HAL_RCC_ClockConfig
 .text.HAL_RCC_GetHCLKFreq
                0x08002ab8        0xc build/stm32f1xx_hal_rcc.o
                0x08002ab8                HAL_RCC_GetHCLKFreq
 .text.HAL_RCC_GetPCLK1Freq
                0x08002ac4       0x20 build/stm32f1xx_hal_rcc.o
                0x08002ac4                HAL_RCC_GetPCLK1Freq
 .text.HAL_RCC_GetPCLK2Freq
                0x08002ae4       0x20 build/stm32f1xx_hal_rcc.o
                0x08002ae4                HAL_RCC_GetPCLK2Freq
 .text.HAL_RCC_GetClockConfig
                0x08002b04       0x3c build/stm32f1xx_hal_rcc.o
                0x08002b04                HAL_RCC_GetClockConfig
 .text.HAL_GPIO_Init
                0x08002b40      0x1ec build/stm32f1xx_hal_gpio.o
                0x08002b40                HAL_GPIO_Init
 .text.HAL_GPIO_WritePin
                0x08002d2c        0xc build/stm32f1xx_hal_gpio.o
                0x08002d2c                HAL_GPIO_WritePin
 .text.DMA_SetConfig
                0x08002d38       0x2c build/stm32f1xx_hal_dma.o
 .text.HAL_DMA_Init
                0x08002d64       0xa4 build/stm32f1xx_hal_dma.o
                0x08002d64                HAL_DMA_Init
 .text.HAL_DMA_Start_IT
                0x08002e08       0x74 build/stm32f1xx_hal_dma.o
                0x08002e08                HAL_DMA_Start_IT
 .text.HAL_DMA_Abort
                0x08002e7c       0x30 build/stm32f1xx_hal_dma.o
                0x08002e7c                HAL_DMA_Abort
 .text.HAL_DMA_Abort_IT
                0x08002eac      0x168 build/stm32f1xx_hal_dma.o
                0x08002eac                HAL_DMA_Abort_IT
 .text.HAL_DMA_IRQHandler
                0x08003014      0x2e4 build/stm32f1xx_hal_dma.o
                0x08003014                HAL_DMA_IRQHandler
 .text.HAL_NVIC_SetPriorityGrouping
                0x080032f8       0x24 build/stm32f1xx_hal_cortex.o
                0x080032f8                HAL_NVIC_SetPriorityGrouping
 .text.HAL_NVIC_SetPriority
                0x0800331c       0x64 build/stm32f1xx_hal_cortex.o
                0x0800331c                HAL_NVIC_SetPriority
 .text.HAL_NVIC_EnableIRQ
                0x08003380       0x18 build/stm32f1xx_hal_cortex.o
                0x08003380                HAL_NVIC_EnableIRQ
 .text.HAL_SYSTICK_Config
                0x08003398       0x2c build/stm32f1xx_hal_cortex.o
                0x08003398                HAL_SYSTICK_Config
 .text.HAL_SYSTICK_CLKSourceConfig
                0x080033c4       0x20 build/stm32f1xx_hal_cortex.o
                0x080033c4                HAL_SYSTICK_CLKSourceConfig
 .text.SystemInit
                0x080033e4       0x4c build/system_stm32f1xx.o
                0x080033e4                SystemInit
 .text.prvHeapInit
                0x08003430       0x64 build/heap_4.o
 .text.prvInsertBlockIntoFreeList
                0x08003494       0x54 build/heap_4.o
 .text.pvPortMalloc
                0x080034e8      0x104 build/heap_4.o
                0x080034e8                pvPortMalloc
 .text.vPortFree
                0x080035ec       0x78 build/heap_4.o
                0x080035ec                vPortFree
 .text.prvTaskExitError
                0x08003664       0x34 build/port.o
 .text.prvPortStartFirstTask
                0x08003698       0x20 build/port.o
 .text.pxPortInitialiseStack
                0x080036b8       0x24 build/port.o
                0x080036b8                pxPortInitialiseStack
 *fill*         0x080036dc        0x4 
 .text.SVC_Handler
                0x080036e0       0x24 build/port.o
                0x080036e0                SVC_Handler
 .text.vPortEnterCritical
                0x08003704       0x44 build/port.o
                0x08003704                vPortEnterCritical
 .text.vPortExitCritical
                0x08003748       0x2c build/port.o
                0x08003748                vPortExitCritical
 *fill*         0x08003774        0xc 
 .text.PendSV_Handler
                0x08003780       0x44 build/port.o
                0x08003780                PendSV_Handler
 .text.xPortSysTickHandler
                0x080037c4       0x2c build/port.o
                0x080037c4                xPortSysTickHandler
 .text.vPortSetupTimerInterrupt
                0x080037f0       0x2c build/port.o
                0x080037f0                vPortSetupTimerInterrupt
 .text.xPortStartScheduler
                0x0800381c       0x98 build/port.o
                0x0800381c                xPortStartScheduler
 .text.vListInitialise
                0x080038b4       0x18 build/list.o
                0x080038b4                vListInitialise
 .text.vListInitialiseItem
                0x080038cc        0x8 build/list.o
                0x080038cc                vListInitialiseItem
 .text.vListInsertEnd
                0x080038d4       0x18 build/list.o
                0x080038d4                vListInsertEnd
 .text.vListInsert
                0x080038ec       0x34 build/list.o
                0x080038ec                vListInsert
 .text.uxListRemove
                0x08003920       0x24 build/list.o
                0x08003920                uxListRemove
 .text.prvResetNextTaskUnblockTime
                0x08003944       0x34 build/tasks.o
 .text.prvDeleteTCB
                0x08003978       0x14 build/tasks.o
 .text.prvInitialiseNewTask
                0x0800398c       0x80 build/tasks.o
 .text.prvInitialiseTaskLists
                0x08003a0c       0x68 build/tasks.o
 .text.prvAddNewTaskToReadyList
                0x08003a74       0xa8 build/tasks.o
 .text.prvAddCurrentTaskToDelayedList
                0x08003b1c       0x98 build/tasks.o
 .text.xTaskCreate
                0x08003bb4       0x64 build/tasks.o
                0x08003bb4                xTaskCreate
 .text.vTaskStartScheduler
                0x08003c18       0x7c build/tasks.o
                0x08003c18                vTaskStartScheduler
 .text.vTaskSuspendAll
                0x08003c94       0x10 build/tasks.o
                0x08003c94                vTaskSuspendAll
 .text.xTaskIncrementTick
                0x08003ca4      0x124 build/tasks.o
                0x08003ca4                xTaskIncrementTick
 .text.xTaskResumeAll
                0x08003dc8       0xf8 build/tasks.o
                0x08003dc8                xTaskResumeAll
 .text.vTaskDelay
                0x08003ec0       0x50 build/tasks.o
                0x08003ec0                vTaskDelay
 .text.prvCheckTasksWaitingTermination
                0x08003f10       0x54 build/tasks.o
 .text.prvIdleTask
                0x08003f64       0x28 build/tasks.o
 .text.vTaskSwitchContext
                0x08003f8c       0x94 build/tasks.o
                0x08003f8c                vTaskSwitchContext
 .text.xTaskGetSchedulerState
                0x08004020       0x20 build/tasks.o
                0x08004020                xTaskGetSchedulerState
 .text.makeFreeRtosPriority
                0x08004040        0xc build/cmsis_os.o
 .text.osKernelStart
                0x0800404c        0xc build/cmsis_os.o
                0x0800404c                osKernelStart
 .text.osThreadCreate
                0x08004058       0x34 build/cmsis_os.o
                0x08004058                osThreadCreate
 .text.osDelay  0x0800408c       0x10 build/cmsis_os.o
                0x0800408c                osDelay
 .text.osSystickHandler
                0x0800409c       0x10 build/cmsis_os.o
                0x0800409c                osSystickHandler
 .text.Reset_Handler
                0x080040ac       0x48 build/startup_stm32f103xe.o
                0x080040ac                Reset_Handler
 .text.Default_Handler
                0x080040f4        0x2 build/startup_stm32f103xe.o
                0x080040f4                RTC_Alarm_IRQHandler
                0x080040f4                EXTI2_IRQHandler
                0x080040f4                TIM8_TRG_COM_IRQHandler
                0x080040f4                TIM8_CC_IRQHandler
                0x080040f4                TIM1_CC_IRQHandler
                0x080040f4                TIM6_IRQHandler
                0x080040f4                PVD_IRQHandler
                0x080040f4                SDIO_IRQHandler
                0x080040f4                EXTI3_IRQHandler
                0x080040f4                EXTI0_IRQHandler
                0x080040f4                I2C2_EV_IRQHandler
                0x080040f4                ADC1_2_IRQHandler
                0x080040f4                SPI1_IRQHandler
                0x080040f4                TAMPER_IRQHandler
                0x080040f4                TIM8_UP_IRQHandler
                0x080040f4                DMA2_Channel2_IRQHandler
                0x080040f4                DMA1_Channel4_IRQHandler
                0x080040f4                RTC_IRQHandler
                0x080040f4                DMA1_Channel7_IRQHandler
                0x080040f4                CAN1_RX1_IRQHandler
                0x080040f4                UART5_IRQHandler
                0x080040f4                ADC3_IRQHandler
                0x080040f4                DMA2_Channel1_IRQHandler
                0x080040f4                I2C1_EV_IRQHandler
                0x080040f4                UART4_IRQHandler
                0x080040f4                TIM3_IRQHandler
                0x080040f4                RCC_IRQHandler
                0x080040f4                TIM1_TRG_COM_IRQHandler
                0x080040f4                DMA1_Channel1_IRQHandler
                0x080040f4                Default_Handler
                0x080040f4                EXTI15_10_IRQHandler
                0x080040f4                TIM7_IRQHandler
                0x080040f4                TIM5_IRQHandler
                0x080040f4                EXTI9_5_IRQHandler
                0x080040f4                SPI2_IRQHandler
                0x080040f4                EXTI4_IRQHandler
                0x080040f4                USB_LP_CAN1_RX0_IRQHandler
                0x080040f4                USB_HP_CAN1_TX_IRQHandler
                0x080040f4                DMA1_Channel3_IRQHandler
                0x080040f4                FSMC_IRQHandler
                0x080040f4                TIM1_UP_IRQHandler
                0x080040f4                WWDG_IRQHandler
                0x080040f4                TIM2_IRQHandler
                0x080040f4                TIM1_BRK_IRQHandler
                0x080040f4                EXTI1_IRQHandler
                0x080040f4                DMA2_Channel4_5_IRQHandler
                0x080040f4                I2C2_ER_IRQHandler
                0x080040f4                DMA1_Channel2_IRQHandler
                0x080040f4                TIM8_BRK_IRQHandler
                0x080040f4                CAN1_SCE_IRQHandler
                0x080040f4                FLASH_IRQHandler
                0x080040f4                SPI3_IRQHandler
                0x080040f4                I2C1_ER_IRQHandler
                0x080040f4                USBWakeUp_IRQHandler
                0x080040f4                DMA2_Channel3_IRQHandler
 *(.glue_7)
 .glue_7        0x080040f6        0x0 linker stubs
 *(.glue_7t)
 .glue_7t       0x080040f6        0x0 linker stubs
 *(.eh_frame)
 *fill*         0x080040f6        0x2 
 .eh_frame      0x080040f8        0x0 /usr/lib/gcc/arm-none-eabi/5.4.1/armv7-m/crtbegin.o
 *(.init)
 .init          0x080040f8        0x4 /usr/lib/gcc/arm-none-eabi/5.4.1/armv7-m/crti.o
                0x080040f8                _init
 .init          0x080040fc        0x8 /usr/lib/gcc/arm-none-eabi/5.4.1/armv7-m/crtn.o
 *(.fini)
 .fini          0x08004104        0x4 /usr/lib/gcc/arm-none-eabi/5.4.1/armv7-m/crti.o
                0x08004104                _fini
 .fini          0x08004108        0x8 /usr/lib/gcc/arm-none-eabi/5.4.1/armv7-m/crtn.o
                0x08004110                . = ALIGN (0x4)
                0x08004110                _etext = .

.vfp11_veneer   0x08004110        0x0
 .vfp11_veneer  0x08004110        0x0 linker stubs

.v4_bx          0x08004110        0x0
 .v4_bx         0x08004110        0x0 linker stubs

.iplt           0x08004110        0x0
 .iplt          0x08004110        0x0 /usr/lib/gcc/arm-none-eabi/5.4.1/armv7-m/crtbegin.o

.rodata         0x08004110      0x1c8
                0x08004110                . = ALIGN (0x4)
 *(.rodata)
 .rodata        0x08004110       0x28 build/main.o
 .rodata        0x08004138       0x12 build/stm32f1xx_hal_rcc.o
 *(.rodata*)
 *fill*         0x0800414a        0x2 
 .rodata.str1.4
                0x0800414c      0x112 build/main.o
                                0x116 (size before relaxing)
 *fill*         0x0800425e        0x2 
 .rodata.str1.4
                0x08004260       0x18 build/stm32f1xx_hal_msp.o
 .rodata.AHBPrescTable
                0x08004278       0x10 build/system_stm32f1xx.o
                0x08004278                AHBPrescTable
 .rodata.APBPrescTable
                0x08004288        0x8 build/system_stm32f1xx.o
                0x08004288                APBPrescTable
 .rodata.str1.4
                0x08004290        0x5 build/tasks.o
 *fill*         0x08004295        0x3 
 .rodata.str1.4
                0x08004298        0x2 /usr/lib/gcc/arm-none-eabi/5.4.1/../../../arm-none-eabi/lib/armv7-m/libc_nano.a(lib_a-impure.o)
 *fill*         0x0800429a        0x2 
 .rodata.str1.4
                0x0800429c       0x13 /usr/lib/gcc/arm-none-eabi/5.4.1/../../../arm-none-eabi/lib/armv7-m/libc_nano.a(lib_a-nano-svfprintf.o)
 *fill*         0x080042af        0x1 
 .rodata.str1.4
                0x080042b0       0x28 /usr/lib/gcc/arm-none-eabi/5.4.1/../../../arm-none-eabi/lib/armv7-m/libc_nano.a(lib_a-nano-vfprintf_i.o)
                                 0x25 (size before relaxing)
                0x080042d8                . = ALIGN (0x4)

.rel.dyn        0x080042d8        0x0
 .rel.iplt      0x080042d8        0x0 /usr/lib/gcc/arm-none-eabi/5.4.1/armv7-m/crtbegin.o

.ARM.extab
 *(.ARM.extab* .gnu.linkonce.armextab.*)

.ARM            0x080042d8        0x0
                0x080042d8                __exidx_start = .
 *(.ARM.exidx*)
                0x080042d8                __exidx_end = .

.preinit_array  0x080042d8        0x0
                0x080042d8                PROVIDE (__preinit_array_start, .)
 *(.preinit_array*)
                0x080042d8                PROVIDE (__preinit_array_end, .)

.init_array     0x080042d8        0x4
                0x080042d8                PROVIDE (__init_array_start, .)
 *(SORT(.init_array.*))
 *(.init_array*)
 .init_array    0x080042d8        0x4 /usr/lib/gcc/arm-none-eabi/5.4.1/armv7-m/crtbegin.o
                0x080042dc                PROVIDE (__init_array_end, .)

.fini_array     0x080042dc        0x4
                0x080042dc                PROVIDE (__fini_array_start, .)
 *(SORT(.fini_array.*))
 *(.fini_array*)
 .fini_array    0x080042dc        0x4 /usr/lib/gcc/arm-none-eabi/5.4.1/armv7-m/crtbegin.o
                0x080042e0                PROVIDE (__fini_array_end, .)
                0x080042e0                _sidata = LOADADDR (.data)

.data           0x20000000       0x70 load address 0x080042e0
                0x20000000                . = ALIGN (0x4)
                0x20000000                _sdata = .
 *(.data)
 .data          0x20000000       0x64 /usr/lib/gcc/arm-none-eabi/5.4.1/../../../arm-none-eabi/lib/armv7-m/libc_nano.a(lib_a-impure.o)
                0x20000000                _impure_ptr
 *(.data*)
 .data.uwTickFreq
                0x20000064        0x1 build/stm32f1xx_hal.o
                0x20000064                uwTickFreq
 *fill*         0x20000065        0x3 
 .data.SystemCoreClock
                0x20000068        0x4 build/system_stm32f1xx.o
                0x20000068                SystemCoreClock
 .data.uxCriticalNesting
                0x2000006c        0x4 build/port.o
                0x20000070                . = ALIGN (0x4)
                0x20000070                _edata = .

.jcr            0x20000070        0x0 load address 0x08004350
 .jcr           0x20000070        0x0 /usr/lib/gcc/arm-none-eabi/5.4.1/armv7-m/crtbegin.o

.tm_clone_table
                0x20000070        0x0 load address 0x08004350
 .tm_clone_table
                0x20000070        0x0 /usr/lib/gcc/arm-none-eabi/5.4.1/armv7-m/crtbegin.o
 .tm_clone_table
                0x20000070        0x0 /usr/lib/gcc/arm-none-eabi/5.4.1/armv7-m/crtend.o

.igot.plt       0x20000070        0x0 load address 0x08004350
 .igot.plt      0x20000070        0x0 /usr/lib/gcc/arm-none-eabi/5.4.1/armv7-m/crtbegin.o
                0x20000070                . = ALIGN (0x4)

.bss            0x20000070     0x1130 load address 0x08004350
                0x20000070                _sbss = .
                0x20000070                __bss_start__ = _sbss
 *(.bss)
 .bss           0x20000070       0x1c /usr/lib/gcc/arm-none-eabi/5.4.1/armv7-m/crtbegin.o
 .bss           0x2000008c        0x8 /usr/lib/gcc/arm-none-eabi/5.4.1/../../../arm-none-eabi/lib/armv7-m/libc_nano.a(lib_a-nano-mallocr.o)
                0x2000008c                __malloc_free_list
                0x20000090                __malloc_sbrk_start
 .bss           0x20000094        0x4 /usr/lib/gcc/arm-none-eabi/5.4.1/../../../arm-none-eabi/lib/armv7-m/libnosys.a(sbrk.o)
 *(.bss*)
 .bss.TickCounter
                0x20000098        0x4 build/main.o
                0x20000098                TickCounter
 .bss.recv_end_flag_uart1
                0x2000009c        0x1 build/main.o
                0x2000009c                recv_end_flag_uart1
 *fill*         0x2000009d        0x3 
 .bss.globalCounter
                0x200000a0        0x4 build/main.o
                0x200000a0                globalCounter
 .bss.recv_end_flag
                0x200000a4        0x1 build/main.o
                0x200000a4                recv_end_flag
 *fill*         0x200000a5        0x3 
 .bss.xFreeBytesRemaining
                0x200000a8        0x4 build/heap_4.o
 .bss.pxEnd     0x200000ac        0x4 build/heap_4.o
 .bss.xStart    0x200000b0        0x8 build/heap_4.o
 .bss.ucHeap    0x200000b8      0xc00 build/heap_4.o
 .bss.xBlockAllocatedBit
                0x20000cb8        0x4 build/heap_4.o
 .bss.xMinimumEverFreeBytesRemaining
                0x20000cbc        0x4 build/heap_4.o
 .bss.ucMaxSysCallPriority
                0x20000cc0        0x1 build/port.o
 *fill*         0x20000cc1        0x3 
 .bss.ulMaxPRIGROUPValue
                0x20000cc4        0x4 build/port.o
 .bss.xNumOfOverflows
                0x20000cc8        0x4 build/tasks.o
 .bss.pxDelayedTaskList
                0x20000ccc        0x4 build/tasks.o
 .bss.xSchedulerRunning
                0x20000cd0        0x4 build/tasks.o
 .bss.xTasksWaitingTermination
                0x20000cd4       0x14 build/tasks.o
 .bss.pxOverflowDelayedTaskList
                0x20000ce8        0x4 build/tasks.o
 .bss.uxPendedTicks
                0x20000cec        0x4 build/tasks.o
 .bss.pxReadyTasksLists
                0x20000cf0       0x8c build/tasks.o
 .bss.uxSchedulerSuspended
                0x20000d7c        0x4 build/tasks.o
 .bss.uxDeletedTasksWaitingCleanUp
                0x20000d80        0x4 build/tasks.o
 .bss.uxCurrentNumberOfTasks
                0x20000d84        0x4 build/tasks.o
 .bss.pxCurrentTCB
                0x20000d88        0x4 build/tasks.o
                0x20000d88                pxCurrentTCB
 .bss.xPendingReadyList
                0x20000d8c       0x14 build/tasks.o
 .bss.xIdleTaskHandle
                0x20000da0        0x4 build/tasks.o
 .bss.xTickCount
                0x20000da4        0x4 build/tasks.o
 .bss.xNextTaskUnblockTime
                0x20000da8        0x4 build/tasks.o
 .bss.uxTaskNumber
                0x20000dac        0x4 build/tasks.o
 .bss.xDelayedTaskList1
                0x20000db0       0x14 build/tasks.o
 .bss.xDelayedTaskList2
                0x20000dc4       0x14 build/tasks.o
 .bss.xSuspendedTaskList
                0x20000dd8       0x14 build/tasks.o
 .bss.uxTopReadyPriority
                0x20000dec        0x4 build/tasks.o
 .bss.xYieldPending
                0x20000df0        0x4 build/tasks.o
 *(COMMON)
 COMMON         0x20000df4      0x364 build/main.o
                0x20000df4                aRxBuffer2
                0x20000df8                hdma_usart2_rx
                0x20000e3c                Rx_len_uart1
                0x20000e40                huart3
                0x20000e80                aRxBuffer2_Data
                0x20000e84                Task1Handle
                0x20000e88                hdma_usart1_rx
                0x20000ecc                aRxBuffer3
                0x20000ed0                huart1
                0x20000f10                ReceiveBuff
                0x20001010                ReceiveBuff_uart1
                0x20001110                aRxBuffer1
                0x20001111                Rx_len
                0x20001114                huart2
                0x20001154                Task0Handle
 COMMON         0x20001158       0x40 build/stm32f1xx_hal_timebase_TIM.o
                0x20001158                htim4
 COMMON         0x20001198        0x4 build/stm32f1xx_hal.o
                0x20001198                uwTick
 COMMON         0x2000119c        0x4 /usr/lib/gcc/arm-none-eabi/5.4.1/../../../arm-none-eabi/lib/armv7-m/libc_nano.a(lib_a-reent.o)
                0x2000119c                errno
                0x200011a0                . = ALIGN (0x4)
                0x200011a0                _ebss = .
                0x200011a0                __bss_end__ = _ebss

._user_heap_stack
                0x200011a0      0x600 load address 0x08004350
                0x200011a0                . = ALIGN (0x8)
                0x200011a0                PROVIDE (end, .)
                [!provide]                PROVIDE (_end, .)
                0x200013a0                . = (. + _Min_Heap_Size)
 *fill*         0x200011a0      0x200 
                0x200017a0                . = (. + _Min_Stack_Size)
 *fill*         0x200013a0      0x400 
                0x200017a0                . = ALIGN (0x8)

/DISCARD/
 libc.a(*)
 libm.a(*)
 libgcc.a(*)

.ARM.attributes
                0x00000000       0x29
 *(.ARM.attributes)
 .ARM.attributes
                0x00000000       0x1d /usr/lib/gcc/arm-none-eabi/5.4.1/armv7-m/crti.o
 .ARM.attributes
                0x0000001d       0x2d /usr/lib/gcc/arm-none-eabi/5.4.1/armv7-m/crtbegin.o
 .ARM.attributes
                0x0000004a       0x33 build/main.o
 .ARM.attributes
                0x0000007d       0x33 build/stm32f1xx_it.o
 .ARM.attributes
                0x000000b0       0x33 build/stm32f1xx_hal_msp.o
 .ARM.attributes
                0x000000e3       0x33 build/stm32f1xx_hal_timebase_TIM.o
 .ARM.attributes
                0x00000116       0x33 build/stm32f1xx_hal_tim.o
 .ARM.attributes
                0x00000149       0x33 build/stm32f1xx_hal_tim_ex.o
 .ARM.attributes
                0x0000017c       0x33 build/stm32f1xx_hal_uart.o
 .ARM.attributes
                0x000001af       0x33 build/stm32f1xx_hal.o
 .ARM.attributes
                0x000001e2       0x33 build/stm32f1xx_hal_rcc.o
 .ARM.attributes
                0x00000215       0x33 build/stm32f1xx_hal_gpio.o
 .ARM.attributes
                0x00000248       0x33 build/stm32f1xx_hal_dma.o
 .ARM.attributes
                0x0000027b       0x33 build/stm32f1xx_hal_cortex.o
 .ARM.attributes
                0x000002ae       0x33 build/system_stm32f1xx.o
 .ARM.attributes
                0x000002e1       0x33 build/heap_4.o
 .ARM.attributes
                0x00000314       0x33 build/port.o
 .ARM.attributes
                0x00000347       0x33 build/list.o
 .ARM.attributes
                0x0000037a       0x33 build/tasks.o
 .ARM.attributes
                0x000003ad       0x33 build/cmsis_os.o
 .ARM.attributes
                0x000003e0       0x21 build/startup_stm32f103xe.o
 .ARM.attributes
                0x00000401       0x2d /usr/lib/gcc/arm-none-eabi/5.4.1/../../../arm-none-eabi/lib/armv7-m/libc_nano.a(lib_a-impure.o)
 .ARM.attributes
                0x0000042e       0x2d /usr/lib/gcc/arm-none-eabi/5.4.1/../../../arm-none-eabi/lib/armv7-m/libc_nano.a(lib_a-init.o)
 .ARM.attributes
                0x0000045b       0x1b /usr/lib/gcc/arm-none-eabi/5.4.1/../../../arm-none-eabi/lib/armv7-m/libc_nano.a(lib_a-memcpy.o)
 .ARM.attributes
                0x00000476       0x2d /usr/lib/gcc/arm-none-eabi/5.4.1/../../../arm-none-eabi/lib/armv7-m/libc_nano.a(lib_a-sprintf.o)
 .ARM.attributes
                0x000004a3       0x2d /usr/lib/gcc/arm-none-eabi/5.4.1/../../../arm-none-eabi/lib/armv7-m/libc_nano.a(lib_a-nano-svfprintf.o)
 .ARM.attributes
                0x000004d0       0x2d /usr/lib/gcc/arm-none-eabi/5.4.1/../../../arm-none-eabi/lib/armv7-m/libc_nano.a(lib_a-nano-vfprintf_i.o)
 .ARM.attributes
                0x000004fd       0x2d /usr/lib/gcc/arm-none-eabi/5.4.1/../../../arm-none-eabi/lib/armv7-m/libc_nano.a(lib_a-memchr-stub.o)
 .ARM.attributes
                0x0000052a       0x2d /usr/lib/gcc/arm-none-eabi/5.4.1/../../../arm-none-eabi/lib/armv7-m/libc_nano.a(lib_a-memmove.o)
 .ARM.attributes
                0x00000557       0x2d /usr/lib/gcc/arm-none-eabi/5.4.1/../../../arm-none-eabi/lib/armv7-m/libc_nano.a(lib_a-nano-freer.o)
 .ARM.attributes
                0x00000584       0x2d /usr/lib/gcc/arm-none-eabi/5.4.1/../../../arm-none-eabi/lib/armv7-m/libc_nano.a(lib_a-nano-mallocr.o)
 .ARM.attributes
                0x000005b1       0x2d /usr/lib/gcc/arm-none-eabi/5.4.1/../../../arm-none-eabi/lib/armv7-m/libc_nano.a(lib_a-nano-reallocr.o)
 .ARM.attributes
                0x000005de       0x2d /usr/lib/gcc/arm-none-eabi/5.4.1/../../../arm-none-eabi/lib/armv7-m/libc_nano.a(lib_a-sbrkr.o)
 .ARM.attributes
                0x0000060b       0x2d /usr/lib/gcc/arm-none-eabi/5.4.1/../../../arm-none-eabi/lib/armv7-m/libc_nano.a(lib_a-nano-msizer.o)
 .ARM.attributes
                0x00000638       0x2d /usr/lib/gcc/arm-none-eabi/5.4.1/../../../arm-none-eabi/lib/armv7-m/libc_nano.a(lib_a-reent.o)
 .ARM.attributes
                0x00000665       0x2d /usr/lib/gcc/arm-none-eabi/5.4.1/../../../arm-none-eabi/lib/armv7-m/libnosys.a(sbrk.o)
 .ARM.attributes
                0x00000692       0x2d /usr/lib/gcc/arm-none-eabi/5.4.1/armv7-m/crtend.o
 .ARM.attributes
                0x000006bf       0x1d /usr/lib/gcc/arm-none-eabi/5.4.1/armv7-m/crtn.o
OUTPUT(build/ESP8266_F103RC.elf elf32-littlearm)

.comment        0x00000000       0x2b
 .comment       0x00000000       0x2b /usr/lib/gcc/arm-none-eabi/5.4.1/armv7-m/crtbegin.o
                                 0x2c (size before relaxing)
 .comment       0x0000002b       0x2c build/main.o
 .comment       0x0000002b       0x2c build/stm32f1xx_it.o
 .comment       0x0000002b       0x2c build/stm32f1xx_hal_msp.o
 .comment       0x0000002b       0x2c build/stm32f1xx_hal_timebase_TIM.o
 .comment       0x0000002b       0x2c build/stm32f1xx_hal_tim.o
 .comment       0x0000002b       0x2c build/stm32f1xx_hal_tim_ex.o
 .comment       0x0000002b       0x2c build/stm32f1xx_hal_uart.o
 .comment       0x0000002b       0x2c build/stm32f1xx_hal.o
 .comment       0x0000002b       0x2c build/stm32f1xx_hal_rcc.o
 .comment       0x0000002b       0x2c build/stm32f1xx_hal_gpio.o
 .comment       0x0000002b       0x2c build/stm32f1xx_hal_dma.o
 .comment       0x0000002b       0x2c build/stm32f1xx_hal_cortex.o
 .comment       0x0000002b       0x2c build/system_stm32f1xx.o
 .comment       0x0000002b       0x2c build/heap_4.o
 .comment       0x0000002b       0x2c build/port.o
 .comment       0x0000002b       0x2c build/list.o
 .comment       0x0000002b       0x2c build/tasks.o
 .comment       0x0000002b       0x2c build/cmsis_os.o
 .comment       0x0000002b       0x2c /usr/lib/gcc/arm-none-eabi/5.4.1/../../../arm-none-eabi/lib/armv7-m/libc_nano.a(lib_a-impure.o)
 .comment       0x0000002b       0x2c /usr/lib/gcc/arm-none-eabi/5.4.1/../../../arm-none-eabi/lib/armv7-m/libc_nano.a(lib_a-init.o)
 .comment       0x0000002b       0x2c /usr/lib/gcc/arm-none-eabi/5.4.1/../../../arm-none-eabi/lib/armv7-m/libc_nano.a(lib_a-sprintf.o)
 .comment       0x0000002b       0x2c /usr/lib/gcc/arm-none-eabi/5.4.1/../../../arm-none-eabi/lib/armv7-m/libc_nano.a(lib_a-nano-svfprintf.o)
 .comment       0x0000002b       0x2c /usr/lib/gcc/arm-none-eabi/5.4.1/../../../arm-none-eabi/lib/armv7-m/libc_nano.a(lib_a-nano-vfprintf_i.o)
 .comment       0x0000002b       0x2c /usr/lib/gcc/arm-none-eabi/5.4.1/../../../arm-none-eabi/lib/armv7-m/libc_nano.a(lib_a-memchr-stub.o)
 .comment       0x0000002b       0x2c /usr/lib/gcc/arm-none-eabi/5.4.1/../../../arm-none-eabi/lib/armv7-m/libc_nano.a(lib_a-memmove.o)
 .comment       0x0000002b       0x2c /usr/lib/gcc/arm-none-eabi/5.4.1/../../../arm-none-eabi/lib/armv7-m/libc_nano.a(lib_a-nano-freer.o)
 .comment       0x0000002b       0x2c /usr/lib/gcc/arm-none-eabi/5.4.1/../../../arm-none-eabi/lib/armv7-m/libc_nano.a(lib_a-nano-mallocr.o)
 .comment       0x0000002b       0x2c /usr/lib/gcc/arm-none-eabi/5.4.1/../../../arm-none-eabi/lib/armv7-m/libc_nano.a(lib_a-nano-reallocr.o)
 .comment       0x0000002b       0x2c /usr/lib/gcc/arm-none-eabi/5.4.1/../../../arm-none-eabi/lib/armv7-m/libc_nano.a(lib_a-sbrkr.o)
 .comment       0x0000002b       0x2c /usr/lib/gcc/arm-none-eabi/5.4.1/../../../arm-none-eabi/lib/armv7-m/libc_nano.a(lib_a-nano-msizer.o)
 .comment       0x0000002b       0x2c /usr/lib/gcc/arm-none-eabi/5.4.1/../../../arm-none-eabi/lib/armv7-m/libc_nano.a(lib_a-reent.o)
 .comment       0x0000002b       0x2c /usr/lib/gcc/arm-none-eabi/5.4.1/../../../arm-none-eabi/lib/armv7-m/libnosys.a(sbrk.o)
 .comment       0x0000002b       0x2c /usr/lib/gcc/arm-none-eabi/5.4.1/armv7-m/crtend.o

.debug_info     0x00000000    0x18491
 .debug_info    0x00000000     0x289a build/main.o
 .debug_info    0x0000289a      0xafa build/stm32f1xx_it.o
 .debug_info    0x00003394      0xd2e build/stm32f1xx_hal_msp.o
 .debug_info    0x000040c2      0xa3c build/stm32f1xx_hal_timebase_TIM.o
 .debug_info    0x00004afe     0x309c build/stm32f1xx_hal_tim.o
 .debug_info    0x00007b9a     0x137e build/stm32f1xx_hal_tim_ex.o
 .debug_info    0x00008f18     0x1779 build/stm32f1xx_hal_uart.o
 .debug_info    0x0000a691      0x83a build/stm32f1xx_hal.o
 .debug_info    0x0000aecb      0xa90 build/stm32f1xx_hal_rcc.o
 .debug_info    0x0000b95b      0x66e build/stm32f1xx_hal_gpio.o
 .debug_info    0x0000bfc9      0x834 build/stm32f1xx_hal_dma.o
 .debug_info    0x0000c7fd      0xd36 build/stm32f1xx_hal_cortex.o
 .debug_info    0x0000d533      0x437 build/system_stm32f1xx.o
 .debug_info    0x0000d96a      0x46f build/heap_4.o
 .debug_info    0x0000ddd9      0x506 build/port.o
 .debug_info    0x0000e2df      0x2d0 build/list.o
 .debug_info    0x0000e5af     0x224f build/tasks.o
 .debug_info    0x000107fe     0x1c86 build/cmsis_os.o
 .debug_info    0x00012484       0x67 build/startup_stm32f103xe.o
 .debug_info    0x000124eb      0x7da /usr/lib/gcc/arm-none-eabi/5.4.1/../../../arm-none-eabi/lib/armv7-m/libc_nano.a(lib_a-impure.o)
 .debug_info    0x00012cc5      0x110 /usr/lib/gcc/arm-none-eabi/5.4.1/../../../arm-none-eabi/lib/armv7-m/libc_nano.a(lib_a-init.o)
 .debug_info    0x00012dd5       0xc7 /usr/lib/gcc/arm-none-eabi/5.4.1/../../../arm-none-eabi/lib/armv7-m/libc_nano.a(lib_a-memcpy.o)
 .debug_info    0x00012e9c      0x88c /usr/lib/gcc/arm-none-eabi/5.4.1/../../../arm-none-eabi/lib/armv7-m/libc_nano.a(lib_a-sprintf.o)
 .debug_info    0x00013728      0xd37 /usr/lib/gcc/arm-none-eabi/5.4.1/../../../arm-none-eabi/lib/armv7-m/libc_nano.a(lib_a-nano-svfprintf.o)
 .debug_info    0x0001445f      0xb3b /usr/lib/gcc/arm-none-eabi/5.4.1/../../../arm-none-eabi/lib/armv7-m/libc_nano.a(lib_a-nano-vfprintf_i.o)
 .debug_info    0x00014f9a      0x132 /usr/lib/gcc/arm-none-eabi/5.4.1/../../../arm-none-eabi/lib/armv7-m/libc_nano.a(lib_a-memchr-stub.o)
 .debug_info    0x000150cc      0x138 /usr/lib/gcc/arm-none-eabi/5.4.1/../../../arm-none-eabi/lib/armv7-m/libc_nano.a(lib_a-memmove.o)
 .debug_info    0x00015204      0x825 /usr/lib/gcc/arm-none-eabi/5.4.1/../../../arm-none-eabi/lib/armv7-m/libc_nano.a(lib_a-nano-freer.o)
 .debug_info    0x00015a29      0x8ec /usr/lib/gcc/arm-none-eabi/5.4.1/../../../arm-none-eabi/lib/armv7-m/libc_nano.a(lib_a-nano-mallocr.o)
 .debug_info    0x00016315      0x882 /usr/lib/gcc/arm-none-eabi/5.4.1/../../../arm-none-eabi/lib/armv7-m/libc_nano.a(lib_a-nano-reallocr.o)
 .debug_info    0x00016b97      0x7a1 /usr/lib/gcc/arm-none-eabi/5.4.1/../../../arm-none-eabi/lib/armv7-m/libc_nano.a(lib_a-sbrkr.o)
 .debug_info    0x00017338      0x7c0 /usr/lib/gcc/arm-none-eabi/5.4.1/../../../arm-none-eabi/lib/armv7-m/libc_nano.a(lib_a-nano-msizer.o)
 .debug_info    0x00017af8      0x8fc /usr/lib/gcc/arm-none-eabi/5.4.1/../../../arm-none-eabi/lib/armv7-m/libc_nano.a(lib_a-reent.o)
 .debug_info    0x000183f4       0x9d /usr/lib/gcc/arm-none-eabi/5.4.1/../../../arm-none-eabi/lib/armv7-m/libnosys.a(sbrk.o)

.debug_abbrev   0x00000000     0x3d79
 .debug_abbrev  0x00000000      0x331 build/main.o
 .debug_abbrev  0x00000331      0x216 build/stm32f1xx_it.o
 .debug_abbrev  0x00000547      0x1bd build/stm32f1xx_hal_msp.o
 .debug_abbrev  0x00000704      0x1d4 build/stm32f1xx_hal_timebase_TIM.o
 .debug_abbrev  0x000008d8      0x278 build/stm32f1xx_hal_tim.o
 .debug_abbrev  0x00000b50      0x251 build/stm32f1xx_hal_tim_ex.o
 .debug_abbrev  0x00000da1      0x281 build/stm32f1xx_hal_uart.o
 .debug_abbrev  0x00001022      0x20f build/stm32f1xx_hal.o
 .debug_abbrev  0x00001231      0x28e build/stm32f1xx_hal_rcc.o
 .debug_abbrev  0x000014bf      0x202 build/stm32f1xx_hal_gpio.o
 .debug_abbrev  0x000016c1      0x239 build/stm32f1xx_hal_dma.o
 .debug_abbrev  0x000018fa      0x2ee build/stm32f1xx_hal_cortex.o
 .debug_abbrev  0x00001be8      0x124 build/system_stm32f1xx.o
 .debug_abbrev  0x00001d0c      0x216 build/heap_4.o
 .debug_abbrev  0x00001f22      0x26e build/port.o
 .debug_abbrev  0x00002190       0xf8 build/list.o
 .debug_abbrev  0x00002288      0x358 build/tasks.o
 .debug_abbrev  0x000025e0      0x31b build/cmsis_os.o
 .debug_abbrev  0x000028fb       0x12 build/startup_stm32f103xe.o
 .debug_abbrev  0x0000290d      0x136 /usr/lib/gcc/arm-none-eabi/5.4.1/../../../arm-none-eabi/lib/armv7-m/libc_nano.a(lib_a-impure.o)
 .debug_abbrev  0x00002a43       0xba /usr/lib/gcc/arm-none-eabi/5.4.1/../../../arm-none-eabi/lib/armv7-m/libc_nano.a(lib_a-init.o)
 .debug_abbrev  0x00002afd       0x14 /usr/lib/gcc/arm-none-eabi/5.4.1/../../../arm-none-eabi/lib/armv7-m/libc_nano.a(lib_a-memcpy.o)
 .debug_abbrev  0x00002b11      0x1c0 /usr/lib/gcc/arm-none-eabi/5.4.1/../../../arm-none-eabi/lib/armv7-m/libc_nano.a(lib_a-sprintf.o)
 .debug_abbrev  0x00002cd1      0x25f /usr/lib/gcc/arm-none-eabi/5.4.1/../../../arm-none-eabi/lib/armv7-m/libc_nano.a(lib_a-nano-svfprintf.o)
 .debug_abbrev  0x00002f30      0x1f5 /usr/lib/gcc/arm-none-eabi/5.4.1/../../../arm-none-eabi/lib/armv7-m/libc_nano.a(lib_a-nano-vfprintf_i.o)
 .debug_abbrev  0x00003125       0xab /usr/lib/gcc/arm-none-eabi/5.4.1/../../../arm-none-eabi/lib/armv7-m/libc_nano.a(lib_a-memchr-stub.o)
 .debug_abbrev  0x000031d0       0xab /usr/lib/gcc/arm-none-eabi/5.4.1/../../../arm-none-eabi/lib/armv7-m/libc_nano.a(lib_a-memmove.o)
 .debug_abbrev  0x0000327b      0x1b8 /usr/lib/gcc/arm-none-eabi/5.4.1/../../../arm-none-eabi/lib/armv7-m/libc_nano.a(lib_a-nano-freer.o)
 .debug_abbrev  0x00003433      0x22e /usr/lib/gcc/arm-none-eabi/5.4.1/../../../arm-none-eabi/lib/armv7-m/libc_nano.a(lib_a-nano-mallocr.o)
 .debug_abbrev  0x00003661      0x1a2 /usr/lib/gcc/arm-none-eabi/5.4.1/../../../arm-none-eabi/lib/armv7-m/libc_nano.a(lib_a-nano-reallocr.o)
 .debug_abbrev  0x00003803      0x1a0 /usr/lib/gcc/arm-none-eabi/5.4.1/../../../arm-none-eabi/lib/armv7-m/libc_nano.a(lib_a-sbrkr.o)
 .debug_abbrev  0x000039a3      0x161 /usr/lib/gcc/arm-none-eabi/5.4.1/../../../arm-none-eabi/lib/armv7-m/libc_nano.a(lib_a-nano-msizer.o)
 .debug_abbrev  0x00003b04      0x1f2 /usr/lib/gcc/arm-none-eabi/5.4.1/../../../arm-none-eabi/lib/armv7-m/libc_nano.a(lib_a-reent.o)
 .debug_abbrev  0x00003cf6       0x83 /usr/lib/gcc/arm-none-eabi/5.4.1/../../../arm-none-eabi/lib/armv7-m/libnosys.a(sbrk.o)

.debug_loc      0x00000000     0xd318
 .debug_loc     0x00000000      0x316 build/main.o
 .debug_loc     0x00000316      0x152 build/stm32f1xx_it.o
 .debug_loc     0x00000468      0x135 build/stm32f1xx_hal_msp.o
 .debug_loc     0x0000059d       0xb1 build/stm32f1xx_hal_timebase_TIM.o
 .debug_loc     0x0000064e     0x3cc6 build/stm32f1xx_hal_tim.o
 .debug_loc     0x00004314     0x11d2 build/stm32f1xx_hal_tim_ex.o
 .debug_loc     0x000054e6     0x17b0 build/stm32f1xx_hal_uart.o
 .debug_loc     0x00006c96      0x1a8 build/stm32f1xx_hal.o
 .debug_loc     0x00006e3e      0x6e5 build/stm32f1xx_hal_rcc.o
 .debug_loc     0x00007523      0x410 build/stm32f1xx_hal_gpio.o
 .debug_loc     0x00007933      0x7a2 build/stm32f1xx_hal_dma.o
 .debug_loc     0x000080d5      0x59f build/stm32f1xx_hal_cortex.o
 .debug_loc     0x00008674       0xdf build/system_stm32f1xx.o
 .debug_loc     0x00008753      0x32f build/heap_4.o
 .debug_loc     0x00008a82      0x11a build/port.o
 .debug_loc     0x00008b9c       0x91 build/list.o
 .debug_loc     0x00008c2d     0x16d3 build/tasks.o
 .debug_loc     0x0000a300     0x15f0 build/cmsis_os.o
 .debug_loc     0x0000b8f0       0xae /usr/lib/gcc/arm-none-eabi/5.4.1/../../../arm-none-eabi/lib/armv7-m/libc_nano.a(lib_a-init.o)
 .debug_loc     0x0000b99e       0x86 /usr/lib/gcc/arm-none-eabi/5.4.1/../../../arm-none-eabi/lib/armv7-m/libc_nano.a(lib_a-sprintf.o)
 .debug_loc     0x0000ba24      0x624 /usr/lib/gcc/arm-none-eabi/5.4.1/../../../arm-none-eabi/lib/armv7-m/libc_nano.a(lib_a-nano-svfprintf.o)
 .debug_loc     0x0000c048      0x692 /usr/lib/gcc/arm-none-eabi/5.4.1/../../../arm-none-eabi/lib/armv7-m/libc_nano.a(lib_a-nano-vfprintf_i.o)
 .debug_loc     0x0000c6da      0x1ba /usr/lib/gcc/arm-none-eabi/5.4.1/../../../arm-none-eabi/lib/armv7-m/libc_nano.a(lib_a-memchr-stub.o)
 .debug_loc     0x0000c894      0x2aa /usr/lib/gcc/arm-none-eabi/5.4.1/../../../arm-none-eabi/lib/armv7-m/libc_nano.a(lib_a-memmove.o)
 .debug_loc     0x0000cb3e      0x135 /usr/lib/gcc/arm-none-eabi/5.4.1/../../../arm-none-eabi/lib/armv7-m/libc_nano.a(lib_a-nano-freer.o)
 .debug_loc     0x0000cc73      0x378 /usr/lib/gcc/arm-none-eabi/5.4.1/../../../arm-none-eabi/lib/armv7-m/libc_nano.a(lib_a-nano-mallocr.o)
 .debug_loc     0x0000cfeb      0x11e /usr/lib/gcc/arm-none-eabi/5.4.1/../../../arm-none-eabi/lib/armv7-m/libc_nano.a(lib_a-nano-reallocr.o)
 .debug_loc     0x0000d109       0x4d /usr/lib/gcc/arm-none-eabi/5.4.1/../../../arm-none-eabi/lib/armv7-m/libc_nano.a(lib_a-sbrkr.o)
 .debug_loc     0x0000d156       0xb5 /usr/lib/gcc/arm-none-eabi/5.4.1/../../../arm-none-eabi/lib/armv7-m/libc_nano.a(lib_a-nano-msizer.o)
 .debug_loc     0x0000d20b       0xec /usr/lib/gcc/arm-none-eabi/5.4.1/../../../arm-none-eabi/lib/armv7-m/libc_nano.a(lib_a-reent.o)
 .debug_loc     0x0000d2f7       0x21 /usr/lib/gcc/arm-none-eabi/5.4.1/../../../arm-none-eabi/lib/armv7-m/libnosys.a(sbrk.o)

.debug_aranges  0x00000000     0x1158
 .debug_aranges
                0x00000000       0xa8 build/main.o
 .debug_aranges
                0x000000a8       0x80 build/stm32f1xx_it.o
 .debug_aranges
                0x00000128       0x30 build/stm32f1xx_hal_msp.o
 .debug_aranges
                0x00000158       0x30 build/stm32f1xx_hal_timebase_TIM.o
 .debug_aranges
                0x00000188      0x368 build/stm32f1xx_hal_tim.o
 .debug_aranges
                0x000004f0      0x138 build/stm32f1xx_hal_tim_ex.o
 .debug_aranges
                0x00000628      0x1d0 build/stm32f1xx_hal_uart.o
 .debug_aranges
                0x000007f8       0xd0 build/stm32f1xx_hal.o
 .debug_aranges
                0x000008c8       0x90 build/stm32f1xx_hal_rcc.o
 .debug_aranges
                0x00000958       0x58 build/stm32f1xx_hal_gpio.o
 .debug_aranges
                0x000009b0       0x80 build/stm32f1xx_hal_dma.o
 .debug_aranges
                0x00000a30       0x90 build/stm32f1xx_hal_cortex.o
 .debug_aranges
                0x00000ac0       0x28 build/system_stm32f1xx.o
 .debug_aranges
                0x00000ae8       0x50 build/heap_4.o
 .debug_aranges
                0x00000b38       0x78 build/port.o
 .debug_aranges
                0x00000bb0       0x40 build/list.o
 .debug_aranges
                0x00000bf0      0x190 build/tasks.o
 .debug_aranges
                0x00000d80      0x1d8 build/cmsis_os.o
 .debug_aranges
                0x00000f58       0x28 build/startup_stm32f103xe.o
 .debug_aranges
                0x00000f80       0x18 /usr/lib/gcc/arm-none-eabi/5.4.1/../../../arm-none-eabi/lib/armv7-m/libc_nano.a(lib_a-impure.o)
 .debug_aranges
                0x00000f98       0x20 /usr/lib/gcc/arm-none-eabi/5.4.1/../../../arm-none-eabi/lib/armv7-m/libc_nano.a(lib_a-init.o)
 .debug_aranges
                0x00000fb8       0x20 /usr/lib/gcc/arm-none-eabi/5.4.1/../../../arm-none-eabi/lib/armv7-m/libc_nano.a(lib_a-memcpy.o)
 .debug_aranges
                0x00000fd8       0x20 /usr/lib/gcc/arm-none-eabi/5.4.1/../../../arm-none-eabi/lib/armv7-m/libc_nano.a(lib_a-sprintf.o)
 .debug_aranges
                0x00000ff8       0x20 /usr/lib/gcc/arm-none-eabi/5.4.1/../../../arm-none-eabi/lib/armv7-m/libc_nano.a(lib_a-nano-svfprintf.o)
 .debug_aranges
                0x00001018       0x20 /usr/lib/gcc/arm-none-eabi/5.4.1/../../../arm-none-eabi/lib/armv7-m/libc_nano.a(lib_a-nano-vfprintf_i.o)
 .debug_aranges
                0x00001038       0x20 /usr/lib/gcc/arm-none-eabi/5.4.1/../../../arm-none-eabi/lib/armv7-m/libc_nano.a(lib_a-memchr-stub.o)
 .debug_aranges
                0x00001058       0x20 /usr/lib/gcc/arm-none-eabi/5.4.1/../../../arm-none-eabi/lib/armv7-m/libc_nano.a(lib_a-memmove.o)
 .debug_aranges
                0x00001078       0x20 /usr/lib/gcc/arm-none-eabi/5.4.1/../../../arm-none-eabi/lib/armv7-m/libc_nano.a(lib_a-nano-freer.o)
 .debug_aranges
                0x00001098       0x20 /usr/lib/gcc/arm-none-eabi/5.4.1/../../../arm-none-eabi/lib/armv7-m/libc_nano.a(lib_a-nano-mallocr.o)
 .debug_aranges
                0x000010b8       0x20 /usr/lib/gcc/arm-none-eabi/5.4.1/../../../arm-none-eabi/lib/armv7-m/libc_nano.a(lib_a-nano-reallocr.o)
 .debug_aranges
                0x000010d8       0x20 /usr/lib/gcc/arm-none-eabi/5.4.1/../../../arm-none-eabi/lib/armv7-m/libc_nano.a(lib_a-sbrkr.o)
 .debug_aranges
                0x000010f8       0x20 /usr/lib/gcc/arm-none-eabi/5.4.1/../../../arm-none-eabi/lib/armv7-m/libc_nano.a(lib_a-nano-msizer.o)
 .debug_aranges
                0x00001118       0x20 /usr/lib/gcc/arm-none-eabi/5.4.1/../../../arm-none-eabi/lib/armv7-m/libc_nano.a(lib_a-reent.o)
 .debug_aranges
                0x00001138       0x20 /usr/lib/gcc/arm-none-eabi/5.4.1/../../../arm-none-eabi/lib/armv7-m/libnosys.a(sbrk.o)

.debug_ranges   0x00000000      0xfd0
 .debug_ranges  0x00000000       0x98 build/main.o
 .debug_ranges  0x00000098       0x70 build/stm32f1xx_it.o
 .debug_ranges  0x00000108       0x20 build/stm32f1xx_hal_msp.o
 .debug_ranges  0x00000128       0x20 build/stm32f1xx_hal_timebase_TIM.o
 .debug_ranges  0x00000148      0x358 build/stm32f1xx_hal_tim.o
 .debug_ranges  0x000004a0      0x128 build/stm32f1xx_hal_tim_ex.o
 .debug_ranges  0x000005c8      0x1c0 build/stm32f1xx_hal_uart.o
 .debug_ranges  0x00000788       0xc0 build/stm32f1xx_hal.o
 .debug_ranges  0x00000848       0x98 build/stm32f1xx_hal_rcc.o
 .debug_ranges  0x000008e0       0x48 build/stm32f1xx_hal_gpio.o
 .debug_ranges  0x00000928       0x70 build/stm32f1xx_hal_dma.o
 .debug_ranges  0x00000998       0x80 build/stm32f1xx_hal_cortex.o
 .debug_ranges  0x00000a18       0x18 build/system_stm32f1xx.o
 .debug_ranges  0x00000a30       0x40 build/heap_4.o
 .debug_ranges  0x00000a70       0x68 build/port.o
 .debug_ranges  0x00000ad8       0x30 build/list.o
 .debug_ranges  0x00000b08      0x1b8 build/tasks.o
 .debug_ranges  0x00000cc0      0x1c8 build/cmsis_os.o
 .debug_ranges  0x00000e88       0x20 build/startup_stm32f103xe.o
 .debug_ranges  0x00000ea8       0x38 /usr/lib/gcc/arm-none-eabi/5.4.1/../../../arm-none-eabi/lib/armv7-m/libc_nano.a(lib_a-nano-svfprintf.o)
 .debug_ranges  0x00000ee0       0xb0 /usr/lib/gcc/arm-none-eabi/5.4.1/../../../arm-none-eabi/lib/armv7-m/libc_nano.a(lib_a-nano-vfprintf_i.o)
 .debug_ranges  0x00000f90       0x40 /usr/lib/gcc/arm-none-eabi/5.4.1/../../../arm-none-eabi/lib/armv7-m/libc_nano.a(lib_a-nano-mallocr.o)

.debug_line     0x00000000     0x715d
 .debug_line    0x00000000      0x4f3 build/main.o
 .debug_line    0x000004f3      0x29c build/stm32f1xx_it.o
 .debug_line    0x0000078f      0x203 build/stm32f1xx_hal_msp.o
 .debug_line    0x00000992      0x1cd build/stm32f1xx_hal_timebase_TIM.o
 .debug_line    0x00000b5f     0x114f build/stm32f1xx_hal_tim.o
 .debug_line    0x00001cae      0x6f5 build/stm32f1xx_hal_tim_ex.o
 .debug_line    0x000023a3      0xa2c build/stm32f1xx_hal_uart.o
 .debug_line    0x00002dcf      0x331 build/stm32f1xx_hal.o
 .debug_line    0x00003100      0x4b0 build/stm32f1xx_hal_rcc.o
 .debug_line    0x000035b0      0x302 build/stm32f1xx_hal_gpio.o
 .debug_line    0x000038b2      0x72f build/stm32f1xx_hal_dma.o
 .debug_line    0x00003fe1      0x2b4 build/stm32f1xx_hal_cortex.o
 .debug_line    0x00004295      0x13c build/system_stm32f1xx.o
 .debug_line    0x000043d1      0x28b build/heap_4.o
 .debug_line    0x0000465c      0x26f build/port.o
 .debug_line    0x000048cb      0x1a7 build/list.o
 .debug_line    0x00004a72      0xa05 build/tasks.o
 .debug_line    0x00005477      0x7a5 build/cmsis_os.o
 .debug_line    0x00005c1c       0x72 build/startup_stm32f103xe.o
 .debug_line    0x00005c8e       0xe6 /usr/lib/gcc/arm-none-eabi/5.4.1/../../../arm-none-eabi/lib/armv7-m/libc_nano.a(lib_a-impure.o)
 .debug_line    0x00005d74       0xb6 /usr/lib/gcc/arm-none-eabi/5.4.1/../../../arm-none-eabi/lib/armv7-m/libc_nano.a(lib_a-init.o)
 .debug_line    0x00005e2a       0xbb /usr/lib/gcc/arm-none-eabi/5.4.1/../../../arm-none-eabi/lib/armv7-m/libc_nano.a(lib_a-memcpy.o)
 .debug_line    0x00005ee5      0x195 /usr/lib/gcc/arm-none-eabi/5.4.1/../../../arm-none-eabi/lib/armv7-m/libc_nano.a(lib_a-sprintf.o)
 .debug_line    0x0000607a      0x31d /usr/lib/gcc/arm-none-eabi/5.4.1/../../../arm-none-eabi/lib/armv7-m/libc_nano.a(lib_a-nano-svfprintf.o)
 .debug_line    0x00006397      0x32d /usr/lib/gcc/arm-none-eabi/5.4.1/../../../arm-none-eabi/lib/armv7-m/libc_nano.a(lib_a-nano-vfprintf_i.o)
 .debug_line    0x000066c4      0x121 /usr/lib/gcc/arm-none-eabi/5.4.1/../../../arm-none-eabi/lib/armv7-m/libc_nano.a(lib_a-memchr-stub.o)
 .debug_line    0x000067e5      0x11d /usr/lib/gcc/arm-none-eabi/5.4.1/../../../arm-none-eabi/lib/armv7-m/libc_nano.a(lib_a-memmove.o)
 .debug_line    0x00006902      0x14b /usr/lib/gcc/arm-none-eabi/5.4.1/../../../arm-none-eabi/lib/armv7-m/libc_nano.a(lib_a-nano-freer.o)
 .debug_line    0x00006a4d      0x194 /usr/lib/gcc/arm-none-eabi/5.4.1/../../../arm-none-eabi/lib/armv7-m/libc_nano.a(lib_a-nano-mallocr.o)
 .debug_line    0x00006be1      0x15e /usr/lib/gcc/arm-none-eabi/5.4.1/../../../arm-none-eabi/lib/armv7-m/libc_nano.a(lib_a-nano-reallocr.o)
 .debug_line    0x00006d3f      0x14b /usr/lib/gcc/arm-none-eabi/5.4.1/../../../arm-none-eabi/lib/armv7-m/libc_nano.a(lib_a-sbrkr.o)
 .debug_line    0x00006e8a      0x102 /usr/lib/gcc/arm-none-eabi/5.4.1/../../../arm-none-eabi/lib/armv7-m/libc_nano.a(lib_a-nano-msizer.o)
 .debug_line    0x00006f8c      0x179 /usr/lib/gcc/arm-none-eabi/5.4.1/../../../arm-none-eabi/lib/armv7-m/libc_nano.a(lib_a-reent.o)
 .debug_line    0x00007105       0x58 /usr/lib/gcc/arm-none-eabi/5.4.1/../../../arm-none-eabi/lib/armv7-m/libnosys.a(sbrk.o)

.debug_str      0x00000000     0x5b2a
 .debug_str     0x00000000     0x13ea build/main.o
                               0x14ba (size before relaxing)
 .debug_str     0x000013ea      0x162 build/stm32f1xx_it.o
                                0x8b4 (size before relaxing)
 .debug_str     0x0000154c       0xab build/stm32f1xx_hal_msp.o
                                0xa8d (size before relaxing)
 .debug_str     0x000015f7      0x101 build/stm32f1xx_hal_timebase_TIM.o
                                0xac0 (size before relaxing)
 .debug_str     0x000016f8      0xd0d build/stm32f1xx_hal_tim.o
                               0x1317 (size before relaxing)
 .debug_str     0x00002405      0x4ee build/stm32f1xx_hal_tim_ex.o
                                0xbb9 (size before relaxing)
 .debug_str     0x000028f3      0x4e7 build/stm32f1xx_hal_uart.o
                                0xb42 (size before relaxing)
 .debug_str     0x00002dda      0x246 build/stm32f1xx_hal.o
                                0x8c1 (size before relaxing)
 .debug_str     0x00003020      0x19e build/stm32f1xx_hal_rcc.o
                                0x5fd (size before relaxing)
 .debug_str     0x000031be      0x112 build/stm32f1xx_hal_gpio.o
                                0x3e8 (size before relaxing)
 .debug_str     0x000032d0      0x1d8 build/stm32f1xx_hal_dma.o
                                0x5df (size before relaxing)
 .debug_str     0x000034a8      0x25a build/stm32f1xx_hal_cortex.o
                                0x971 (size before relaxing)
 .debug_str     0x00003702       0x4a build/system_stm32f1xx.o
                                0x28f (size before relaxing)
 .debug_str     0x0000374c      0x23e build/heap_4.o
                                0x39c (size before relaxing)
 .debug_str     0x0000398a      0x277 build/port.o
                                0x408 (size before relaxing)
 .debug_str     0x00003c01      0x141 build/list.o
                                0x2b3 (size before relaxing)
 .debug_str     0x00003d42      0x9cd build/tasks.o
                                0xdae (size before relaxing)
 .debug_str     0x0000470f      0x7af build/cmsis_os.o
                                0xd70 (size before relaxing)
 .debug_str     0x00004ebe      0x44c /usr/lib/gcc/arm-none-eabi/5.4.1/../../../arm-none-eabi/lib/armv7-m/libc_nano.a(lib_a-impure.o)
                                0x53a (size before relaxing)
 .debug_str     0x0000530a       0xed /usr/lib/gcc/arm-none-eabi/5.4.1/../../../arm-none-eabi/lib/armv7-m/libc_nano.a(lib_a-init.o)
                                0x1f1 (size before relaxing)
 .debug_str     0x000053f7       0xc2 /usr/lib/gcc/arm-none-eabi/5.4.1/../../../arm-none-eabi/lib/armv7-m/libc_nano.a(lib_a-sprintf.o)
                                0x528 (size before relaxing)
 .debug_str     0x000054b9      0x1af /usr/lib/gcc/arm-none-eabi/5.4.1/../../../arm-none-eabi/lib/armv7-m/libc_nano.a(lib_a-nano-svfprintf.o)
                                0x660 (size before relaxing)
 .debug_str     0x00005668       0x8e /usr/lib/gcc/arm-none-eabi/5.4.1/../../../arm-none-eabi/lib/armv7-m/libc_nano.a(lib_a-nano-vfprintf_i.o)
                                0x5ff (size before relaxing)
 .debug_str     0x000056f6       0xb9 /usr/lib/gcc/arm-none-eabi/5.4.1/../../../arm-none-eabi/lib/armv7-m/libc_nano.a(lib_a-memchr-stub.o)
                                0x1be (size before relaxing)
 .debug_str     0x000057af       0xaf /usr/lib/gcc/arm-none-eabi/5.4.1/../../../arm-none-eabi/lib/armv7-m/libc_nano.a(lib_a-memmove.o)
                                0x1c5 (size before relaxing)
 .debug_str     0x0000585e       0xef /usr/lib/gcc/arm-none-eabi/5.4.1/../../../arm-none-eabi/lib/armv7-m/libc_nano.a(lib_a-nano-freer.o)
                                0x553 (size before relaxing)
 .debug_str     0x0000594d       0x46 /usr/lib/gcc/arm-none-eabi/5.4.1/../../../arm-none-eabi/lib/armv7-m/libc_nano.a(lib_a-nano-mallocr.o)
                                0x57e (size before relaxing)
 .debug_str     0x00005993       0x23 /usr/lib/gcc/arm-none-eabi/5.4.1/../../../arm-none-eabi/lib/armv7-m/libc_nano.a(lib_a-nano-reallocr.o)
                                0x55b (size before relaxing)
 .debug_str     0x000059b6       0x41 /usr/lib/gcc/arm-none-eabi/5.4.1/../../../arm-none-eabi/lib/armv7-m/libc_nano.a(lib_a-sbrkr.o)
                                0x4f2 (size before relaxing)
 .debug_str     0x000059f7        0xf /usr/lib/gcc/arm-none-eabi/5.4.1/../../../arm-none-eabi/lib/armv7-m/libc_nano.a(lib_a-nano-msizer.o)
                                0x539 (size before relaxing)
 .debug_str     0x00005a06       0x58 /usr/lib/gcc/arm-none-eabi/5.4.1/../../../arm-none-eabi/lib/armv7-m/libc_nano.a(lib_a-reent.o)
                                0x51a (size before relaxing)
 .debug_str     0x00005a5e       0xcc /usr/lib/gcc/arm-none-eabi/5.4.1/../../../arm-none-eabi/lib/armv7-m/libnosys.a(sbrk.o)
                                 0xe5 (size before relaxing)

.debug_frame    0x00000000     0x308c
 .debug_frame   0x00000000      0x1e8 build/main.o
 .debug_frame   0x000001e8      0x13c build/stm32f1xx_it.o
 .debug_frame   0x00000324       0x74 build/stm32f1xx_hal_msp.o
 .debug_frame   0x00000398       0x4c build/stm32f1xx_hal_timebase_TIM.o
 .debug_frame   0x000003e4      0xb08 build/stm32f1xx_hal_tim.o
 .debug_frame   0x00000eec      0x420 build/stm32f1xx_hal_tim_ex.o
 .debug_frame   0x0000130c      0x574 build/stm32f1xx_hal_uart.o
 .debug_frame   0x00001880      0x1c0 build/stm32f1xx_hal.o
 .debug_frame   0x00001a40      0x190 build/stm32f1xx_hal_rcc.o
 .debug_frame   0x00001bd0       0xd4 build/stm32f1xx_hal_gpio.o
 .debug_frame   0x00001ca4      0x164 build/stm32f1xx_hal_dma.o
 .debug_frame   0x00001e08      0x134 build/stm32f1xx_hal_cortex.o
 .debug_frame   0x00001f3c       0x30 build/system_stm32f1xx.o
 .debug_frame   0x00001f6c       0xb8 build/heap_4.o
 .debug_frame   0x00002024       0xe8 build/port.o
 .debug_frame   0x0000210c       0x70 build/list.o
 .debug_frame   0x0000217c      0x57c build/tasks.o
 .debug_frame   0x000026f8      0x608 build/cmsis_os.o
 .debug_frame   0x00002d00       0x2c /usr/lib/gcc/arm-none-eabi/5.4.1/../../../arm-none-eabi/lib/armv7-m/libc_nano.a(lib_a-init.o)
 .debug_frame   0x00002d2c       0x84 /usr/lib/gcc/arm-none-eabi/5.4.1/../../../arm-none-eabi/lib/armv7-m/libc_nano.a(lib_a-sprintf.o)
 .debug_frame   0x00002db0       0x9c /usr/lib/gcc/arm-none-eabi/5.4.1/../../../arm-none-eabi/lib/armv7-m/libc_nano.a(lib_a-nano-svfprintf.o)
 .debug_frame   0x00002e4c       0x68 /usr/lib/gcc/arm-none-eabi/5.4.1/../../../arm-none-eabi/lib/armv7-m/libc_nano.a(lib_a-nano-vfprintf_i.o)
 .debug_frame   0x00002eb4       0x34 /usr/lib/gcc/arm-none-eabi/5.4.1/../../../arm-none-eabi/lib/armv7-m/libc_nano.a(lib_a-memchr-stub.o)
 .debug_frame   0x00002ee8       0x30 /usr/lib/gcc/arm-none-eabi/5.4.1/../../../arm-none-eabi/lib/armv7-m/libc_nano.a(lib_a-memmove.o)
 .debug_frame   0x00002f18       0x40 /usr/lib/gcc/arm-none-eabi/5.4.1/../../../arm-none-eabi/lib/armv7-m/libc_nano.a(lib_a-nano-freer.o)
 .debug_frame   0x00002f58       0x2c /usr/lib/gcc/arm-none-eabi/5.4.1/../../../arm-none-eabi/lib/armv7-m/libc_nano.a(lib_a-nano-mallocr.o)
 .debug_frame   0x00002f84       0x38 /usr/lib/gcc/arm-none-eabi/5.4.1/../../../arm-none-eabi/lib/armv7-m/libc_nano.a(lib_a-nano-reallocr.o)
 .debug_frame   0x00002fbc       0x2c /usr/lib/gcc/arm-none-eabi/5.4.1/../../../arm-none-eabi/lib/armv7-m/libc_nano.a(lib_a-sbrkr.o)
 .debug_frame   0x00002fe8       0x20 /usr/lib/gcc/arm-none-eabi/5.4.1/../../../arm-none-eabi/lib/armv7-m/libc_nano.a(lib_a-nano-msizer.o)
 .debug_frame   0x00003008       0x64 /usr/lib/gcc/arm-none-eabi/5.4.1/../../../arm-none-eabi/lib/armv7-m/libc_nano.a(lib_a-reent.o)
 .debug_frame   0x0000306c       0x20 /usr/lib/gcc/arm-none-eabi/5.4.1/../../../arm-none-eabi/lib/armv7-m/libnosys.a(sbrk.o)

Cross Reference Table

Symbol                                            File
ADC1_2_IRQHandler                                 build/startup_stm32f103xe.o
ADC3_IRQHandler                                   build/startup_stm32f103xe.o
AHBPrescTable                                     build/system_stm32f1xx.o
                                                  build/stm32f1xx_hal_rcc.o
APBPrescTable                                     build/system_stm32f1xx.o
                                                  build/stm32f1xx_hal_rcc.o
BusFault_Handler                                  build/stm32f1xx_it.o
CAN1_RX1_IRQHandler                               build/startup_stm32f103xe.o
CAN1_SCE_IRQHandler                               build/startup_stm32f103xe.o
DMA1_Channel1_IRQHandler                          build/startup_stm32f103xe.o
DMA1_Channel2_IRQHandler                          build/startup_stm32f103xe.o
DMA1_Channel3_IRQHandler                          build/startup_stm32f103xe.o
DMA1_Channel4_IRQHandler                          build/startup_stm32f103xe.o
DMA1_Channel5_IRQHandler                          build/stm32f1xx_it.o
DMA1_Channel6_IRQHandler                          build/stm32f1xx_it.o
DMA1_Channel7_IRQHandler                          build/startup_stm32f103xe.o
DMA2_Channel1_IRQHandler                          build/startup_stm32f103xe.o
DMA2_Channel2_IRQHandler                          build/startup_stm32f103xe.o
DMA2_Channel3_IRQHandler                          build/startup_stm32f103xe.o
DMA2_Channel4_5_IRQHandler                        build/startup_stm32f103xe.o
DebugMon_Handler                                  build/stm32f1xx_it.o
Default_Handler                                   build/startup_stm32f103xe.o
EXTI0_IRQHandler                                  build/startup_stm32f103xe.o
EXTI15_10_IRQHandler                              build/startup_stm32f103xe.o
EXTI1_IRQHandler                                  build/startup_stm32f103xe.o
EXTI2_IRQHandler                                  build/startup_stm32f103xe.o
EXTI3_IRQHandler                                  build/startup_stm32f103xe.o
EXTI4_IRQHandler                                  build/startup_stm32f103xe.o
EXTI9_5_IRQHandler                                build/startup_stm32f103xe.o
FLASH_IRQHandler                                  build/startup_stm32f103xe.o
FLASH_PageErase                                   build/stm32f1xx_hal_flash_ex.o
                                                  build/stm32f1xx_hal_flash.o
FLASH_WaitForLastOperation                        build/stm32f1xx_hal_flash.o
                                                  build/stm32f1xx_hal_flash_ex.o
FSMC_IRQHandler                                   build/startup_stm32f103xe.o
Func_Task0                                        build/main.o
Func_Task1                                        build/main.o
HAL_DBGMCU_DisableDBGSleepMode                    build/stm32f1xx_hal.o
HAL_DBGMCU_DisableDBGStandbyMode                  build/stm32f1xx_hal.o
HAL_DBGMCU_DisableDBGStopMode                     build/stm32f1xx_hal.o
HAL_DBGMCU_EnableDBGSleepMode                     build/stm32f1xx_hal.o
HAL_DBGMCU_EnableDBGStandbyMode                   build/stm32f1xx_hal.o
HAL_DBGMCU_EnableDBGStopMode                      build/stm32f1xx_hal.o
HAL_DMA_Abort                                     build/stm32f1xx_hal_dma.o
                                                  build/stm32f1xx_hal_uart.o
                                                  build/stm32f1xx_hal_tim.o
HAL_DMA_Abort_IT                                  build/stm32f1xx_hal_dma.o
                                                  build/stm32f1xx_hal_uart.o
HAL_DMA_DeInit                                    build/stm32f1xx_hal_dma.o
                                                  build/stm32f1xx_hal_msp.o
HAL_DMA_GetError                                  build/stm32f1xx_hal_dma.o
HAL_DMA_GetState                                  build/stm32f1xx_hal_dma.o
HAL_DMA_IRQHandler                                build/stm32f1xx_hal_dma.o
                                                  build/stm32f1xx_it.o
HAL_DMA_Init                                      build/stm32f1xx_hal_dma.o
                                                  build/stm32f1xx_hal_msp.o
HAL_DMA_PollForTransfer                           build/stm32f1xx_hal_dma.o
HAL_DMA_RegisterCallback                          build/stm32f1xx_hal_dma.o
HAL_DMA_Start                                     build/stm32f1xx_hal_dma.o
HAL_DMA_Start_IT                                  build/stm32f1xx_hal_dma.o
                                                  build/stm32f1xx_hal_uart.o
                                                  build/stm32f1xx_hal_tim_ex.o
                                                  build/stm32f1xx_hal_tim.o
HAL_DMA_UnRegisterCallback                        build/stm32f1xx_hal_dma.o
HAL_DeInit                                        build/stm32f1xx_hal.o
HAL_Delay                                         build/stm32f1xx_hal.o
HAL_FLASHEx_Erase                                 build/stm32f1xx_hal_flash_ex.o
HAL_FLASHEx_Erase_IT                              build/stm32f1xx_hal_flash_ex.o
HAL_FLASHEx_OBErase                               build/stm32f1xx_hal_flash_ex.o
HAL_FLASHEx_OBGetConfig                           build/stm32f1xx_hal_flash_ex.o
HAL_FLASHEx_OBGetUserData                         build/stm32f1xx_hal_flash_ex.o
HAL_FLASHEx_OBProgram                             build/stm32f1xx_hal_flash_ex.o
HAL_FLASH_EndOfOperationCallback                  build/stm32f1xx_hal_flash.o
HAL_FLASH_GetError                                build/stm32f1xx_hal_flash.o
HAL_FLASH_IRQHandler                              build/stm32f1xx_hal_flash.o
HAL_FLASH_Lock                                    build/stm32f1xx_hal_flash.o
HAL_FLASH_OB_Launch                               build/stm32f1xx_hal_flash.o
HAL_FLASH_OB_Lock                                 build/stm32f1xx_hal_flash.o
HAL_FLASH_OB_Unlock                               build/stm32f1xx_hal_flash.o
HAL_FLASH_OperationErrorCallback                  build/stm32f1xx_hal_flash.o
HAL_FLASH_Program                                 build/stm32f1xx_hal_flash.o
HAL_FLASH_Program_IT                              build/stm32f1xx_hal_flash.o
HAL_FLASH_Unlock                                  build/stm32f1xx_hal_flash.o
HAL_GPIOEx_ConfigEventout                         build/stm32f1xx_hal_gpio_ex.o
HAL_GPIOEx_DisableEventout                        build/stm32f1xx_hal_gpio_ex.o
HAL_GPIOEx_EnableEventout                         build/stm32f1xx_hal_gpio_ex.o
HAL_GPIO_DeInit                                   build/stm32f1xx_hal_gpio.o
                                                  build/stm32f1xx_hal_msp.o
HAL_GPIO_EXTI_Callback                            build/stm32f1xx_hal_gpio.o
HAL_GPIO_EXTI_IRQHandler                          build/stm32f1xx_hal_gpio.o
HAL_GPIO_Init                                     build/stm32f1xx_hal_gpio.o
                                                  build/stm32f1xx_hal_rcc.o
                                                  build/stm32f1xx_hal_msp.o
                                                  build/main.o
HAL_GPIO_LockPin                                  build/stm32f1xx_hal_gpio.o
HAL_GPIO_ReadPin                                  build/stm32f1xx_hal_gpio.o
HAL_GPIO_TogglePin                                build/stm32f1xx_hal_gpio.o
HAL_GPIO_WritePin                                 build/stm32f1xx_hal_gpio.o
                                                  build/main.o
HAL_GetDEVID                                      build/stm32f1xx_hal.o
HAL_GetHalVersion                                 build/stm32f1xx_hal.o
HAL_GetREVID                                      build/stm32f1xx_hal.o
HAL_GetTick                                       build/stm32f1xx_hal.o
                                                  build/stm32f1xx_hal_flash.o
                                                  build/stm32f1xx_hal_dma.o
                                                  build/stm32f1xx_hal_rcc_ex.o
                                                  build/stm32f1xx_hal_rcc.o
                                                  build/stm32f1xx_hal_uart.o
HAL_GetTickFreq                                   build/stm32f1xx_hal.o
HAL_GetTickPrio                                   build/stm32f1xx_hal.o
HAL_GetUID                                        build/stm32f1xx_hal.o
HAL_HalfDuplex_EnableReceiver                     build/stm32f1xx_hal_uart.o
HAL_HalfDuplex_EnableTransmitter                  build/stm32f1xx_hal_uart.o
HAL_HalfDuplex_Init                               build/stm32f1xx_hal_uart.o
HAL_IncTick                                       build/stm32f1xx_hal.o
                                                  build/main.o
HAL_Init                                          build/stm32f1xx_hal.o
                                                  build/main.o
HAL_InitTick                                      build/stm32f1xx_hal_timebase_TIM.o
                                                  build/stm32f1xx_hal_rcc.o
HAL_LIN_Init                                      build/stm32f1xx_hal_uart.o
HAL_LIN_SendBreak                                 build/stm32f1xx_hal_uart.o
HAL_MspDeInit                                     build/stm32f1xx_hal.o
HAL_MspInit                                       build/stm32f1xx_hal_msp.o
HAL_MultiProcessor_EnterMuteMode                  build/stm32f1xx_hal_uart.o
HAL_MultiProcessor_ExitMuteMode                   build/stm32f1xx_hal_uart.o
HAL_MultiProcessor_Init                           build/stm32f1xx_hal_uart.o
HAL_NVIC_ClearPendingIRQ                          build/stm32f1xx_hal_cortex.o
HAL_NVIC_DisableIRQ                               build/stm32f1xx_hal_cortex.o
                                                  build/stm32f1xx_hal_msp.o
HAL_NVIC_EnableIRQ                                build/stm32f1xx_hal_cortex.o
                                                  build/stm32f1xx_hal_timebase_TIM.o
                                                  build/main.o
HAL_NVIC_GetActive                                build/stm32f1xx_hal_cortex.o
HAL_NVIC_GetPendingIRQ                            build/stm32f1xx_hal_cortex.o
HAL_NVIC_GetPriority                              build/stm32f1xx_hal_cortex.o
HAL_NVIC_GetPriorityGrouping                      build/stm32f1xx_hal_cortex.o
HAL_NVIC_SetPendingIRQ                            build/stm32f1xx_hal_cortex.o
HAL_NVIC_SetPriority                              build/stm32f1xx_hal_cortex.o
                                                  build/stm32f1xx_hal.o
                                                  build/stm32f1xx_hal_timebase_TIM.o
                                                  build/stm32f1xx_hal_msp.o
                                                  build/main.o
HAL_NVIC_SetPriorityGrouping                      build/stm32f1xx_hal_cortex.o
                                                  build/stm32f1xx_hal.o
                                                  build/stm32f1xx_hal_msp.o
HAL_NVIC_SystemReset                              build/stm32f1xx_hal_cortex.o
                                                  build/stm32f1xx_hal_flash.o
HAL_PWR_ConfigPVD                                 build/stm32f1xx_hal_pwr.o
HAL_PWR_DeInit                                    build/stm32f1xx_hal_pwr.o
HAL_PWR_DisableBkUpAccess                         build/stm32f1xx_hal_pwr.o
HAL_PWR_DisablePVD                                build/stm32f1xx_hal_pwr.o
HAL_PWR_DisableSEVOnPend                          build/stm32f1xx_hal_pwr.o
HAL_PWR_DisableSleepOnExit                        build/stm32f1xx_hal_pwr.o
HAL_PWR_DisableWakeUpPin                          build/stm32f1xx_hal_pwr.o
HAL_PWR_EnableBkUpAccess                          build/stm32f1xx_hal_pwr.o
HAL_PWR_EnablePVD                                 build/stm32f1xx_hal_pwr.o
HAL_PWR_EnableSEVOnPend                           build/stm32f1xx_hal_pwr.o
HAL_PWR_EnableSleepOnExit                         build/stm32f1xx_hal_pwr.o
HAL_PWR_EnableWakeUpPin                           build/stm32f1xx_hal_pwr.o
HAL_PWR_EnterSLEEPMode                            build/stm32f1xx_hal_pwr.o
HAL_PWR_EnterSTANDBYMode                          build/stm32f1xx_hal_pwr.o
HAL_PWR_EnterSTOPMode                             build/stm32f1xx_hal_pwr.o
HAL_PWR_PVDCallback                               build/stm32f1xx_hal_pwr.o
HAL_PWR_PVD_IRQHandler                            build/stm32f1xx_hal_pwr.o
HAL_RCCEx_GetPeriphCLKConfig                      build/stm32f1xx_hal_rcc_ex.o
HAL_RCCEx_GetPeriphCLKFreq                        build/stm32f1xx_hal_rcc_ex.o
HAL_RCCEx_PeriphCLKConfig                         build/stm32f1xx_hal_rcc_ex.o
HAL_RCC_CSSCallback                               build/stm32f1xx_hal_rcc.o
HAL_RCC_ClockConfig                               build/stm32f1xx_hal_rcc.o
                                                  build/main.o
HAL_RCC_DeInit                                    build/stm32f1xx_hal_rcc.o
HAL_RCC_DisableCSS                                build/stm32f1xx_hal_rcc.o
HAL_RCC_EnableCSS                                 build/stm32f1xx_hal_rcc.o
HAL_RCC_GetClockConfig                            build/stm32f1xx_hal_rcc.o
                                                  build/stm32f1xx_hal_timebase_TIM.o
HAL_RCC_GetHCLKFreq                               build/stm32f1xx_hal_rcc.o
                                                  build/main.o
HAL_RCC_GetOscConfig                              build/stm32f1xx_hal_rcc.o
HAL_RCC_GetPCLK1Freq                              build/stm32f1xx_hal_rcc.o
                                                  build/stm32f1xx_hal_uart.o
                                                  build/stm32f1xx_hal_timebase_TIM.o
HAL_RCC_GetPCLK2Freq                              build/stm32f1xx_hal_rcc.o
                                                  build/stm32f1xx_hal_rcc_ex.o
                                                  build/stm32f1xx_hal_uart.o
HAL_RCC_GetSysClockFreq                           build/stm32f1xx_hal_rcc.o
                                                  build/stm32f1xx_hal_rcc_ex.o
HAL_RCC_MCOConfig                                 build/stm32f1xx_hal_rcc.o
HAL_RCC_NMI_IRQHandler                            build/stm32f1xx_hal_rcc.o
HAL_RCC_OscConfig                                 build/stm32f1xx_hal_rcc.o
                                                  build/main.o
HAL_ResumeTick                                    build/stm32f1xx_hal_timebase_TIM.o
HAL_SYSTICK_CLKSourceConfig                       build/stm32f1xx_hal_cortex.o
                                                  build/main.o
HAL_SYSTICK_Callback                              build/stm32f1xx_hal_cortex.o
HAL_SYSTICK_Config                                build/stm32f1xx_hal_cortex.o
                                                  build/stm32f1xx_hal.o
                                                  build/main.o
HAL_SYSTICK_IRQHandler                            build/stm32f1xx_hal_cortex.o
HAL_SetTickFreq                                   build/stm32f1xx_hal.o
HAL_SuspendTick                                   build/stm32f1xx_hal_timebase_TIM.o
HAL_TIMEx_BreakCallback                           build/stm32f1xx_hal_tim_ex.o
                                                  build/stm32f1xx_hal_tim.o
HAL_TIMEx_CommutationCallback                     build/stm32f1xx_hal_tim_ex.o
                                                  build/stm32f1xx_hal_tim.o
HAL_TIMEx_ConfigBreakDeadTime                     build/stm32f1xx_hal_tim_ex.o
HAL_TIMEx_ConfigCommutationEvent                  build/stm32f1xx_hal_tim_ex.o
HAL_TIMEx_ConfigCommutationEvent_DMA              build/stm32f1xx_hal_tim_ex.o
HAL_TIMEx_ConfigCommutationEvent_IT               build/stm32f1xx_hal_tim_ex.o
HAL_TIMEx_HallSensor_DeInit                       build/stm32f1xx_hal_tim_ex.o
HAL_TIMEx_HallSensor_GetState                     build/stm32f1xx_hal_tim_ex.o
HAL_TIMEx_HallSensor_Init                         build/stm32f1xx_hal_tim_ex.o
HAL_TIMEx_HallSensor_MspDeInit                    build/stm32f1xx_hal_tim_ex.o
HAL_TIMEx_HallSensor_MspInit                      build/stm32f1xx_hal_tim_ex.o
HAL_TIMEx_HallSensor_Start                        build/stm32f1xx_hal_tim_ex.o
HAL_TIMEx_HallSensor_Start_DMA                    build/stm32f1xx_hal_tim_ex.o
HAL_TIMEx_HallSensor_Start_IT                     build/stm32f1xx_hal_tim_ex.o
HAL_TIMEx_HallSensor_Stop                         build/stm32f1xx_hal_tim_ex.o
HAL_TIMEx_HallSensor_Stop_DMA                     build/stm32f1xx_hal_tim_ex.o
HAL_TIMEx_HallSensor_Stop_IT                      build/stm32f1xx_hal_tim_ex.o
HAL_TIMEx_MasterConfigSynchronization             build/stm32f1xx_hal_tim_ex.o
HAL_TIMEx_OCN_Start                               build/stm32f1xx_hal_tim_ex.o
HAL_TIMEx_OCN_Start_DMA                           build/stm32f1xx_hal_tim_ex.o
HAL_TIMEx_OCN_Start_IT                            build/stm32f1xx_hal_tim_ex.o
HAL_TIMEx_OCN_Stop                                build/stm32f1xx_hal_tim_ex.o
HAL_TIMEx_OCN_Stop_DMA                            build/stm32f1xx_hal_tim_ex.o
HAL_TIMEx_OCN_Stop_IT                             build/stm32f1xx_hal_tim_ex.o
HAL_TIMEx_OnePulseN_Start                         build/stm32f1xx_hal_tim_ex.o
HAL_TIMEx_OnePulseN_Start_IT                      build/stm32f1xx_hal_tim_ex.o
HAL_TIMEx_OnePulseN_Stop                          build/stm32f1xx_hal_tim_ex.o
HAL_TIMEx_OnePulseN_Stop_IT                       build/stm32f1xx_hal_tim_ex.o
HAL_TIMEx_PWMN_Start                              build/stm32f1xx_hal_tim_ex.o
HAL_TIMEx_PWMN_Start_DMA                          build/stm32f1xx_hal_tim_ex.o
HAL_TIMEx_PWMN_Start_IT                           build/stm32f1xx_hal_tim_ex.o
HAL_TIMEx_PWMN_Stop                               build/stm32f1xx_hal_tim_ex.o
HAL_TIMEx_PWMN_Stop_DMA                           build/stm32f1xx_hal_tim_ex.o
HAL_TIMEx_PWMN_Stop_IT                            build/stm32f1xx_hal_tim_ex.o
HAL_TIM_Base_DeInit                               build/stm32f1xx_hal_tim.o
HAL_TIM_Base_GetState                             build/stm32f1xx_hal_tim.o
HAL_TIM_Base_Init                                 build/stm32f1xx_hal_tim.o
                                                  build/stm32f1xx_hal_timebase_TIM.o
HAL_TIM_Base_MspDeInit                            build/stm32f1xx_hal_tim.o
HAL_TIM_Base_MspInit                              build/stm32f1xx_hal_tim.o
HAL_TIM_Base_Start                                build/stm32f1xx_hal_tim.o
HAL_TIM_Base_Start_DMA                            build/stm32f1xx_hal_tim.o
HAL_TIM_Base_Start_IT                             build/stm32f1xx_hal_tim.o
                                                  build/stm32f1xx_hal_timebase_TIM.o
HAL_TIM_Base_Stop                                 build/stm32f1xx_hal_tim.o
HAL_TIM_Base_Stop_DMA                             build/stm32f1xx_hal_tim.o
HAL_TIM_Base_Stop_IT                              build/stm32f1xx_hal_tim.o
HAL_TIM_ConfigClockSource                         build/stm32f1xx_hal_tim.o
HAL_TIM_ConfigOCrefClear                          build/stm32f1xx_hal_tim.o
HAL_TIM_ConfigTI1Input                            build/stm32f1xx_hal_tim.o
HAL_TIM_DMABurst_ReadStart                        build/stm32f1xx_hal_tim.o
HAL_TIM_DMABurst_ReadStop                         build/stm32f1xx_hal_tim.o
HAL_TIM_DMABurst_WriteStart                       build/stm32f1xx_hal_tim.o
HAL_TIM_DMABurst_WriteStop                        build/stm32f1xx_hal_tim.o
HAL_TIM_Encoder_DeInit                            build/stm32f1xx_hal_tim.o
HAL_TIM_Encoder_GetState                          build/stm32f1xx_hal_tim.o
HAL_TIM_Encoder_Init                              build/stm32f1xx_hal_tim.o
HAL_TIM_Encoder_MspDeInit                         build/stm32f1xx_hal_tim.o
HAL_TIM_Encoder_MspInit                           build/stm32f1xx_hal_tim.o
HAL_TIM_Encoder_Start                             build/stm32f1xx_hal_tim.o
HAL_TIM_Encoder_Start_DMA                         build/stm32f1xx_hal_tim.o
HAL_TIM_Encoder_Start_IT                          build/stm32f1xx_hal_tim.o
HAL_TIM_Encoder_Stop                              build/stm32f1xx_hal_tim.o
HAL_TIM_Encoder_Stop_DMA                          build/stm32f1xx_hal_tim.o
HAL_TIM_Encoder_Stop_IT                           build/stm32f1xx_hal_tim.o
HAL_TIM_ErrorCallback                             build/stm32f1xx_hal_tim.o
HAL_TIM_GenerateEvent                             build/stm32f1xx_hal_tim.o
HAL_TIM_IC_CaptureCallback                        build/stm32f1xx_hal_tim.o
HAL_TIM_IC_ConfigChannel                          build/stm32f1xx_hal_tim.o
HAL_TIM_IC_DeInit                                 build/stm32f1xx_hal_tim.o
HAL_TIM_IC_GetState                               build/stm32f1xx_hal_tim.o
HAL_TIM_IC_Init                                   build/stm32f1xx_hal_tim.o
HAL_TIM_IC_MspDeInit                              build/stm32f1xx_hal_tim.o
HAL_TIM_IC_MspInit                                build/stm32f1xx_hal_tim.o
HAL_TIM_IC_Start                                  build/stm32f1xx_hal_tim.o
HAL_TIM_IC_Start_DMA                              build/stm32f1xx_hal_tim.o
HAL_TIM_IC_Start_IT                               build/stm32f1xx_hal_tim.o
HAL_TIM_IC_Stop                                   build/stm32f1xx_hal_tim.o
HAL_TIM_IC_Stop_DMA                               build/stm32f1xx_hal_tim.o
HAL_TIM_IC_Stop_IT                                build/stm32f1xx_hal_tim.o
HAL_TIM_IRQHandler                                build/stm32f1xx_hal_tim.o
                                                  build/stm32f1xx_it.o
HAL_TIM_OC_ConfigChannel                          build/stm32f1xx_hal_tim.o
HAL_TIM_OC_DeInit                                 build/stm32f1xx_hal_tim.o
HAL_TIM_OC_DelayElapsedCallback                   build/stm32f1xx_hal_tim.o
HAL_TIM_OC_GetState                               build/stm32f1xx_hal_tim.o
HAL_TIM_OC_Init                                   build/stm32f1xx_hal_tim.o
HAL_TIM_OC_MspDeInit                              build/stm32f1xx_hal_tim.o
HAL_TIM_OC_MspInit                                build/stm32f1xx_hal_tim.o
HAL_TIM_OC_Start                                  build/stm32f1xx_hal_tim.o
HAL_TIM_OC_Start_DMA                              build/stm32f1xx_hal_tim.o
HAL_TIM_OC_Start_IT                               build/stm32f1xx_hal_tim.o
HAL_TIM_OC_Stop                                   build/stm32f1xx_hal_tim.o
HAL_TIM_OC_Stop_DMA                               build/stm32f1xx_hal_tim.o
HAL_TIM_OC_Stop_IT                                build/stm32f1xx_hal_tim.o
HAL_TIM_OnePulse_ConfigChannel                    build/stm32f1xx_hal_tim.o
HAL_TIM_OnePulse_DeInit                           build/stm32f1xx_hal_tim.o
HAL_TIM_OnePulse_GetState                         build/stm32f1xx_hal_tim.o
HAL_TIM_OnePulse_Init                             build/stm32f1xx_hal_tim.o
HAL_TIM_OnePulse_MspDeInit                        build/stm32f1xx_hal_tim.o
HAL_TIM_OnePulse_MspInit                          build/stm32f1xx_hal_tim.o
HAL_TIM_OnePulse_Start                            build/stm32f1xx_hal_tim.o
HAL_TIM_OnePulse_Start_IT                         build/stm32f1xx_hal_tim.o
HAL_TIM_OnePulse_Stop                             build/stm32f1xx_hal_tim.o
HAL_TIM_OnePulse_Stop_IT                          build/stm32f1xx_hal_tim.o
HAL_TIM_PWM_ConfigChannel                         build/stm32f1xx_hal_tim.o
HAL_TIM_PWM_DeInit                                build/stm32f1xx_hal_tim.o
HAL_TIM_PWM_GetState                              build/stm32f1xx_hal_tim.o
HAL_TIM_PWM_Init                                  build/stm32f1xx_hal_tim.o
HAL_TIM_PWM_MspDeInit                             build/stm32f1xx_hal_tim.o
HAL_TIM_PWM_MspInit                               build/stm32f1xx_hal_tim.o
HAL_TIM_PWM_PulseFinishedCallback                 build/stm32f1xx_hal_tim.o
HAL_TIM_PWM_Start                                 build/stm32f1xx_hal_tim.o
HAL_TIM_PWM_Start_DMA                             build/stm32f1xx_hal_tim.o
HAL_TIM_PWM_Start_IT                              build/stm32f1xx_hal_tim.o
HAL_TIM_PWM_Stop                                  build/stm32f1xx_hal_tim.o
HAL_TIM_PWM_Stop_DMA                              build/stm32f1xx_hal_tim.o
HAL_TIM_PWM_Stop_IT                               build/stm32f1xx_hal_tim.o