Archive member included to satisfy reference by file (symbol)

/home/user/Library/gcc-arm-none-eabi-5_4-2016q3/bin/../lib/gcc/arm-none-eabi/5.4.1/../../../../arm-none-eabi/lib/armv7-m/libc_nano.a(lib_a-exit.o)
                              /home/user/Library/gcc-arm-none-eabi-5_4-2016q3/bin/../lib/gcc/arm-none-eabi/5.4.1/../../../../arm-none-eabi/lib/armv7-m/crt0.o (exit)
/home/user/Library/gcc-arm-none-eabi-5_4-2016q3/bin/../lib/gcc/arm-none-eabi/5.4.1/../../../../arm-none-eabi/lib/armv7-m/libc_nano.a(lib_a-impure.o)
                              /home/user/Library/gcc-arm-none-eabi-5_4-2016q3/bin/../lib/gcc/arm-none-eabi/5.4.1/../../../../arm-none-eabi/lib/armv7-m/libc_nano.a(lib_a-exit.o) (_global_impure_ptr)
/home/user/Library/gcc-arm-none-eabi-5_4-2016q3/bin/../lib/gcc/arm-none-eabi/5.4.1/../../../../arm-none-eabi/lib/armv7-m/libc_nano.a(lib_a-init.o)
                              /home/user/Library/gcc-arm-none-eabi-5_4-2016q3/bin/../lib/gcc/arm-none-eabi/5.4.1/../../../../arm-none-eabi/lib/armv7-m/crt0.o (__libc_init_array)
/home/user/Library/gcc-arm-none-eabi-5_4-2016q3/bin/../lib/gcc/arm-none-eabi/5.4.1/../../../../arm-none-eabi/lib/armv7-m/libc_nano.a(lib_a-memcpy-stub.o)
                              build/queue.o (memcpy)
/home/user/Library/gcc-arm-none-eabi-5_4-2016q3/bin/../lib/gcc/arm-none-eabi/5.4.1/../../../../arm-none-eabi/lib/armv7-m/libc_nano.a(lib_a-memset.o)
                              /home/user/Library/gcc-arm-none-eabi-5_4-2016q3/bin/../lib/gcc/arm-none-eabi/5.4.1/../../../../arm-none-eabi/lib/armv7-m/crt0.o (memset)
/home/user/Library/gcc-arm-none-eabi-5_4-2016q3/bin/../lib/gcc/arm-none-eabi/5.4.1/../../../../arm-none-eabi/lib/armv7-m/libc_nano.a(lib_a-printf.o)
                              build/main.o (printf)
/home/user/Library/gcc-arm-none-eabi-5_4-2016q3/bin/../lib/gcc/arm-none-eabi/5.4.1/../../../../arm-none-eabi/lib/armv7-m/libc_nano.a(lib_a-sprintf.o)
                              build/main.o (sprintf)
/home/user/Library/gcc-arm-none-eabi-5_4-2016q3/bin/../lib/gcc/arm-none-eabi/5.4.1/../../../../arm-none-eabi/lib/armv7-m/libc_nano.a(lib_a-findfp.o)
                              /home/user/Library/gcc-arm-none-eabi-5_4-2016q3/bin/../lib/gcc/arm-none-eabi/5.4.1/../../../../arm-none-eabi/lib/armv7-m/libc_nano.a(lib_a-printf.o) (__sinit)
/home/user/Library/gcc-arm-none-eabi-5_4-2016q3/bin/../lib/gcc/arm-none-eabi/5.4.1/../../../../arm-none-eabi/lib/armv7-m/libc_nano.a(lib_a-fwalk.o)
                              /home/user/Library/gcc-arm-none-eabi-5_4-2016q3/bin/../lib/gcc/arm-none-eabi/5.4.1/../../../../arm-none-eabi/lib/armv7-m/libc_nano.a(lib_a-findfp.o) (_fwalk)
/home/user/Library/gcc-arm-none-eabi-5_4-2016q3/bin/../lib/gcc/arm-none-eabi/5.4.1/../../../../arm-none-eabi/lib/armv7-m/libc_nano.a(lib_a-nano-mallocr.o)
                              /home/user/Library/gcc-arm-none-eabi-5_4-2016q3/bin/../lib/gcc/arm-none-eabi/5.4.1/../../../../arm-none-eabi/lib/armv7-m/libc_nano.a(lib_a-findfp.o) (_malloc_r)
/home/user/Library/gcc-arm-none-eabi-5_4-2016q3/bin/../lib/gcc/arm-none-eabi/5.4.1/../../../../arm-none-eabi/lib/armv7-m/libc_nano.a(lib_a-nano-svfprintf.o)
                              /home/user/Library/gcc-arm-none-eabi-5_4-2016q3/bin/../lib/gcc/arm-none-eabi/5.4.1/../../../../arm-none-eabi/lib/armv7-m/libc_nano.a(lib_a-sprintf.o) (_svfprintf_r)
/home/user/Library/gcc-arm-none-eabi-5_4-2016q3/bin/../lib/gcc/arm-none-eabi/5.4.1/../../../../arm-none-eabi/lib/armv7-m/libc_nano.a(lib_a-nano-vfprintf.o)
                              /home/user/Library/gcc-arm-none-eabi-5_4-2016q3/bin/../lib/gcc/arm-none-eabi/5.4.1/../../../../arm-none-eabi/lib/armv7-m/libc_nano.a(lib_a-printf.o) (_vfprintf_r)
/home/user/Library/gcc-arm-none-eabi-5_4-2016q3/bin/../lib/gcc/arm-none-eabi/5.4.1/../../../../arm-none-eabi/lib/armv7-m/libc_nano.a(lib_a-nano-vfprintf_i.o)
                              /home/user/Library/gcc-arm-none-eabi-5_4-2016q3/bin/../lib/gcc/arm-none-eabi/5.4.1/../../../../arm-none-eabi/lib/armv7-m/libc_nano.a(lib_a-nano-svfprintf.o) (_printf_i)
/home/user/Library/gcc-arm-none-eabi-5_4-2016q3/bin/../lib/gcc/arm-none-eabi/5.4.1/../../../../arm-none-eabi/lib/armv7-m/libc_nano.a(lib_a-sbrkr.o)
                              /home/user/Library/gcc-arm-none-eabi-5_4-2016q3/bin/../lib/gcc/arm-none-eabi/5.4.1/../../../../arm-none-eabi/lib/armv7-m/libc_nano.a(lib_a-nano-mallocr.o) (_sbrk_r)
/home/user/Library/gcc-arm-none-eabi-5_4-2016q3/bin/../lib/gcc/arm-none-eabi/5.4.1/../../../../arm-none-eabi/lib/armv7-m/libc_nano.a(lib_a-stdio.o)
                              /home/user/Library/gcc-arm-none-eabi-5_4-2016q3/bin/../lib/gcc/arm-none-eabi/5.4.1/../../../../arm-none-eabi/lib/armv7-m/libc_nano.a(lib_a-findfp.o) (__sread)
/home/user/Library/gcc-arm-none-eabi-5_4-2016q3/bin/../lib/gcc/arm-none-eabi/5.4.1/../../../../arm-none-eabi/lib/armv7-m/libc_nano.a(lib_a-wbuf.o)
[...]
Memory Configuration

Name             Origin             Length             Attributes
RAM              0x20000000         0x00010000         xrw
FLASH            0x08000000         0x00080000         xr
*default*        0x00000000         0xffffffff

Linker script and memory map

LOAD /home/user/Library/gcc-arm-none-eabi-5_4-2016q3/bin/../lib/gcc/arm-none-eabi/5.4.1/armv7-m/crti.o
LOAD /home/user/Library/gcc-arm-none-eabi-5_4-2016q3/bin/../lib/gcc/arm-none-eabi/5.4.1/armv7-m/crtbegin.o
LOAD /home/user/Library/gcc-arm-none-eabi-5_4-2016q3/bin/../lib/gcc/arm-none-eabi/5.4.1/../../../../arm-none-eabi/lib/armv7-m/crt0.o
LOAD build/main.o
LOAD build/freertos.o
LOAD build/stm32f1xx_it.o
LOAD build/stm32f1xx_hal_msp.o
LOAD build/stm32f1xx_hal_timebase_TIM.o
LOAD build/stm32f1xx_hal_gpio_ex.o
LOAD build/stm32f1xx_hal_can.o
LOAD build/stm32f1xx_hal_tim.o
LOAD build/stm32f1xx_hal_tim_ex.o
LOAD build/stm32f1xx_hal_uart.o
LOAD build/stm32f1xx_hal.o
LOAD build/stm32f1xx_hal_rcc.o
LOAD build/stm32f1xx_hal_rcc_ex.o
LOAD build/stm32f1xx_hal_gpio.o
LOAD build/stm32f1xx_hal_dma.o
LOAD build/stm32f1xx_hal_cortex.o
LOAD build/stm32f1xx_hal_pwr.o
LOAD build/stm32f1xx_hal_flash.o
LOAD build/stm32f1xx_hal_flash_ex.o
LOAD build/system_stm32f1xx.o
LOAD build/heap_4.o
LOAD build/port.o
LOAD build/list.o
LOAD build/croutine.o
LOAD build/timers.o
LOAD build/event_groups.o
LOAD build/tasks.o
LOAD build/queue.o
LOAD build/cmsis_os.o
LOAD build/startup_stm32f103xe.o
LOAD /home/user/Library/gcc-arm-none-eabi-5_4-2016q3/bin/../lib/gcc/arm-none-eabi/5.4.1/../../../../arm-none-eabi/lib/armv7-m/libc_nano.a
LOAD /home/user/Library/gcc-arm-none-eabi-5_4-2016q3/bin/../lib/gcc/arm-none-eabi/5.4.1/../../../../arm-none-eabi/lib/armv7-m/libm.a
LOAD /home/user/Library/gcc-arm-none-eabi-5_4-2016q3/bin/../lib/gcc/arm-none-eabi/5.4.1/../../../../arm-none-eabi/lib/armv7-m/libnosys.a
START GROUP
LOAD /home/user/Library/gcc-arm-none-eabi-5_4-2016q3/bin/../lib/gcc/arm-none-eabi/5.4.1/armv7-m/libgcc.a
LOAD /home/user/Library/gcc-arm-none-eabi-5_4-2016q3/bin/../lib/gcc/arm-none-eabi/5.4.1/../../../../arm-none-eabi/lib/armv7-m/libc_nano.a
END GROUP
START GROUP
LOAD /home/user/Library/gcc-arm-none-eabi-5_4-2016q3/bin/../lib/gcc/arm-none-eabi/5.4.1/armv7-m/libgcc.a
LOAD /home/user/Library/gcc-arm-none-eabi-5_4-2016q3/bin/../lib/gcc/arm-none-eabi/5.4.1/../../../../arm-none-eabi/lib/armv7-m/libc_nano.a
END GROUP
LOAD /home/user/Library/gcc-arm-none-eabi-5_4-2016q3/bin/../lib/gcc/arm-none-eabi/5.4.1/armv7-m/crtend.o
LOAD /home/user/Library/gcc-arm-none-eabi-5_4-2016q3/bin/../lib/gcc/arm-none-eabi/5.4.1/armv7-m/crtn.o
                0x20010000                _estack = 0x20010000
                0x00000200                _Min_Heap_Size = 0x200
                0x00000400                _Min_Stack_Size = 0x400

.isr_vector     0x08000000      0x1e4
                0x08000000                . = ALIGN (0x4)
 *(.isr_vector)
 .isr_vector    0x08000000      0x1e4 build/startup_stm32f103xe.o
                0x08000000                g_pfnVectors
                0x080001e4                . = ALIGN (0x4)

.text           0x080001f0     0x4ba0
                0x080001f0                . = ALIGN (0x4)
 *(.text)
 .text          0x080001f0       0x5c /home/user/Library/gcc-arm-none-eabi-5_4-2016q3/bin/../lib/gcc/arm-none-eabi/5.4.1/armv7-m/crtbegin.o
 *(.text*)
 .text.MX_GPIO_Init
                0x0800024c       0x98 build/main.o
 .text.Func_Task0
                0x080002e4       0x84 build/main.o
                0x080002e4                Func_Task0
 .text.configure_tracing
                0x08000368       0xbc build/main.o
                0x08000368                configure_tracing
 .text.configure_watchpoint
                0x08000424       0x34 build/main.o
                0x08000424                configure_watchpoint
 .text._write   0x08000458       0x18 build/main.o
                0x08000458                _write
 .text.Setup_Icing
                0x08000470       0x84 build/main.o
                0x08000470                Setup_Icing
 .text.Setup_Visibility
                0x080004f4       0x88 build/main.o
                0x080004f4                Setup_Visibility
 .text.Setup_Rainfall
                0x0800057c       0x84 build/main.o
                0x0800057c                Setup_Rainfall
 .text.Setup_Light
                0x08000600       0xb0 build/main.o
                0x08000600                Setup_Light
 .text.Setup_Flow_Speed
                0x080006b0       0x60 build/main.o
                0x080006b0                Setup_Flow_Speed
 .text.Func_Task1
                0x08000710      0x320 build/main.o
                0x08000710                Func_Task1
 .text.HAL_TIM_PeriodElapsedCallback
                0x08000a30       0x30 build/main.o
                0x08000a30                HAL_TIM_PeriodElapsedCallback
 .text._Error_Handler
                0x08000a60        0x4 build/main.o
                0x08000a60                _Error_Handler
 .text.MX_CAN_Init
                0x08000a64       0x48 build/main.o
 .text.MX_USART1_UART_Init
                0x08000aac       0x3c build/main.o
 .text.MX_USART2_UART_Init
                0x08000ae8       0x3c build/main.o
 .text.MX_TIM3_Init
                0x08000b24       0x84 build/main.o
 .text.SystemClock_Config
                0x08000ba8       0x88 build/main.o
                0x08000ba8                SystemClock_Config
 .text.main     0x08000c30       0x6c build/main.o
                0x08000c30                main
 .text.NMI_Handler
                0x08000c9c        0x4 build/stm32f1xx_it.o
                0x08000c9c                NMI_Handler
 .text.HardFault_Handler
                0x08000ca0        0x4 build/stm32f1xx_it.o
                0x08000ca0                HardFault_Handler
 .text.MemManage_Handler
                0x08000ca4        0x4 build/stm32f1xx_it.o
                0x08000ca4                MemManage_Handler
 .text.BusFault_Handler
                0x08000ca8        0x4 build/stm32f1xx_it.o
                0x08000ca8                BusFault_Handler
 .text.UsageFault_Handler
                0x08000cac        0x4 build/stm32f1xx_it.o
                0x08000cac                UsageFault_Handler
 .text.DebugMon_Handler
                0x08000cb0        0x4 build/stm32f1xx_it.o
                0x08000cb0                DebugMon_Handler
 .text.SysTick_Handler
                0x08000cb4        0x8 build/stm32f1xx_it.o
                0x08000cb4                SysTick_Handler
 .text.USB_LP_CAN1_RX0_IRQHandler
                0x08000cbc       0x28 build/stm32f1xx_it.o
                0x08000cbc                USB_LP_CAN1_RX0_IRQHandler
 .text.TIM4_IRQHandler
                0x08000ce4       0x10 build/stm32f1xx_it.o
                0x08000ce4                TIM4_IRQHandler
 .text.USART2_IRQHandler
                0x08000cf4       0x10 build/stm32f1xx_it.o
                0x08000cf4                USART2_IRQHandler
 .text.HAL_MspInit
                0x08000d04       0xa0 build/stm32f1xx_hal_msp.o
                0x08000d04                HAL_MspInit
 .text.HAL_CAN_MspInit
                0x08000da4       0x84 build/stm32f1xx_hal_msp.o
                0x08000da4                HAL_CAN_MspInit
 .text.HAL_TIM_PWM_MspInit
                0x08000e28       0x28 build/stm32f1xx_hal_msp.o
                0x08000e28                HAL_TIM_PWM_MspInit
 .text.HAL_TIM_MspPostInit
                0x08000e50       0x40 build/stm32f1xx_hal_msp.o
                0x08000e50                HAL_TIM_MspPostInit
 .text.HAL_UART_MspInit
                0x08000e90       0xb8 build/stm32f1xx_hal_msp.o
                0x08000e90                HAL_UART_MspInit
 .text.HAL_InitTick
                0x08000f48       0x7c build/stm32f1xx_hal_timebase_TIM.o
                0x08000f48                HAL_InitTick
 .text.HAL_CAN_ConfigFilter
                0x08000fc4      0x100 build/stm32f1xx_hal_can.o
                0x08000fc4                HAL_CAN_ConfigFilter
 .text.HAL_CAN_Init
                0x080010c4      0x14c build/stm32f1xx_hal_can.o
                0x080010c4                HAL_CAN_Init
 .text.HAL_CAN_Receive_IT
                0x08001210      0x128 build/stm32f1xx_hal_can.o
                0x08001210                HAL_CAN_Receive_IT
 .text.HAL_CAN_TxCpltCallback
                0x08001338        0x4 build/stm32f1xx_hal_can.o
                0x08001338                HAL_CAN_TxCpltCallback
 .text.CAN_Transmit_IT
                0x0800133c       0x58 build/stm32f1xx_hal_can.o
 .text.HAL_CAN_RxCpltCallback
                0x08001394        0x4 build/stm32f1xx_hal_can.o
                0x08001394                HAL_CAN_RxCpltCallback
 .text.CAN_Receive_IT
                0x08001398      0x16c build/stm32f1xx_hal_can.o
 .text.HAL_CAN_ErrorCallback
                0x08001504        0x4 build/stm32f1xx_hal_can.o
                0x08001504                HAL_CAN_ErrorCallback
 .text.HAL_CAN_IRQHandler
                0x08001508      0x1f4 build/stm32f1xx_hal_can.o
                0x08001508                HAL_CAN_IRQHandler
 .text.TIM_OC1_SetConfig
                0x080016fc       0x68 build/stm32f1xx_hal_tim.o
 .text.TIM_OC3_SetConfig
                0x08001764       0x70 build/stm32f1xx_hal_tim.o
 .text.TIM_OC4_SetConfig
                0x080017d4       0x50 build/stm32f1xx_hal_tim.o
 .text.HAL_TIM_Base_MspInit
                0x08001824        0x4 build/stm32f1xx_hal_tim.o
                0x08001824                HAL_TIM_Base_MspInit
 .text.HAL_TIM_Base_Start_IT
                0x08001828       0x18 build/stm32f1xx_hal_tim.o
                0x08001828                HAL_TIM_Base_Start_IT
 .text.HAL_TIM_OC_DelayElapsedCallback
                0x08001840        0x4 build/stm32f1xx_hal_tim.o
                0x08001840                HAL_TIM_OC_DelayElapsedCallback
 .text.HAL_TIM_IC_CaptureCallback
                0x08001844        0x4 build/stm32f1xx_hal_tim.o
                0x08001844                HAL_TIM_IC_CaptureCallback
 .text.HAL_TIM_PWM_PulseFinishedCallback
                0x08001848        0x4 build/stm32f1xx_hal_tim.o
                0x08001848                HAL_TIM_PWM_PulseFinishedCallback
 .text.HAL_TIM_TriggerCallback
                0x0800184c        0x4 build/stm32f1xx_hal_tim.o
                0x0800184c                HAL_TIM_TriggerCallback
 .text.HAL_TIM_IRQHandler
                0x08001850      0x174 build/stm32f1xx_hal_tim.o
                0x08001850                HAL_TIM_IRQHandler
 .text.TIM_Base_SetConfig
                0x080019c4       0x98 build/stm32f1xx_hal_tim.o
                0x080019c4                TIM_Base_SetConfig
 .text.HAL_TIM_Base_Init
                0x08001a5c       0x38 build/stm32f1xx_hal_tim.o
                0x08001a5c                HAL_TIM_Base_Init
 .text.HAL_TIM_PWM_Init
                0x08001a94       0x38 build/stm32f1xx_hal_tim.o
                0x08001a94                HAL_TIM_PWM_Init
 .text.TIM_OC2_SetConfig
                0x08001acc       0x70 build/stm32f1xx_hal_tim.o
                0x08001acc                TIM_OC2_SetConfig
 .text.HAL_TIM_PWM_ConfigChannel
                0x08001b3c       0xdc build/stm32f1xx_hal_tim.o
                0x08001b3c                HAL_TIM_PWM_ConfigChannel
 .text.TIM_CCxChannelCmd
                0x08001c18       0x1c build/stm32f1xx_hal_tim.o
                0x08001c18                TIM_CCxChannelCmd
 .text.HAL_TIM_PWM_Start
                0x08001c34       0x44 build/stm32f1xx_hal_tim.o
                0x08001c34                HAL_TIM_PWM_Start
 .text.HAL_TIMEx_MasterConfigSynchronization
                0x08001c78       0x54 build/stm32f1xx_hal_tim_ex.o
                0x08001c78                HAL_TIMEx_MasterConfigSynchronization
 .text.HAL_TIMEx_CommutationCallback
                0x08001ccc        0x4 build/stm32f1xx_hal_tim_ex.o
                0x08001ccc                HAL_TIMEx_CommutationCallback
 .text.HAL_TIMEx_BreakCallback
                0x08001cd0        0x4 build/stm32f1xx_hal_tim_ex.o
                0x08001cd0                HAL_TIMEx_BreakCallback
 .text.UART_EndRxTransfer
                0x08001cd4       0x1c build/stm32f1xx_hal_uart.o
 .text.UART_Transmit_IT
                0x08001cf0       0x6c build/stm32f1xx_hal_uart.o
 .text.UART_SetConfig
                0x08001d5c      0x1bc build/stm32f1xx_hal_uart.o
 .text.UART_WaitOnFlagUntilTimeout
                0x08001f18       0x68 build/stm32f1xx_hal_uart.o
 .text.HAL_UART_Init
                0x08001f80       0x64 build/stm32f1xx_hal_uart.o
                0x08001f80                HAL_UART_Init
 .text.HAL_UART_Transmit
                0x08001fe4       0xe4 build/stm32f1xx_hal_uart.o
                0x08001fe4                HAL_UART_Transmit
 .text.HAL_UART_TxCpltCallback
                0x080020c8        0x4 build/stm32f1xx_hal_uart.o
                0x080020c8                HAL_UART_TxCpltCallback
 .text.UART_EndTransmit_IT
                0x080020cc       0x1c build/stm32f1xx_hal_uart.o
 .text.HAL_UART_RxCpltCallback
                0x080020e8        0x4 build/stm32f1xx_hal_uart.o
                0x080020e8                HAL_UART_RxCpltCallback
 .text.UART_Receive_IT
                0x080020ec       0xa0 build/stm32f1xx_hal_uart.o
 .text.HAL_UART_ErrorCallback
                0x0800218c        0x4 build/stm32f1xx_hal_uart.o
                0x0800218c                HAL_UART_ErrorCallback
 .text.HAL_UART_IRQHandler
                0x08002190      0x11c build/stm32f1xx_hal_uart.o
                0x08002190                HAL_UART_IRQHandler
 .text.UART_DMAAbortOnError
                0x080022ac       0x10 build/stm32f1xx_hal_uart.o
 .text.HAL_Init
                0x080022bc       0x24 build/stm32f1xx_hal.o
                0x080022bc                HAL_Init
 .text.HAL_IncTick
                0x080022e0       0x18 build/stm32f1xx_hal.o
                0x080022e0                HAL_IncTick
 .text.HAL_GetTick
                0x080022f8        0xc build/stm32f1xx_hal.o
                0x080022f8                HAL_GetTick
 .text.RCC_Delay
                0x08002304       0x2c build/stm32f1xx_hal_rcc.o
 .text.HAL_RCC_OscConfig
                0x08002330      0x400 build/stm32f1xx_hal_rcc.o
                0x08002330                HAL_RCC_OscConfig
 .text.HAL_RCC_GetSysClockFreq
                0x08002730       0x70 build/stm32f1xx_hal_rcc.o
                0x08002730                HAL_RCC_GetSysClockFreq
 .text.HAL_RCC_ClockConfig
                0x080027a0      0x184 build/stm32f1xx_hal_rcc.o
                0x080027a0                HAL_RCC_ClockConfig
 .text.HAL_RCC_GetHCLKFreq
                0x08002924        0xc build/stm32f1xx_hal_rcc.o
                0x08002924                HAL_RCC_GetHCLKFreq
 .text.HAL_RCC_GetPCLK1Freq
                0x08002930       0x20 build/stm32f1xx_hal_rcc.o
                0x08002930                HAL_RCC_GetPCLK1Freq
 .text.HAL_RCC_GetPCLK2Freq
                0x08002950       0x20 build/stm32f1xx_hal_rcc.o
                0x08002950                HAL_RCC_GetPCLK2Freq
 .text.HAL_RCC_GetClockConfig
                0x08002970       0x3c build/stm32f1xx_hal_rcc.o
                0x08002970                HAL_RCC_GetClockConfig
 .text.HAL_GPIO_Init
                0x080029ac      0x1ec build/stm32f1xx_hal_gpio.o
                0x080029ac                HAL_GPIO_Init
 .text.HAL_GPIO_WritePin
                0x08002b98        0xc build/stm32f1xx_hal_gpio.o
                0x08002b98                HAL_GPIO_WritePin
 .text.HAL_DMA_Abort_IT
                0x08002ba4      0x168 build/stm32f1xx_hal_dma.o
                0x08002ba4                HAL_DMA_Abort_IT
 .text.HAL_NVIC_SetPriorityGrouping
                0x08002d0c       0x24 build/stm32f1xx_hal_cortex.o
                0x08002d0c                HAL_NVIC_SetPriorityGrouping
 .text.HAL_NVIC_SetPriority
                0x08002d30       0x64 build/stm32f1xx_hal_cortex.o
                0x08002d30                HAL_NVIC_SetPriority
 .text.HAL_NVIC_EnableIRQ
                0x08002d94       0x18 build/stm32f1xx_hal_cortex.o
                0x08002d94                HAL_NVIC_EnableIRQ
 .text.HAL_SYSTICK_Config
                0x08002dac       0x2c build/stm32f1xx_hal_cortex.o
                0x08002dac                HAL_SYSTICK_Config
 .text.HAL_SYSTICK_CLKSourceConfig
                0x08002dd8       0x20 build/stm32f1xx_hal_cortex.o
                0x08002dd8                HAL_SYSTICK_CLKSourceConfig
 .text.SystemInit
                0x08002df8       0x4c build/system_stm32f1xx.o
                0x08002df8                SystemInit
 .text.prvHeapInit
                0x08002e44       0x64 build/heap_4.o
 .text.prvInsertBlockIntoFreeList
                0x08002ea8       0x54 build/heap_4.o
 .text.pvPortMalloc
                0x08002efc      0x104 build/heap_4.o
                0x08002efc                pvPortMalloc
 .text.vPortFree
                0x08003000       0x78 build/heap_4.o
                0x08003000                vPortFree
 .text.prvTaskExitError
                0x08003078       0x34 build/port.o
 .text.prvPortStartFirstTask
                0x080030ac       0x20 build/port.o
 .text.pxPortInitialiseStack
                0x080030cc       0x24 build/port.o
                0x080030cc                pxPortInitialiseStack
 .text.SVC_Handler
                0x080030f0       0x24 build/port.o
                0x080030f0                SVC_Handler
 .text.vPortEnterCritical
                0x08003114       0x44 build/port.o
                0x08003114                vPortEnterCritical
 .text.vPortExitCritical
                0x08003158       0x2c build/port.o
                0x08003158                vPortExitCritical
 *fill*         0x08003184        0xc 
 .text.PendSV_Handler
                0x08003190       0x44 build/port.o
                0x08003190                PendSV_Handler
 .text.xPortSysTickHandler
                0x080031d4       0x2c build/port.o
                0x080031d4                xPortSysTickHandler
 .text.vPortSetupTimerInterrupt
                0x08003200       0x2c build/port.o
                0x08003200                vPortSetupTimerInterrupt
 .text.xPortStartScheduler
                0x0800322c       0x98 build/port.o
                0x0800322c                xPortStartScheduler
 .text.vListInitialise
                0x080032c4       0x18 build/list.o
                0x080032c4                vListInitialise
 .text.vListInitialiseItem
                0x080032dc        0x8 build/list.o
                0x080032dc                vListInitialiseItem
 .text.vListInsertEnd
                0x080032e4       0x18 build/list.o
                0x080032e4                vListInsertEnd
 .text.vListInsert
                0x080032fc       0x34 build/list.o
                0x080032fc                vListInsert
 .text.uxListRemove
                0x08003330       0x24 build/list.o
                0x08003330                uxListRemove
 .text.prvResetNextTaskUnblockTime
                0x08003354       0x34 build/tasks.o
 .text.prvDeleteTCB
                0x08003388       0x14 build/tasks.o
 .text.prvInitialiseNewTask
                0x0800339c       0x80 build/tasks.o
 .text.prvInitialiseTaskLists
                0x0800341c       0x68 build/tasks.o
 .text.prvAddNewTaskToReadyList
                0x08003484       0xa8 build/tasks.o
 .text.prvAddCurrentTaskToDelayedList
                0x0800352c       0x98 build/tasks.o
 .text.xTaskCreate
                0x080035c4       0x64 build/tasks.o
                0x080035c4                xTaskCreate
 .text.vTaskStartScheduler
                0x08003628       0x7c build/tasks.o
                0x08003628                vTaskStartScheduler
 .text.vTaskSuspendAll
                0x080036a4       0x10 build/tasks.o
                0x080036a4                vTaskSuspendAll
 .text.xTaskIncrementTick
                0x080036b4      0x124 build/tasks.o
                0x080036b4                xTaskIncrementTick
 .text.xTaskResumeAll
                0x080037d8       0xf8 build/tasks.o
                0x080037d8                xTaskResumeAll
 .text.vTaskDelay
                0x080038d0       0x50 build/tasks.o
                0x080038d0                vTaskDelay
 .text.prvCheckTasksWaitingTermination
                0x08003920       0x54 build/tasks.o
 .text.prvIdleTask
                0x08003974       0x28 build/tasks.o
 .text.vTaskSwitchContext
                0x0800399c       0x94 build/tasks.o
                0x0800399c                vTaskSwitchContext
 .text.xTaskGetSchedulerState
                0x08003a30       0x20 build/tasks.o
                0x08003a30                xTaskGetSchedulerState
 .text.makeFreeRtosPriority
                0x08003a50        0xc build/cmsis_os.o
 .text.osKernelStart
                0x08003a5c        0xc build/cmsis_os.o
                0x08003a5c                osKernelStart
 .text.osThreadCreate
                0x08003a68       0x34 build/cmsis_os.o
                0x08003a68                osThreadCreate
 .text.osDelay  0x08003a9c       0x10 build/cmsis_os.o
                0x08003a9c                osDelay
 .text.osSystickHandler
                0x08003aac       0x10 build/cmsis_os.o
                0x08003aac                osSystickHandler
 .text.Reset_Handler
                0x08003abc       0x48 build/startup_stm32f103xe.o
                0x08003abc                Reset_Handler
 .text.Default_Handler
                0x08003b04        0x2 build/startup_stm32f103xe.o
                0x08003b04                RTC_Alarm_IRQHandler
                0x08003b04                EXTI2_IRQHandler
                0x08003b04                TIM8_TRG_COM_IRQHandler
                0x08003b04                TIM8_CC_IRQHandler
                0x08003b04                TIM1_CC_IRQHandler
                0x08003b04                TIM6_IRQHandler
                0x08003b04                PVD_IRQHandler
                0x08003b04                SDIO_IRQHandler
                0x08003b04                EXTI3_IRQHandler
                0x08003b04                EXTI0_IRQHandler
                0x08003b04                I2C2_EV_IRQHandler
                0x08003b04                ADC1_2_IRQHandler
                0x08003b04                SPI1_IRQHandler
                0x08003b04                TAMPER_IRQHandler
                0x08003b04                TIM8_UP_IRQHandler
                0x08003b04                DMA2_Channel2_IRQHandler
                0x08003b04                DMA1_Channel4_IRQHandler
                0x08003b04                USART3_IRQHandler
                0x08003b04                RTC_IRQHandler
                0x08003b04                DMA1_Channel7_IRQHandler
                0x08003b04                CAN1_RX1_IRQHandler
                0x08003b04                UART5_IRQHandler
                0x08003b04                ADC3_IRQHandler
                0x08003b04                DMA2_Channel1_IRQHandler
                0x08003b04                I2C1_EV_IRQHandler
                0x08003b04                DMA1_Channel6_IRQHandler
                0x08003b04                UART4_IRQHandler
                0x08003b04                TIM3_IRQHandler
                0x08003b04                RCC_IRQHandler
                0x08003b04                TIM1_TRG_COM_IRQHandler
                0x08003b04                DMA1_Channel1_IRQHandler
                0x08003b04                Default_Handler
                0x08003b04                EXTI15_10_IRQHandler
                0x08003b04                TIM7_IRQHandler
                0x08003b04                TIM5_IRQHandler
                0x08003b04                EXTI9_5_IRQHandler
                0x08003b04                SPI2_IRQHandler
                0x08003b04                DMA1_Channel5_IRQHandler
                0x08003b04                EXTI4_IRQHandler
                0x08003b04                USB_HP_CAN1_TX_IRQHandler
                0x08003b04                DMA1_Channel3_IRQHandler
                0x08003b04                FSMC_IRQHandler
                0x08003b04                TIM1_UP_IRQHandler
                0x08003b04                WWDG_IRQHandler
                0x08003b04                TIM2_IRQHandler
                0x08003b04                TIM1_BRK_IRQHandler
                0x08003b04                EXTI1_IRQHandler
                0x08003b04                DMA2_Channel4_5_IRQHandler
                0x08003b04                I2C2_ER_IRQHandler
                0x08003b04                DMA1_Channel2_IRQHandler
                0x08003b04                TIM8_BRK_IRQHandler
                0x08003b04                CAN1_SCE_IRQHandler
                0x08003b04                FLASH_IRQHandler
                0x08003b04                USART1_IRQHandler
                0x08003b04                SPI3_IRQHandler
                0x08003b04                I2C1_ER_IRQHandler
                0x08003b04                USBWakeUp_IRQHandler
                0x08003b04                DMA2_Channel3_IRQHandler
 *fill*         0x08003b06        0x2 
 .text.__libc_init_array
                0x08003b08       0x4c /home/user/Library/gcc-arm-none-eabi-5_4-2016q3/bin/../lib/gcc/arm-none-eabi/5.4.1/../../../../arm-none-eabi/lib/armv7-m/libc_nano.a(lib_a-init.o)
                0x08003b08                __libc_init_array
 .text.memcpy   0x08003b54       0x16 /home/user/Library/gcc-arm-none-eabi-5_4-2016q3/bin/../lib/gcc/arm-none-eabi/5.4.1/../../../../arm-none-eabi/lib/armv7-m/libc_nano.a(lib_a-memcpy-stub.o)
                0x08003b54                memcpy
 .text.memset   0x08003b6a       0x10 /home/user/Library/gcc-arm-none-eabi-5_4-2016q3/bin/../lib/gcc/arm-none-eabi/5.4.1/../../../../arm-none-eabi/lib/armv7-m/libc_nano.a(lib_a-memset.o)
                0x08003b6a                memset
 *fill*         0x08003b7a        0x2 
 .text.printf   0x08003b7c       0x30 /home/user/Library/gcc-arm-none-eabi-5_4-2016q3/bin/../lib/gcc/arm-none-eabi/5.4.1/../../../../arm-none-eabi/lib/armv7-m/libc_nano.a(lib_a-printf.o)
                0x08003b7c                printf
                0x08003b7c                iprintf
 .text.sprintf  0x08003bac       0x48 /home/user/Library/gcc-arm-none-eabi-5_4-2016q3/bin/../lib/gcc/arm-none-eabi/5.4.1/../../../../arm-none-eabi/lib/armv7-m/libc_nano.a(lib_a-sprintf.o)
                0x08003bac                sprintf
                0x08003bac                siprintf
 .text._cleanup_r
                0x08003bf4        0xc /home/user/Library/gcc-arm-none-eabi-5_4-2016q3/bin/../lib/gcc/arm-none-eabi/5.4.1/../../../../arm-none-eabi/lib/armv7-m/libc_nano.a(lib_a-findfp.o)
                0x08003bf4                _cleanup_r
 .text.std.isra.0
                0x08003c00       0x48 /home/user/Library/gcc-arm-none-eabi-5_4-2016q3/bin/../lib/gcc/arm-none-eabi/5.4.1/../../../../arm-none-eabi/lib/armv7-m/libc_nano.a(lib_a-findfp.o)
 .text.__sfmoreglue
                0x08003c48       0x2c /home/user/Library/gcc-arm-none-eabi-5_4-2016q3/bin/../lib/gcc/arm-none-eabi/5.4.1/../../../../arm-none-eabi/lib/armv7-m/libc_nano.a(lib_a-findfp.o)
                0x08003c48                __sfmoreglue
 .text.__sinit  0x08003c74       0x60 /home/user/Library/gcc-arm-none-eabi-5_4-2016q3/bin/../lib/gcc/arm-none-eabi/5.4.1/../../../../arm-none-eabi/lib/armv7-m/libc_nano.a(lib_a-findfp.o)
                0x08003c74                __sinit
 .text.__sfp    0x08003cd4       0x78 /home/user/Library/gcc-arm-none-eabi-5_4-2016q3/bin/../lib/gcc/arm-none-eabi/5.4.1/../../../../arm-none-eabi/lib/armv7-m/libc_nano.a(lib_a-findfp.o)
                0x08003cd4                __sfp
 .text._fwalk_reent
                0x08003d4c       0x3c /home/user/Library/gcc-arm-none-eabi-5_4-2016q3/bin/../lib/gcc/arm-none-eabi/5.4.1/../../../../arm-none-eabi/lib/armv7-m/libc_nano.a(lib_a-fwalk.o)
                0x08003d4c                _fwalk_reent
 .text._malloc_r
                0x08003d88       0xbc /home/user/Library/gcc-arm-none-eabi-5_4-2016q3/bin/../lib/gcc/arm-none-eabi/5.4.1/../../../../arm-none-eabi/lib/armv7-m/libc_nano.a(lib_a-nano-mallocr.o)
                0x08003d88                _malloc_r
 .text.__ssputs_r
                0x08003e44       0xb2 /home/user/Library/gcc-arm-none-eabi-5_4-2016q3/bin/../lib/gcc/arm-none-eabi/5.4.1/../../../../arm-none-eabi/lib/armv7-m/libc_nano.a(lib_a-nano-svfprintf.o)
                0x08003e44                __ssputs_r
 *fill*         0x08003ef6        0x2 
 .text._svfprintf_r
                0x08003ef8      0x1e8 /home/user/Library/gcc-arm-none-eabi-5_4-2016q3/bin/../lib/gcc/arm-none-eabi/5.4.1/../../../../arm-none-eabi/lib/armv7-m/libc_nano.a(lib_a-nano-svfprintf.o)
                0x08003ef8                _svfprintf_r
                0x08003ef8                _svfiprintf_r
 .text.__sfputc_r
                0x080040e0       0x2c /home/user/Library/gcc-arm-none-eabi-5_4-2016q3/bin/../lib/gcc/arm-none-eabi/5.4.1/../../../../arm-none-eabi/lib/armv7-m/libc_nano.a(lib_a-nano-vfprintf.o)
 .text.__sfputs_r
                0x0800410c       0x24 /home/user/Library/gcc-arm-none-eabi-5_4-2016q3/bin/../lib/gcc/arm-none-eabi/5.4.1/../../../../arm-none-eabi/lib/armv7-m/libc_nano.a(lib_a-nano-vfprintf.o)
                0x0800410c                __sfputs_r
 .text._vfprintf_r
                0x08004130      0x238 /home/user/Library/gcc-arm-none-eabi-5_4-2016q3/bin/../lib/gcc/arm-none-eabi/5.4.1/../../../../arm-none-eabi/lib/armv7-m/libc_nano.a(lib_a-nano-vfprintf.o)
                0x08004130                _vfiprintf_r
                0x08004130                _vfprintf_r
 .text._printf_common
                0x08004368       0xec /home/user/Library/gcc-arm-none-eabi-5_4-2016q3/bin/../lib/gcc/arm-none-eabi/5.4.1/../../../../arm-none-eabi/lib/armv7-m/libc_nano.a(lib_a-nano-vfprintf_i.o)
                0x08004368                _printf_common
 .text._printf_i
                0x08004454      0x24c /home/user/Library/gcc-arm-none-eabi-5_4-2016q3/bin/../lib/gcc/arm-none-eabi/5.4.1/../../../../arm-none-eabi/lib/armv7-m/libc_nano.a(lib_a-nano-vfprintf_i.o)
                0x08004454                _printf_i
 .text._sbrk_r  0x080046a0       0x20 /home/user/Library/gcc-arm-none-eabi-5_4-2016q3/bin/../lib/gcc/arm-none-eabi/5.4.1/../../../../arm-none-eabi/lib/armv7-m/libc_nano.a(lib_a-sbrkr.o)
                0x080046a0                _sbrk_r
 .text.__sread  0x080046c0       0x22 /home/user/Library/gcc-arm-none-eabi-5_4-2016q3/bin/../lib/gcc/arm-none-eabi/5.4.1/../../../../arm-none-eabi/lib/armv7-m/libc_nano.a(lib_a-stdio.o)
                0x080046c0                __sread
 .text.__swrite
                0x080046e2       0x38 /home/user/Library/gcc-arm-none-eabi-5_4-2016q3/bin/../lib/gcc/arm-none-eabi/5.4.1/../../../../arm-none-eabi/lib/armv7-m/libc_nano.a(lib_a-stdio.o)
                0x080046e2                __swrite
 .text.__sseek  0x0800471a       0x24 /home/user/Library/gcc-arm-none-eabi-5_4-2016q3/bin/../lib/gcc/arm-none-eabi/5.4.1/../../../../arm-none-eabi/lib/armv7-m/libc_nano.a(lib_a-stdio.o)
                0x0800471a                __sseek
 .text.__sclose
                0x0800473e        0x8 /home/user/Library/gcc-arm-none-eabi-5_4-2016q3/bin/../lib/gcc/arm-none-eabi/5.4.1/../../../../arm-none-eabi/lib/armv7-m/libc_nano.a(lib_a-stdio.o)
                0x0800473e                __sclose
 *fill*         0x08004746        0x2 
 .text.__swbuf_r
                0x08004748       0xa8 /home/user/Library/gcc-arm-none-eabi-5_4-2016q3/bin/../lib/gcc/arm-none-eabi/5.4.1/../../../../arm-none-eabi/lib/armv7-m/libc_nano.a(lib_a-wbuf.o)
                0x08004748                __swbuf_r
 .text._write_r
                0x080047f0       0x24 /home/user/Library/gcc-arm-none-eabi-5_4-2016q3/bin/../lib/gcc/arm-none-eabi/5.4.1/../../../../arm-none-eabi/lib/armv7-m/libc_nano.a(lib_a-writer.o)
                0x080047f0                _write_r
 .text.__swsetup_r
                0x08004814       0xdc /home/user/Library/gcc-arm-none-eabi-5_4-2016q3/bin/../lib/gcc/arm-none-eabi/5.4.1/../../../../arm-none-eabi/lib/armv7-m/libc_nano.a(lib_a-wsetup.o)
                0x08004814                __swsetup_r
 .text._close_r
                0x080048f0       0x20 /home/user/Library/gcc-arm-none-eabi-5_4-2016q3/bin/../lib/gcc/arm-none-eabi/5.4.1/../../../../arm-none-eabi/lib/armv7-m/libc_nano.a(lib_a-closer.o)
                0x080048f0                _close_r
 .text.__sflush_r
                0x08004910      0x10c /home/user/Library/gcc-arm-none-eabi-5_4-2016q3/bin/../lib/gcc/arm-none-eabi/5.4.1/../../../../arm-none-eabi/lib/armv7-m/libc_nano.a(lib_a-fflush.o)
                0x08004910                __sflush_r
 .text._fflush_r
                0x08004a1c       0x54 /home/user/Library/gcc-arm-none-eabi-5_4-2016q3/bin/../lib/gcc/arm-none-eabi/5.4.1/../../../../arm-none-eabi/lib/armv7-m/libc_nano.a(lib_a-fflush.o)
                0x08004a1c                _fflush_r
 .text._lseek_r
                0x08004a70       0x24 /home/user/Library/gcc-arm-none-eabi-5_4-2016q3/bin/../lib/gcc/arm-none-eabi/5.4.1/../../../../arm-none-eabi/lib/armv7-m/libc_nano.a(lib_a-lseekr.o)
                0x08004a70                _lseek_r
 .text.__swhatbuf_r
                0x08004a94       0x46 /home/user/Library/gcc-arm-none-eabi-5_4-2016q3/bin/../lib/gcc/arm-none-eabi/5.4.1/../../../../arm-none-eabi/lib/armv7-m/libc_nano.a(lib_a-makebuf.o)
                0x08004a94                __swhatbuf_r
 *fill*         0x08004ada        0x2 
 .text.__smakebuf_r
                0x08004adc       0x78 /home/user/Library/gcc-arm-none-eabi-5_4-2016q3/bin/../lib/gcc/arm-none-eabi/5.4.1/../../../../arm-none-eabi/lib/armv7-m/libc_nano.a(lib_a-makebuf.o)
                0x08004adc                __smakebuf_r
 .text.memchr   0x08004b54       0x1c /home/user/Library/gcc-arm-none-eabi-5_4-2016q3/bin/../lib/gcc/arm-none-eabi/5.4.1/../../../../arm-none-eabi/lib/armv7-m/libc_nano.a(lib_a-memchr-stub.o)
                0x08004b54                memchr
 .text.memmove  0x08004b70       0x36 /home/user/Library/gcc-arm-none-eabi-5_4-2016q3/bin/../lib/gcc/arm-none-eabi/5.4.1/../../../../arm-none-eabi/lib/armv7-m/libc_nano.a(lib_a-memmove.o)
                0x08004b70                memmove
 .text.__malloc_lock
                0x08004ba6        0x2 /home/user/Library/gcc-arm-none-eabi-5_4-2016q3/bin/../lib/gcc/arm-none-eabi/5.4.1/../../../../arm-none-eabi/lib/armv7-m/libc_nano.a(lib_a-mlock.o)
                0x08004ba6                __malloc_lock
 .text.__malloc_unlock
                0x08004ba8        0x2 /home/user/Library/gcc-arm-none-eabi-5_4-2016q3/bin/../lib/gcc/arm-none-eabi/5.4.1/../../../../arm-none-eabi/lib/armv7-m/libc_nano.a(lib_a-mlock.o)
                0x08004ba8                __malloc_unlock
 *fill*         0x08004baa        0x2 
 .text._free_r  0x08004bac       0x98 /home/user/Library/gcc-arm-none-eabi-5_4-2016q3/bin/../lib/gcc/arm-none-eabi/5.4.1/../../../../arm-none-eabi/lib/armv7-m/libc_nano.a(lib_a-nano-freer.o)
                0x08004bac                _free_r
 .text._realloc_r
                0x08004c44       0x4c /home/user/Library/gcc-arm-none-eabi-5_4-2016q3/bin/../lib/gcc/arm-none-eabi/5.4.1/../../../../arm-none-eabi/lib/armv7-m/libc_nano.a(lib_a-nano-reallocr.o)
                0x08004c44                _realloc_r
 .text._read_r  0x08004c90       0x24 /home/user/Library/gcc-arm-none-eabi-5_4-2016q3/bin/../lib/gcc/arm-none-eabi/5.4.1/../../../../arm-none-eabi/lib/armv7-m/libc_nano.a(lib_a-readr.o)
                0x08004c90                _read_r
 .text._fstat_r
                0x08004cb4       0x24 /home/user/Library/gcc-arm-none-eabi-5_4-2016q3/bin/../lib/gcc/arm-none-eabi/5.4.1/../../../../arm-none-eabi/lib/armv7-m/libc_nano.a(lib_a-fstatr.o)
                0x08004cb4                _fstat_r
 .text._isatty_r
                0x08004cd8       0x20 /home/user/Library/gcc-arm-none-eabi-5_4-2016q3/bin/../lib/gcc/arm-none-eabi/5.4.1/../../../../arm-none-eabi/lib/armv7-m/libc_nano.a(lib_a-isattyr.o)
                0x08004cd8                _isatty_r
 .text._malloc_usable_size_r
                0x08004cf8       0x14 /home/user/Library/gcc-arm-none-eabi-5_4-2016q3/bin/../lib/gcc/arm-none-eabi/5.4.1/../../../../arm-none-eabi/lib/armv7-m/libc_nano.a(lib_a-nano-msizer.o)
                0x08004cf8                _malloc_usable_size_r
 .text._close   0x08004d0c       0x10 /home/user/Library/gcc-arm-none-eabi-5_4-2016q3/bin/../lib/gcc/arm-none-eabi/5.4.1/../../../../arm-none-eabi/lib/armv7-m/libnosys.a(close.o)
                0x08004d0c                _close
 .text._fstat   0x08004d1c       0x10 /home/user/Library/gcc-arm-none-eabi-5_4-2016q3/bin/../lib/gcc/arm-none-eabi/5.4.1/../../../../arm-none-eabi/lib/armv7-m/libnosys.a(fstat.o)
                0x08004d1c                _fstat
 .text._isatty  0x08004d2c       0x10 /home/user/Library/gcc-arm-none-eabi-5_4-2016q3/bin/../lib/gcc/arm-none-eabi/5.4.1/../../../../arm-none-eabi/lib/armv7-m/libnosys.a(isatty.o)
                0x08004d2c                _isatty
 .text._lseek   0x08004d3c       0x10 /home/user/Library/gcc-arm-none-eabi-5_4-2016q3/bin/../lib/gcc/arm-none-eabi/5.4.1/../../../../arm-none-eabi/lib/armv7-m/libnosys.a(lseek.o)
                0x08004d3c                _lseek
 .text._read    0x08004d4c       0x10 /home/user/Library/gcc-arm-none-eabi-5_4-2016q3/bin/../lib/gcc/arm-none-eabi/5.4.1/../../../../arm-none-eabi/lib/armv7-m/libnosys.a(read.o)
                0x08004d4c                _read
 .text._sbrk    0x08004d5c       0x1c /home/user/Library/gcc-arm-none-eabi-5_4-2016q3/bin/../lib/gcc/arm-none-eabi/5.4.1/../../../../arm-none-eabi/lib/armv7-m/libnosys.a(sbrk.o)
                0x08004d5c                _sbrk
 *(.glue_7)
 .glue_7        0x08004d78        0x0 linker stubs
 *(.glue_7t)
 .glue_7t       0x08004d78        0x0 linker stubs
 *(.eh_frame)
 .eh_frame      0x08004d78        0x0 /home/user/Library/gcc-arm-none-eabi-5_4-2016q3/bin/../lib/gcc/arm-none-eabi/5.4.1/armv7-m/crtbegin.o
 *(.init)
 .init          0x08004d78        0x4 /home/user/Library/gcc-arm-none-eabi-5_4-2016q3/bin/../lib/gcc/arm-none-eabi/5.4.1/armv7-m/crti.o
                0x08004d78                _init
 .init          0x08004d7c        0x8 /home/user/Library/gcc-arm-none-eabi-5_4-2016q3/bin/../lib/gcc/arm-none-eabi/5.4.1/armv7-m/crtn.o
 *(.fini)
 .fini          0x08004d84        0x4 /home/user/Library/gcc-arm-none-eabi-5_4-2016q3/bin/../lib/gcc/arm-none-eabi/5.4.1/armv7-m/crti.o
                0x08004d84                _fini
 .fini          0x08004d88        0x8 /home/user/Library/gcc-arm-none-eabi-5_4-2016q3/bin/../lib/gcc/arm-none-eabi/5.4.1/armv7-m/crtn.o
                0x08004d90                . = ALIGN (0x4)
                0x08004d90                _etext = .

.vfp11_veneer   0x08004d90        0x0
 .vfp11_veneer  0x08004d90        0x0 linker stubs

.v4_bx          0x08004d90        0x0
 .v4_bx         0x08004d90        0x0 linker stubs

.iplt           0x08004d90        0x0
 .iplt          0x08004d90        0x0 /home/user/Library/gcc-arm-none-eabi-5_4-2016q3/bin/../lib/gcc/arm-none-eabi/5.4.1/armv7-m/crtbegin.o

.rodata         0x08004d90      0x1cc
                0x08004d90                . = ALIGN (0x4)
 *(.rodata)
 .rodata        0x08004d90       0x28 build/main.o
 .rodata        0x08004db8       0x12 build/stm32f1xx_hal_rcc.o
 *(.rodata*)
 *fill*         0x08004dca        0x2 
 .rodata.str1.4
                0x08004dcc       0xd6 build/main.o
                                 0xda (size before relaxing)
 *fill*         0x08004ea2        0x2 
 .rodata.AHBPrescTable
                0x08004ea4       0x10 build/system_stm32f1xx.o
                0x08004ea4                AHBPrescTable
 .rodata.APBPrescTable
                0x08004eb4        0x8 build/system_stm32f1xx.o
                0x08004eb4                APBPrescTable
 .rodata.str1.4
                0x08004ebc        0x8 build/tasks.o
                                  0x5 (size before relaxing)
 .rodata._global_impure_ptr
                0x08004ec4        0x4 /home/user/Library/gcc-arm-none-eabi-5_4-2016q3/bin/../lib/gcc/arm-none-eabi/5.4.1/../../../../arm-none-eabi/lib/armv7-m/libc_nano.a(lib_a-impure.o)
                0x08004ec4                _global_impure_ptr
 .rodata.__sf_fake_stdin
                0x08004ec8       0x20 /home/user/Library/gcc-arm-none-eabi-5_4-2016q3/bin/../lib/gcc/arm-none-eabi/5.4.1/../../../../arm-none-eabi/lib/armv7-m/libc_nano.a(lib_a-findfp.o)
                0x08004ec8                __sf_fake_stdin
 .rodata.__sf_fake_stdout
                0x08004ee8       0x20 /home/user/Library/gcc-arm-none-eabi-5_4-2016q3/bin/../lib/gcc/arm-none-eabi/5.4.1/../../../../arm-none-eabi/lib/armv7-m/libc_nano.a(lib_a-findfp.o)
                0x08004ee8                __sf_fake_stdout
 .rodata.__sf_fake_stderr
                0x08004f08       0x20 /home/user/Library/gcc-arm-none-eabi-5_4-2016q3/bin/../lib/gcc/arm-none-eabi/5.4.1/../../../../arm-none-eabi/lib/armv7-m/libc_nano.a(lib_a-findfp.o)
                0x08004f08                __sf_fake_stderr
 .rodata.str1.1
                0x08004f28       0x11 /home/user/Library/gcc-arm-none-eabi-5_4-2016q3/bin/../lib/gcc/arm-none-eabi/5.4.1/../../../../arm-none-eabi/lib/armv7-m/libc_nano.a(lib_a-nano-svfprintf.o)
 .rodata.str1.1
                0x08004f39       0x11 /home/user/Library/gcc-arm-none-eabi-5_4-2016q3/bin/../lib/gcc/arm-none-eabi/5.4.1/../../../../arm-none-eabi/lib/armv7-m/libc_nano.a(lib_a-nano-vfprintf.o)
 .rodata.str1.1
                0x08004f39       0x22 /home/user/Library/gcc-arm-none-eabi-5_4-2016q3/bin/../lib/gcc/arm-none-eabi/5.4.1/../../../../arm-none-eabi/lib/armv7-m/libc_nano.a(lib_a-nano-vfprintf_i.o)
                0x08004f5c                . = ALIGN (0x4)
 *fill*         0x08004f5b        0x1 

.rel.dyn        0x08004f5c        0x0
 .rel.iplt      0x08004f5c        0x0 /home/user/Library/gcc-arm-none-eabi-5_4-2016q3/bin/../lib/gcc/arm-none-eabi/5.4.1/armv7-m/crtbegin.o

.ARM.extab
 *(.ARM.extab* .gnu.linkonce.armextab.*)

.ARM            0x08004f5c        0x0
                0x08004f5c                __exidx_start = .
 *(.ARM.exidx*)
                0x08004f5c                __exidx_end = .

.preinit_array  0x08004f5c        0x0
                0x08004f5c                PROVIDE (__preinit_array_start, .)
 *(.preinit_array*)
                0x08004f5c                PROVIDE (__preinit_array_end, .)

.init_array     0x08004f5c        0x4
                0x08004f5c                PROVIDE (__init_array_start, .)
 *(SORT(.init_array.*))
 *(.init_array*)
 .init_array    0x08004f5c        0x4 /home/user/Library/gcc-arm-none-eabi-5_4-2016q3/bin/../lib/gcc/arm-none-eabi/5.4.1/armv7-m/crtbegin.o
                0x08004f60                PROVIDE (__init_array_end, .)

.fini_array     0x08004f60        0x4
                [!provide]                PROVIDE (__fini_array_start, .)
 *(SORT(.fini_array.*))
 *(.fini_array*)
 .fini_array    0x08004f60        0x4 /home/user/Library/gcc-arm-none-eabi-5_4-2016q3/bin/../lib/gcc/arm-none-eabi/5.4.1/armv7-m/crtbegin.o
                [!provide]                PROVIDE (__fini_array_end, .)
                0x08004f64                _sidata = LOADADDR (.data)

.data           0x20000000       0x70 load address 0x08004f64
                0x20000000                . = ALIGN (0x4)
                0x20000000                _sdata = .
 *(.data)
 *(.data*)
 .data.uwTickFreq
                0x20000000        0x1 build/stm32f1xx_hal.o
                0x20000000                uwTickFreq
 *fill*         0x20000001        0x3 
 .data.SystemCoreClock
                0x20000004        0x4 build/system_stm32f1xx.o
                0x20000004                SystemCoreClock
 .data.uxCriticalNesting
                0x20000008        0x4 build/port.o
 .data.impure_data
                0x2000000c       0x60 /home/user/Library/gcc-arm-none-eabi-5_4-2016q3/bin/../lib/gcc/arm-none-eabi/5.4.1/../../../../arm-none-eabi/lib/armv7-m/libc_nano.a(lib_a-impure.o)
 .data._impure_ptr
                0x2000006c        0x4 /home/user/Library/gcc-arm-none-eabi-5_4-2016q3/bin/../lib/gcc/arm-none-eabi/5.4.1/../../../../arm-none-eabi/lib/armv7-m/libc_nano.a(lib_a-impure.o)
                0x2000006c                _impure_ptr
                0x20000070                . = ALIGN (0x4)
                0x20000070                _edata = .

.jcr            0x20000070        0x0 load address 0x08004fd4
 .jcr           0x20000070        0x0 /home/user/Library/gcc-arm-none-eabi-5_4-2016q3/bin/../lib/gcc/arm-none-eabi/5.4.1/armv7-m/crtbegin.o

.igot.plt       0x20000070        0x0 load address 0x08004fd4
 .igot.plt      0x20000070        0x0 /home/user/Library/gcc-arm-none-eabi-5_4-2016q3/bin/../lib/gcc/arm-none-eabi/5.4.1/armv7-m/crtbegin.o
                0x20000070                . = ALIGN (0x4)

.bss            0x20000070      0xf4c load address 0x08004fd4
                0x20000070                _sbss = .
                0x20000070                __bss_start__ = _sbss
 *(.bss)
 .bss           0x20000070       0x1c /home/user/Library/gcc-arm-none-eabi-5_4-2016q3/bin/../lib/gcc/arm-none-eabi/5.4.1/armv7-m/crtbegin.o
 *(.bss*)
 .bss.sensor_flag3
                0x2000008c        0x4 build/main.o
                0x2000008c                sensor_flag3
 .bss.TickCounter
                0x20000090        0x4 build/main.o
                0x20000090                TickCounter
 .bss.setupCounter
                0x20000094        0x4 build/main.o
                0x20000094                setupCounter
 .bss.sensor_flag2
                0x20000098        0x4 build/main.o
                0x20000098                sensor_flag2
 .bss.globalCounter
                0x2000009c        0x4 build/main.o
                0x2000009c                globalCounter
 .bss.sensor_flag1
                0x200000a0        0x4 build/main.o
                0x200000a0                sensor_flag1
 .bss.xFreeBytesRemaining
                0x200000a4        0x4 build/heap_4.o
 .bss.pxEnd     0x200000a8        0x4 build/heap_4.o
 .bss.xStart    0x200000ac        0x8 build/heap_4.o
 .bss.ucHeap    0x200000b4      0xc00 build/heap_4.o
 .bss.xBlockAllocatedBit
                0x20000cb4        0x4 build/heap_4.o
 .bss.xMinimumEverFreeBytesRemaining
                0x20000cb8        0x4 build/heap_4.o
 .bss.ucMaxSysCallPriority
                0x20000cbc        0x1 build/port.o
 *fill*         0x20000cbd        0x3 
 .bss.ulMaxPRIGROUPValue
                0x20000cc0        0x4 build/port.o
 .bss.xNumOfOverflows
                0x20000cc4        0x4 build/tasks.o
 .bss.pxDelayedTaskList
                0x20000cc8        0x4 build/tasks.o
 .bss.xSchedulerRunning
                0x20000ccc        0x4 build/tasks.o
 .bss.xTasksWaitingTermination
                0x20000cd0       0x14 build/tasks.o
 .bss.pxOverflowDelayedTaskList
                0x20000ce4        0x4 build/tasks.o
 .bss.uxPendedTicks
                0x20000ce8        0x4 build/tasks.o
 .bss.pxReadyTasksLists
                0x20000cec       0x8c build/tasks.o
 .bss.uxSchedulerSuspended
                0x20000d78        0x4 build/tasks.o
 .bss.uxDeletedTasksWaitingCleanUp
                0x20000d7c        0x4 build/tasks.o
 .bss.uxCurrentNumberOfTasks
                0x20000d80        0x4 build/tasks.o
 .bss.pxCurrentTCB
                0x20000d84        0x4 build/tasks.o
                0x20000d84                pxCurrentTCB
 .bss.xPendingReadyList
                0x20000d88       0x14 build/tasks.o
 .bss.xIdleTaskHandle
                0x20000d9c        0x4 build/tasks.o
 .bss.xTickCount
                0x20000da0        0x4 build/tasks.o
 .bss.xNextTaskUnblockTime
                0x20000da4        0x4 build/tasks.o
 .bss.uxTaskNumber
                0x20000da8        0x4 build/tasks.o
 .bss.xDelayedTaskList1
                0x20000dac       0x14 build/tasks.o
 .bss.xDelayedTaskList2
                0x20000dc0       0x14 build/tasks.o
 .bss.xSuspendedTaskList
                0x20000dd4       0x14 build/tasks.o
 .bss.uxTopReadyPriority
                0x20000de8        0x4 build/tasks.o
 .bss.xYieldPending
                0x20000dec        0x4 build/tasks.o
 .bss.__malloc_sbrk_start
                0x20000df0        0x4 /home/user/Library/gcc-arm-none-eabi-5_4-2016q3/bin/../lib/gcc/arm-none-eabi/5.4.1/../../../../arm-none-eabi/lib/armv7-m/libc_nano.a(lib_a-nano-mallocr.o)
                0x20000df0                __malloc_sbrk_start
 .bss.__malloc_free_list
                0x20000df4        0x4 /home/user/Library/gcc-arm-none-eabi-5_4-2016q3/bin/../lib/gcc/arm-none-eabi/5.4.1/../../../../arm-none-eabi/lib/armv7-m/libc_nano.a(lib_a-nano-mallocr.o)
                0x20000df4                __malloc_free_list
 .bss.heap_end.4167
                0x20000df8        0x4 /home/user/Library/gcc-arm-none-eabi-5_4-2016q3/bin/../lib/gcc/arm-none-eabi/5.4.1/../../../../arm-none-eabi/lib/armv7-m/libnosys.a(sbrk.o)
 *(COMMON)
 COMMON         0x20000dfc      0x178 build/main.o
                0x20000dfc                sFliterConfig
                0x20000e24                flag
                0x20000e28                hcan
                0x20000e6c                htim3
                0x20000eac                Task1Handle
                0x20000eb0                huart1
                0x20000ef0                huart2
                0x20000f30                TxMessage
                0x20000f4c                RxMessage
                0x20000f70                Task0Handle
 COMMON         0x20000f74       0x40 build/stm32f1xx_hal_timebase_TIM.o
                0x20000f74                htim4
 COMMON         0x20000fb4        0x4 build/stm32f1xx_hal.o
                0x20000fb4                uwTick
 COMMON         0x20000fb8        0x4 /home/user/Library/gcc-arm-none-eabi-5_4-2016q3/bin/../lib/gcc/arm-none-eabi/5.4.1/../../../../arm-none-eabi/lib/armv7-m/libc_nano.a(lib_a-reent.o)
                0x20000fb8                errno
                0x20000fbc                . = ALIGN (0x4)
                0x20000fbc                _ebss = .
                0x20000fbc                __bss_end__ = _ebss

._user_heap_stack
                0x20000fbc      0x604 load address 0x08004fd4
                0x20000fc0                . = ALIGN (0x8)
 *fill*         0x20000fbc        0x4 
                0x20000fc0                PROVIDE (end, .)
                [!provide]                PROVIDE (_end, .)
                0x200011c0                . = (. + _Min_Heap_Size)
 *fill*         0x20000fc0      0x200 
                0x200015c0                . = (. + _Min_Stack_Size)
 *fill*         0x200011c0      0x400 
                0x200015c0                . = ALIGN (0x8)

/DISCARD/
 libc.a(*)
 libm.a(*)
 libgcc.a(*)

.ARM.attributes
                0x00000000       0x29
 *(.ARM.attributes)
 .ARM.attributes
                0x00000000       0x1d /home/user/Library/gcc-arm-none-eabi-5_4-2016q3/bin/../lib/gcc/arm-none-eabi/5.4.1/armv7-m/crti.o
 .ARM.attributes
                0x0000001d       0x2d /home/user/Library/gcc-arm-none-eabi-5_4-2016q3/bin/../lib/gcc/arm-none-eabi/5.4.1/armv7-m/crtbegin.o
 .ARM.attributes
                0x0000004a       0x33 build/main.o
 .ARM.attributes
                0x0000007d       0x33 build/stm32f1xx_it.o
 .ARM.attributes
                0x000000b0       0x33 build/stm32f1xx_hal_msp.o
 .ARM.attributes
                0x000000e3       0x33 build/stm32f1xx_hal_timebase_TIM.o
 .ARM.attributes
                0x00000116       0x33 build/stm32f1xx_hal_can.o
 .ARM.attributes
                0x00000149       0x33 build/stm32f1xx_hal_tim.o
 .ARM.attributes
                0x0000017c       0x33 build/stm32f1xx_hal_tim_ex.o
 .ARM.attributes
                0x000001af       0x33 build/stm32f1xx_hal_uart.o
 .ARM.attributes
                0x000001e2       0x33 build/stm32f1xx_hal.o
 .ARM.attributes
                0x00000215       0x33 build/stm32f1xx_hal_rcc.o
 .ARM.attributes
                0x00000248       0x33 build/stm32f1xx_hal_gpio.o
 .ARM.attributes
                0x0000027b       0x33 build/stm32f1xx_hal_dma.o
 .ARM.attributes
                0x000002ae       0x33 build/stm32f1xx_hal_cortex.o
 .ARM.attributes
                0x000002e1       0x33 build/system_stm32f1xx.o
 .ARM.attributes
                0x00000314       0x33 build/heap_4.o
 .ARM.attributes
                0x00000347       0x33 build/port.o
 .ARM.attributes
                0x0000037a       0x33 build/list.o
 .ARM.attributes
                0x000003ad       0x33 build/tasks.o
 .ARM.attributes
                0x000003e0       0x33 build/cmsis_os.o
 .ARM.attributes
                0x00000413       0x21 build/startup_stm32f103xe.o
 .ARM.attributes
                0x00000434       0x2d /home/user/Library/gcc-arm-none-eabi-5_4-2016q3/bin/../lib/gcc/arm-none-eabi/5.4.1/../../../../arm-none-eabi/lib/armv7-m/libc_nano.a(lib_a-impure.o)
 .ARM.attributes
                0x00000461       0x2d /home/user/Library/gcc-arm-none-eabi-5_4-2016q3/bin/../lib/gcc/arm-none-eabi/5.4.1/../../../../arm-none-eabi/lib/armv7-m/libc_nano.a(lib_a-init.o)
 .ARM.attributes
                0x0000048e       0x2d /home/user/Library/gcc-arm-none-eabi-5_4-2016q3/bin/../lib/gcc/arm-none-eabi/5.4.1/../../../../arm-none-eabi/lib/armv7-m/libc_nano.a(lib_a-memcpy-stub.o)
 .ARM.attributes
                0x000004bb       0x2d /home/user/Library/gcc-arm-none-eabi-5_4-2016q3/bin/../lib/gcc/arm-none-eabi/5.4.1/../../../../arm-none-eabi/lib/armv7-m/libc_nano.a(lib_a-memset.o)
 .ARM.attributes
                0x000004e8       0x2d /home/user/Library/gcc-arm-none-eabi-5_4-2016q3/bin/../lib/gcc/arm-none-eabi/5.4.1/../../../../arm-none-eabi/lib/armv7-m/libc_nano.a(lib_a-printf.o)
 .ARM.attributes
                0x00000515       0x2d /home/user/Library/gcc-arm-none-eabi-5_4-2016q3/bin/../lib/gcc/arm-none-eabi/5.4.1/../../../../arm-none-eabi/lib/armv7-m/libc_nano.a(lib_a-sprintf.o)
 .ARM.attributes
                0x00000542       0x2d /home/user/Library/gcc-arm-none-eabi-5_4-2016q3/bin/../lib/gcc/arm-none-eabi/5.4.1/../../../../arm-none-eabi/lib/armv7-m/libc_nano.a(lib_a-findfp.o)
 .ARM.attributes
                0x0000056f       0x2d /home/user/Library/gcc-arm-none-eabi-5_4-2016q3/bin/../lib/gcc/arm-none-eabi/5.4.1/../../../../arm-none-eabi/lib/armv7-m/libc_nano.a(lib_a-fwalk.o)
 .ARM.attributes
                0x0000059c       0x2d /home/user/Library/gcc-arm-none-eabi-5_4-2016q3/bin/../lib/gcc/arm-none-eabi/5.4.1/../../../../arm-none-eabi/lib/armv7-m/libc_nano.a(lib_a-nano-mallocr.o)
 .ARM.attributes
                0x000005c9       0x2d /home/user/Library/gcc-arm-none-eabi-5_4-2016q3/bin/../lib/gcc/arm-none-eabi/5.4.1/../../../../arm-none-eabi/lib/armv7-m/libc_nano.a(lib_a-nano-svfprintf.o)
 .ARM.attributes
                0x000005f6       0x2d /home/user/Library/gcc-arm-none-eabi-5_4-2016q3/bin/../lib/gcc/arm-none-eabi/5.4.1/../../../../arm-none-eabi/lib/armv7-m/libc_nano.a(lib_a-nano-vfprintf.o)
 .ARM.attributes
                0x00000623       0x2d /home/user/Library/gcc-arm-none-eabi-5_4-2016q3/bin/../lib/gcc/arm-none-eabi/5.4.1/../../../../arm-none-eabi/lib/armv7-m/libc_nano.a(lib_a-nano-vfprintf_i.o)
 .ARM.attributes
                0x00000650       0x2d /home/user/Library/gcc-arm-none-eabi-5_4-2016q3/bin/../lib/gcc/arm-none-eabi/5.4.1/../../../../arm-none-eabi/lib/armv7-m/libc_nano.a(lib_a-sbrkr.o)
 .ARM.attributes
                0x0000067d       0x2d /home/user/Library/gcc-arm-none-eabi-5_4-2016q3/bin/../lib/gcc/arm-none-eabi/5.4.1/../../../../arm-none-eabi/lib/armv7-m/libc_nano.a(lib_a-stdio.o)
 .ARM.attributes
                0x000006aa       0x2d /home/user/Library/gcc-arm-none-eabi-5_4-2016q3/bin/../lib/gcc/arm-none-eabi/5.4.1/../../../../arm-none-eabi/lib/armv7-m/libc_nano.a(lib_a-wbuf.o)
 .ARM.attributes
                0x000006d7       0x2d /home/user/Library/gcc-arm-none-eabi-5_4-2016q3/bin/../lib/gcc/arm-none-eabi/5.4.1/../../../../arm-none-eabi/lib/armv7-m/libc_nano.a(lib_a-writer.o)
 .ARM.attributes
                0x00000704       0x2d /home/user/Library/gcc-arm-none-eabi-5_4-2016q3/bin/../lib/gcc/arm-none-eabi/5.4.1/../../../../arm-none-eabi/lib/armv7-m/libc_nano.a(lib_a-wsetup.o)
 .ARM.attributes
                0x00000731       0x2d /home/user/Library/gcc-arm-none-eabi-5_4-2016q3/bin/../lib/gcc/arm-none-eabi/5.4.1/../../../../arm-none-eabi/lib/armv7-m/libc_nano.a(lib_a-closer.o)
 .ARM.attributes
                0x0000075e       0x2d /home/user/Library/gcc-arm-none-eabi-5_4-2016q3/bin/../lib/gcc/arm-none-eabi/5.4.1/../../../../arm-none-eabi/lib/armv7-m/libc_nano.a(lib_a-fflush.o)
 .ARM.attributes
                0x0000078b       0x2d /home/user/Library/gcc-arm-none-eabi-5_4-2016q3/bin/../lib/gcc/arm-none-eabi/5.4.1/../../../../arm-none-eabi/lib/armv7-m/libc_nano.a(lib_a-lseekr.o)
 .ARM.attributes
                0x000007b8       0x2d /home/user/Library/gcc-arm-none-eabi-5_4-2016q3/bin/../lib/gcc/arm-none-eabi/5.4.1/../../../../arm-none-eabi/lib/armv7-m/libc_nano.a(lib_a-makebuf.o)
 .ARM.attributes
                0x000007e5       0x2d /home/user/Library/gcc-arm-none-eabi-5_4-2016q3/bin/../lib/gcc/arm-none-eabi/5.4.1/../../../../arm-none-eabi/lib/armv7-m/libc_nano.a(lib_a-memchr-stub.o)
 .ARM.attributes
                0x00000812       0x2d /home/user/Library/gcc-arm-none-eabi-5_4-2016q3/bin/../lib/gcc/arm-none-eabi/5.4.1/../../../../arm-none-eabi/lib/armv7-m/libc_nano.a(lib_a-memmove.o)
 .ARM.attributes
                0x0000083f       0x2d /home/user/Library/gcc-arm-none-eabi-5_4-2016q3/bin/../lib/gcc/arm-none-eabi/5.4.1/../../../../arm-none-eabi/lib/armv7-m/libc_nano.a(lib_a-mlock.o)
 .ARM.attributes
                0x0000086c       0x2d /home/user/Library/gcc-arm-none-eabi-5_4-2016q3/bin/../lib/gcc/arm-none-eabi/5.4.1/../../../../arm-none-eabi/lib/armv7-m/libc_nano.a(lib_a-nano-freer.o)
 .ARM.attributes
                0x00000899       0x2d /home/user/Library/gcc-arm-none-eabi-5_4-2016q3/bin/../lib/gcc/arm-none-eabi/5.4.1/../../../../arm-none-eabi/lib/armv7-m/libc_nano.a(lib_a-nano-reallocr.o)
 .ARM.attributes
                0x000008c6       0x2d /home/user/Library/gcc-arm-none-eabi-5_4-2016q3/bin/../lib/gcc/arm-none-eabi/5.4.1/../../../../arm-none-eabi/lib/armv7-m/libc_nano.a(lib_a-readr.o)
 .ARM.attributes
                0x000008f3       0x2d /home/user/Library/gcc-arm-none-eabi-5_4-2016q3/bin/../lib/gcc/arm-none-eabi/5.4.1/../../../../arm-none-eabi/lib/armv7-m/libc_nano.a(lib_a-reent.o)
 .ARM.attributes
                0x00000920       0x2d /home/user/Library/gcc-arm-none-eabi-5_4-2016q3/bin/../lib/gcc/arm-none-eabi/5.4.1/../../../../arm-none-eabi/lib/armv7-m/libc_nano.a(lib_a-fstatr.o)
 .ARM.attributes
                0x0000094d       0x2d /home/user/Library/gcc-arm-none-eabi-5_4-2016q3/bin/../lib/gcc/arm-none-eabi/5.4.1/../../../../arm-none-eabi/lib/armv7-m/libc_nano.a(lib_a-isattyr.o)
 .ARM.attributes
                0x0000097a       0x2d /home/user/Library/gcc-arm-none-eabi-5_4-2016q3/bin/../lib/gcc/arm-none-eabi/5.4.1/../../../../arm-none-eabi/lib/armv7-m/libc_nano.a(lib_a-nano-msizer.o)
 .ARM.attributes
                0x000009a7       0x2d /home/user/Library/gcc-arm-none-eabi-5_4-2016q3/bin/../lib/gcc/arm-none-eabi/5.4.1/../../../../arm-none-eabi/lib/armv7-m/libnosys.a(close.o)
 .ARM.attributes
                0x000009d4       0x2d /home/user/Library/gcc-arm-none-eabi-5_4-2016q3/bin/../lib/gcc/arm-none-eabi/5.4.1/../../../../arm-none-eabi/lib/armv7-m/libnosys.a(fstat.o)
 .ARM.attributes
                0x00000a01       0x2d /home/user/Library/gcc-arm-none-eabi-5_4-2016q3/bin/../lib/gcc/arm-none-eabi/5.4.1/../../../../arm-none-eabi/lib/armv7-m/libnosys.a(isatty.o)
 .ARM.attributes
                0x00000a2e       0x2d /home/user/Library/gcc-arm-none-eabi-5_4-2016q3/bin/../lib/gcc/arm-none-eabi/5.4.1/../../../../arm-none-eabi/lib/armv7-m/libnosys.a(lseek.o)
 .ARM.attributes
                0x00000a5b       0x2d /home/user/Library/gcc-arm-none-eabi-5_4-2016q3/bin/../lib/gcc/arm-none-eabi/5.4.1/../../../../arm-none-eabi/lib/armv7-m/libnosys.a(read.o)
 .ARM.attributes
                0x00000a88       0x2d /home/user/Library/gcc-arm-none-eabi-5_4-2016q3/bin/../lib/gcc/arm-none-eabi/5.4.1/../../../../arm-none-eabi/lib/armv7-m/libnosys.a(sbrk.o)
 .ARM.attributes
                0x00000ab5       0x1d /home/user/Library/gcc-arm-none-eabi-5_4-2016q3/bin/../lib/gcc/arm-none-eabi/5.4.1/armv7-m/crtn.o
OUTPUT(build/CAN.elf elf32-littlearm)

.debug_info     0x00000000    0x148a6
 .debug_info    0x00000000     0x3253 build/main.o
 .debug_info    0x00003253      0xee2 build/stm32f1xx_it.o
 .debug_info    0x00004135     0x161d build/stm32f1xx_hal_msp.o
 .debug_info    0x00005752      0xa3c build/stm32f1xx_hal_timebase_TIM.o
 .debug_info    0x0000618e      0xd32 build/stm32f1xx_hal_can.o
 .debug_info    0x00006ec0     0x309c build/stm32f1xx_hal_tim.o
 .debug_info    0x00009f5c     0x137e build/stm32f1xx_hal_tim_ex.o
 .debug_info    0x0000b2da     0x1779 build/stm32f1xx_hal_uart.o
 .debug_info    0x0000ca53      0x83a build/stm32f1xx_hal.o
 .debug_info    0x0000d28d      0xa90 build/stm32f1xx_hal_rcc.o
 .debug_info    0x0000dd1d      0x66e build/stm32f1xx_hal_gpio.o
 .debug_info    0x0000e38b      0x834 build/stm32f1xx_hal_dma.o
 .debug_info    0x0000ebbf      0xd36 build/stm32f1xx_hal_cortex.o
 .debug_info    0x0000f8f5      0x437 build/system_stm32f1xx.o
 .debug_info    0x0000fd2c      0x46f build/heap_4.o
 .debug_info    0x0001019b      0x506 build/port.o
 .debug_info    0x000106a1      0x2d0 build/list.o
 .debug_info    0x00010971     0x224f build/tasks.o
 .debug_info    0x00012bc0     0x1c86 build/cmsis_os.o
 .debug_info    0x00014846       0x60 build/startup_stm32f103xe.o

.debug_abbrev   0x00000000     0x2b6e
 .debug_abbrev  0x00000000      0x360 build/main.o
 .debug_abbrev  0x00000360      0x1a4 build/stm32f1xx_it.o
 .debug_abbrev  0x00000504      0x236 build/stm32f1xx_hal_msp.o
 .debug_abbrev  0x0000073a      0x1d4 build/stm32f1xx_hal_timebase_TIM.o
 .debug_abbrev  0x0000090e      0x22b build/stm32f1xx_hal_can.o
 .debug_abbrev  0x00000b39      0x278 build/stm32f1xx_hal_tim.o
 .debug_abbrev  0x00000db1      0x251 build/stm32f1xx_hal_tim_ex.o
 .debug_abbrev  0x00001002      0x281 build/stm32f1xx_hal_uart.o
 .debug_abbrev  0x00001283      0x20f build/stm32f1xx_hal.o
 .debug_abbrev  0x00001492      0x28e build/stm32f1xx_hal_rcc.o
 .debug_abbrev  0x00001720      0x202 build/stm32f1xx_hal_gpio.o
 .debug_abbrev  0x00001922      0x239 build/stm32f1xx_hal_dma.o
 .debug_abbrev  0x00001b5b      0x2ee build/stm32f1xx_hal_cortex.o
 .debug_abbrev  0x00001e49      0x124 build/system_stm32f1xx.o
 .debug_abbrev  0x00001f6d      0x216 build/heap_4.o
 .debug_abbrev  0x00002183      0x26e build/port.o
 .debug_abbrev  0x000023f1       0xf8 build/list.o
 .debug_abbrev  0x000024e9      0x358 build/tasks.o
 .debug_abbrev  0x00002841      0x31b build/cmsis_os.o
 .debug_abbrev  0x00002b5c       0x12 build/startup_stm32f103xe.o

.debug_loc      0x00000000     0xcc7d
 .debug_loc     0x00000000      0x8db build/main.o
 .debug_loc     0x000008db       0x80 build/stm32f1xx_it.o
 .debug_loc     0x0000095b      0x2aa build/stm32f1xx_hal_msp.o
 .debug_loc     0x00000c05       0xb1 build/stm32f1xx_hal_timebase_TIM.o
 .debug_loc     0x00000cb6      0xd25 build/stm32f1xx_hal_can.o
 .debug_loc     0x000019db     0x3cc6 build/stm32f1xx_hal_tim.o
 .debug_loc     0x000056a1     0x11d2 build/stm32f1xx_hal_tim_ex.o
 .debug_loc     0x00006873     0x17b0 build/stm32f1xx_hal_uart.o
 .debug_loc     0x00008023      0x1a8 build/stm32f1xx_hal.o
 .debug_loc     0x000081cb      0x6e5 build/stm32f1xx_hal_rcc.o
 .debug_loc     0x000088b0      0x410 build/stm32f1xx_hal_gpio.o
 .debug_loc     0x00008cc0      0x7a2 build/stm32f1xx_hal_dma.o
 .debug_loc     0x00009462      0x59f build/stm32f1xx_hal_cortex.o
 .debug_loc     0x00009a01       0xdf build/system_stm32f1xx.o
 .debug_loc     0x00009ae0      0x32f build/heap_4.o
 .debug_loc     0x00009e0f      0x11a build/port.o
 .debug_loc     0x00009f29       0x91 build/list.o
 .debug_loc     0x00009fba     0x16d3 build/tasks.o
 .debug_loc     0x0000b68d     0x15f0 build/cmsis_os.o

.debug_aranges  0x00000000     0x1058
 .debug_aranges
                0x00000000       0xc0 build/main.o
 .debug_aranges
                0x000000c0       0x68 build/stm32f1xx_it.o
 .debug_aranges
                0x00000128       0x58 build/stm32f1xx_hal_msp.o
 .debug_aranges
                0x00000180       0x30 build/stm32f1xx_hal_timebase_TIM.o
 .debug_aranges
                0x000001b0       0xb0 build/stm32f1xx_hal_can.o
 .debug_aranges
                0x00000260      0x368 build/stm32f1xx_hal_tim.o
 .debug_aranges
                0x000005c8      0x138 build/stm32f1xx_hal_tim_ex.o
 .debug_aranges
                0x00000700      0x1d0 build/stm32f1xx_hal_uart.o
 .debug_aranges
                0x000008d0       0xd0 build/stm32f1xx_hal.o
 .debug_aranges
                0x000009a0       0x90 build/stm32f1xx_hal_rcc.o
 .debug_aranges
                0x00000a30       0x58 build/stm32f1xx_hal_gpio.o
 .debug_aranges
                0x00000a88       0x80 build/stm32f1xx_hal_dma.o
 .debug_aranges
                0x00000b08       0x90 build/stm32f1xx_hal_cortex.o
 .debug_aranges
                0x00000b98       0x28 build/system_stm32f1xx.o
 .debug_aranges
                0x00000bc0       0x50 build/heap_4.o
 .debug_aranges
                0x00000c10       0x78 build/port.o
 .debug_aranges
                0x00000c88       0x40 build/list.o
 .debug_aranges
                0x00000cc8      0x190 build/tasks.o
 .debug_aranges
                0x00000e58      0x1d8 build/cmsis_os.o
 .debug_aranges
                0x00001030       0x28 build/startup_stm32f103xe.o

.debug_ranges   0x00000000      0xf70
 .debug_ranges  0x00000000       0xb0 build/main.o
 .debug_ranges  0x000000b0       0x58 build/stm32f1xx_it.o
 .debug_ranges  0x00000108       0x48 build/stm32f1xx_hal_msp.o
 .debug_ranges  0x00000150       0x20 build/stm32f1xx_hal_timebase_TIM.o
 .debug_ranges  0x00000170       0xa0 build/stm32f1xx_hal_can.o
 .debug_ranges  0x00000210      0x358 build/stm32f1xx_hal_tim.o
 .debug_ranges  0x00000568      0x128 build/stm32f1xx_hal_tim_ex.o
 .debug_ranges  0x00000690      0x1c0 build/stm32f1xx_hal_uart.o
 .debug_ranges  0x00000850       0xc0 build/stm32f1xx_hal.o
 .debug_ranges  0x00000910       0x98 build/stm32f1xx_hal_rcc.o
 .debug_ranges  0x000009a8       0x48 build/stm32f1xx_hal_gpio.o
 .debug_ranges  0x000009f0       0x70 build/stm32f1xx_hal_dma.o
 .debug_ranges  0x00000a60       0x80 build/stm32f1xx_hal_cortex.o
 .debug_ranges  0x00000ae0       0x18 build/system_stm32f1xx.o
 .debug_ranges  0x00000af8       0x40 build/heap_4.o
 .debug_ranges  0x00000b38       0x68 build/port.o
 .debug_ranges  0x00000ba0       0x30 build/list.o
 .debug_ranges  0x00000bd0      0x1b8 build/tasks.o
 .debug_ranges  0x00000d88      0x1c8 build/cmsis_os.o
 .debug_ranges  0x00000f50       0x20 build/startup_stm32f103xe.o

.debug_line     0x00000000     0x6c6e
 .debug_line    0x00000000      0x68b build/main.o
 .debug_line    0x0000068b      0x2c7 build/stm32f1xx_it.o
 .debug_line    0x00000952      0x2e5 build/stm32f1xx_hal_msp.o
 .debug_line    0x00000c37      0x231 build/stm32f1xx_hal_timebase_TIM.o
 .debug_line    0x00000e68      0x709 build/stm32f1xx_hal_can.o
 .debug_line    0x00001571     0x11b3 build/stm32f1xx_hal_tim.o
 .debug_line    0x00002724      0x759 build/stm32f1xx_hal_tim_ex.o
 .debug_line    0x00002e7d      0xa90 build/stm32f1xx_hal_uart.o
 .debug_line    0x0000390d      0x395 build/stm32f1xx_hal.o
 .debug_line    0x00003ca2      0x514 build/stm32f1xx_hal_rcc.o
 .debug_line    0x000041b6      0x366 build/stm32f1xx_hal_gpio.o
 .debug_line    0x0000451c      0x793 build/stm32f1xx_hal_dma.o
 .debug_line    0x00004caf      0x318 build/stm32f1xx_hal_cortex.o
 .debug_line    0x00004fc7      0x1a0 build/system_stm32f1xx.o
 .debug_line    0x00005167      0x31a build/heap_4.o
 .debug_line    0x00005481      0x2d3 build/port.o
 .debug_line    0x00005754      0x20b build/list.o
 .debug_line    0x0000595f      0xa94 build/tasks.o
 .debug_line    0x000063f3      0x809 build/cmsis_os.o
 .debug_line    0x00006bfc       0x72 build/startup_stm32f103xe.o

.debug_str      0x00000000     0x53f2
 .debug_str     0x00000000     0x1892 build/main.o
                               0x1989 (size before relaxing)
 .debug_str     0x00001892      0x116 build/stm32f1xx_it.o
                                0xae4 (size before relaxing)
 .debug_str     0x000019a8       0xf7 build/stm32f1xx_hal_msp.o
                                0xf51 (size before relaxing)
 .debug_str     0x00001a9f      0x101 build/stm32f1xx_hal_timebase_TIM.o
                                0xae9 (size before relaxing)
 .debug_str     0x00001ba0      0x161 build/stm32f1xx_hal_can.o
                                0x79c (size before relaxing)
 .debug_str     0x00001d01      0xc4b build/stm32f1xx_hal_tim.o
                               0x1340 (size before relaxing)
 .debug_str     0x0000294c      0x47e build/stm32f1xx_hal_tim_ex.o
                                0xbe2 (size before relaxing)
 .debug_str     0x00002dca      0x50b build/stm32f1xx_hal_uart.o
                                0xb6b (size before relaxing)
 .debug_str     0x000032d5      0x246 build/stm32f1xx_hal.o
                                0x8ea (size before relaxing)
 .debug_str     0x0000351b      0x18f build/stm32f1xx_hal_rcc.o
                                0x626 (size before relaxing)
 .debug_str     0x000036aa      0x117 build/stm32f1xx_hal_gpio.o
                                0x411 (size before relaxing)
 .debug_str     0x000037c1      0x207 build/stm32f1xx_hal_dma.o
                                0x608 (size before relaxing)
 .debug_str     0x000039c8      0x25a build/stm32f1xx_hal_cortex.o
                                0x99a (size before relaxing)
 .debug_str     0x00003c22       0x4a build/system_stm32f1xx.o
                                0x2b8 (size before relaxing)
 .debug_str     0x00003c6c      0x245 build/heap_4.o
                                0x3c5 (size before relaxing)
 .debug_str     0x00003eb1      0x277 build/port.o
                                0x431 (size before relaxing)
 .debug_str     0x00004128      0x141 build/list.o
                                0x2dc (size before relaxing)
 .debug_str     0x00004269      0x9cd build/tasks.o
                                0xdd7 (size before relaxing)
 .debug_str     0x00004c36      0x7bc build/cmsis_os.o
                                0xd99 (size before relaxing)

.comment        0x00000000       0x6e
 .comment       0x00000000       0x6e build/main.o
                                 0x6f (size before relaxing)
 .comment       0x0000006e       0x6f build/stm32f1xx_it.o
 .comment       0x0000006e       0x6f build/stm32f1xx_hal_msp.o
 .comment       0x0000006e       0x6f build/stm32f1xx_hal_timebase_TIM.o
 .comment       0x0000006e       0x6f build/stm32f1xx_hal_can.o
 .comment       0x0000006e       0x6f build/stm32f1xx_hal_tim.o
 .comment       0x0000006e       0x6f build/stm32f1xx_hal_tim_ex.o
 .comment       0x0000006e       0x6f build/stm32f1xx_hal_uart.o
 .comment       0x0000006e       0x6f build/stm32f1xx_hal.o
 .comment       0x0000006e       0x6f build/stm32f1xx_hal_rcc.o
 .comment       0x0000006e       0x6f build/stm32f1xx_hal_gpio.o
 .comment       0x0000006e       0x6f build/stm32f1xx_hal_dma.o
 .comment       0x0000006e       0x6f build/stm32f1xx_hal_cortex.o
 .comment       0x0000006e       0x6f build/system_stm32f1xx.o
 .comment       0x0000006e       0x6f build/heap_4.o
 .comment       0x0000006e       0x6f build/port.o
 .comment       0x0000006e       0x6f build/list.o
 .comment       0x0000006e       0x6f build/tasks.o
 .comment       0x0000006e       0x6f build/cmsis_os.o

.debug_frame    0x00000000     0x3990
 .debug_frame   0x00000000      0x250 build/main.o
 .debug_frame   0x00000250       0xe0 build/stm32f1xx_it.o
 .debug_frame   0x00000330      0x104 build/stm32f1xx_hal_msp.o
 .debug_frame   0x00000434       0x4c build/stm32f1xx_hal_timebase_TIM.o
 .debug_frame   0x00000480      0x250 build/stm32f1xx_hal_can.o
 .debug_frame   0x000006d0      0xb08 build/stm32f1xx_hal_tim.o
 .debug_frame   0x000011d8      0x420 build/stm32f1xx_hal_tim_ex.o
 .debug_frame   0x000015f8      0x574 build/stm32f1xx_hal_uart.o
 .debug_frame   0x00001b6c      0x1c0 build/stm32f1xx_hal.o
 .debug_frame   0x00001d2c      0x190 build/stm32f1xx_hal_rcc.o
 .debug_frame   0x00001ebc       0xd4 build/stm32f1xx_hal_gpio.o
 .debug_frame   0x00001f90      0x164 build/stm32f1xx_hal_dma.o
 .debug_frame   0x000020f4      0x134 build/stm32f1xx_hal_cortex.o
 .debug_frame   0x00002228       0x30 build/system_stm32f1xx.o
 .debug_frame   0x00002258       0xb8 build/heap_4.o
 .debug_frame   0x00002310       0xe8 build/port.o
 .debug_frame   0x000023f8       0x70 build/list.o
 .debug_frame   0x00002468      0x57c build/tasks.o
 .debug_frame   0x000029e4      0x608 build/cmsis_os.o
 .debug_frame   0x00002fec       0x2c /home/user/Library/gcc-arm-none-eabi-5_4-2016q3/bin/../lib/gcc/arm-none-eabi/5.4.1/../../../../arm-none-eabi/lib/armv7-m/libc_nano.a(lib_a-init.o)
 .debug_frame   0x00003018       0x28 /home/user/Library/gcc-arm-none-eabi-5_4-2016q3/bin/../lib/gcc/arm-none-eabi/5.4.1/../../../../arm-none-eabi/lib/armv7-m/libc_nano.a(lib_a-memcpy-stub.o)
 .debug_frame   0x00003040       0x20 /home/user/Library/gcc-arm-none-eabi-5_4-2016q3/bin/../lib/gcc/arm-none-eabi/5.4.1/../../../../arm-none-eabi/lib/armv7-m/libc_nano.a(lib_a-memset.o)
 .debug_frame   0x00003060       0x74 /home/user/Library/gcc-arm-none-eabi-5_4-2016q3/bin/../lib/gcc/arm-none-eabi/5.4.1/../../../../arm-none-eabi/lib/armv7-m/libc_nano.a(lib_a-printf.o)
 .debug_frame   0x000030d4       0x70 /home/user/Library/gcc-arm-none-eabi-5_4-2016q3/bin/../lib/gcc/arm-none-eabi/5.4.1/../../../../arm-none-eabi/lib/armv7-m/libc_nano.a(lib_a-sprintf.o)
 .debug_frame   0x00003144      0x11c /home/user/Library/gcc-arm-none-eabi-5_4-2016q3/bin/../lib/gcc/arm-none-eabi/5.4.1/../../../../arm-none-eabi/lib/armv7-m/libc_nano.a(lib_a-findfp.o)
 .debug_frame   0x00003260       0x54 /home/user/Library/gcc-arm-none-eabi-5_4-2016q3/bin/../lib/gcc/arm-none-eabi/5.4.1/../../../../arm-none-eabi/lib/armv7-m/libc_nano.a(lib_a-fwalk.o)
 .debug_frame   0x000032b4       0x2c /home/user/Library/gcc-arm-none-eabi-5_4-2016q3/bin/../lib/gcc/arm-none-eabi/5.4.1/../../../../arm-none-eabi/lib/armv7-m/libc_nano.a(lib_a-nano-mallocr.o)
 .debug_frame   0x000032e0       0x90 /home/user/Library/gcc-arm-none-eabi-5_4-2016q3/bin/../lib/gcc/arm-none-eabi/5.4.1/../../../../arm-none-eabi/lib/armv7-m/libc_nano.a(lib_a-nano-svfprintf.o)
 .debug_frame   0x00003370       0xac /home/user/Library/gcc-arm-none-eabi-5_4-2016q3/bin/../lib/gcc/arm-none-eabi/5.4.1/../../../../arm-none-eabi/lib/armv7-m/libc_nano.a(lib_a-nano-vfprintf.o)
 .debug_frame   0x0000341c       0x60 /home/user/Library/gcc-arm-none-eabi-5_4-2016q3/bin/../lib/gcc/arm-none-eabi/5.4.1/../../../../arm-none-eabi/lib/armv7-m/libc_nano.a(lib_a-nano-vfprintf_i.o)
 .debug_frame   0x0000347c       0x2c /home/user/Library/gcc-arm-none-eabi-5_4-2016q3/bin/../lib/gcc/arm-none-eabi/5.4.1/../../../../arm-none-eabi/lib/armv7-m/libc_nano.a(lib_a-sbrkr.o)
 .debug_frame   0x000034a8       0x88 /home/user/Library/gcc-arm-none-eabi-5_4-2016q3/bin/../lib/gcc/arm-none-eabi/5.4.1/../../../../arm-none-eabi/lib/armv7-m/libc_nano.a(lib_a-stdio.o)
 .debug_frame   0x00003530       0x40 /home/user/Library/gcc-arm-none-eabi-5_4-2016q3/bin/../lib/gcc/arm-none-eabi/5.4.1/../../../../arm-none-eabi/lib/armv7-m/libc_nano.a(lib_a-wbuf.o)
 .debug_frame   0x00003570       0x2c /home/user/Library/gcc-arm-none-eabi-5_4-2016q3/bin/../lib/gcc/arm-none-eabi/5.4.1/../../../../arm-none-eabi/lib/armv7-m/libc_nano.a(lib_a-writer.o)
 .debug_frame   0x0000359c       0x2c /home/user/Library/gcc-arm-none-eabi-5_4-2016q3/bin/../lib/gcc/arm-none-eabi/5.4.1/../../../../arm-none-eabi/lib/armv7-m/libc_nano.a(lib_a-wsetup.o)
 .debug_frame   0x000035c8       0x2c /home/user/Library/gcc-arm-none-eabi-5_4-2016q3/bin/../lib/gcc/arm-none-eabi/5.4.1/../../../../arm-none-eabi/lib/armv7-m/libc_nano.a(lib_a-closer.o)
 .debug_frame   0x000035f4       0x68 /home/user/Library/gcc-arm-none-eabi-5_4-2016q3/bin/../lib/gcc/arm-none-eabi/5.4.1/../../../../arm-none-eabi/lib/armv7-m/libc_nano.a(lib_a-fflush.o)
 .debug_frame   0x0000365c       0x2c /home/user/Library/gcc-arm-none-eabi-5_4-2016q3/bin/../lib/gcc/arm-none-eabi/5.4.1/../../../../arm-none-eabi/lib/armv7-m/libc_nano.a(lib_a-lseekr.o)
 .debug_frame   0x00003688       0x54 /home/user/Library/gcc-arm-none-eabi-5_4-2016q3/bin/../lib/gcc/arm-none-eabi/5.4.1/../../../../arm-none-eabi/lib/armv7-m/libc_nano.a(lib_a-makebuf.o)
 .debug_frame   0x000036dc       0x28 /home/user/Library/gcc-arm-none-eabi-5_4-2016q3/bin/../lib/gcc/arm-none-eabi/5.4.1/../../../../arm-none-eabi/lib/armv7-m/libc_nano.a(lib_a-memchr-stub.o)
 .debug_frame   0x00003704       0x28 /home/user/Library/gcc-arm-none-eabi-5_4-2016q3/bin/../lib/gcc/arm-none-eabi/5.4.1/../../../../arm-none-eabi/lib/armv7-m/libc_nano.a(lib_a-memmove.o)
 .debug_frame   0x0000372c       0x30 /home/user/Library/gcc-arm-none-eabi-5_4-2016q3/bin/../lib/gcc/arm-none-eabi/5.4.1/../../../../arm-none-eabi/lib/armv7-m/libc_nano.a(lib_a-mlock.o)
 .debug_frame   0x0000375c       0x38 /home/user/Library/gcc-arm-none-eabi-5_4-2016q3/bin/../lib/gcc/arm-none-eabi/5.4.1/../../../../arm-none-eabi/lib/armv7-m/libc_nano.a(lib_a-nano-freer.o)
 .debug_frame   0x00003794       0x3c /home/user/Library/gcc-arm-none-eabi-5_4-2016q3/bin/../lib/gcc/arm-none-eabi/5.4.1/../../../../arm-none-eabi/lib/armv7-m/libc_nano.a(lib_a-nano-reallocr.o)
 .debug_frame   0x000037d0       0x2c /home/user/Library/gcc-arm-none-eabi-5_4-2016q3/bin/../lib/gcc/arm-none-eabi/5.4.1/../../../../arm-none-eabi/lib/armv7-m/libc_nano.a(lib_a-readr.o)
 .debug_frame   0x000037fc       0x5c /home/user/Library/gcc-arm-none-eabi-5_4-2016q3/bin/../lib/gcc/arm-none-eabi/5.4.1/../../../../arm-none-eabi/lib/armv7-m/libc_nano.a(lib_a-reent.o)
 .debug_frame   0x00003858       0x2c /home/user/Library/gcc-arm-none-eabi-5_4-2016q3/bin/../lib/gcc/arm-none-eabi/5.4.1/../../../../arm-none-eabi/lib/armv7-m/libc_nano.a(lib_a-fstatr.o)
 .debug_frame   0x00003884       0x2c /home/user/Library/gcc-arm-none-eabi-5_4-2016q3/bin/../lib/gcc/arm-none-eabi/5.4.1/../../../../arm-none-eabi/lib/armv7-m/libc_nano.a(lib_a-isattyr.o)
 .debug_frame   0x000038b0       0x20 /home/user/Library/gcc-arm-none-eabi-5_4-2016q3/bin/../lib/gcc/arm-none-eabi/5.4.1/../../../../arm-none-eabi/lib/armv7-m/libc_nano.a(lib_a-nano-msizer.o)
 .debug_frame   0x000038d0       0x20 /home/user/Library/gcc-arm-none-eabi-5_4-2016q3/bin/../lib/gcc/arm-none-eabi/5.4.1/../../../../arm-none-eabi/lib/armv7-m/libnosys.a(close.o)
 .debug_frame   0x000038f0       0x20 /home/user/Library/gcc-arm-none-eabi-5_4-2016q3/bin/../lib/gcc/arm-none-eabi/5.4.1/../../../../arm-none-eabi/lib/armv7-m/libnosys.a(fstat.o)
 .debug_frame   0x00003910       0x20 /home/user/Library/gcc-arm-none-eabi-5_4-2016q3/bin/../lib/gcc/arm-none-eabi/5.4.1/../../../../arm-none-eabi/lib/armv7-m/libnosys.a(isatty.o)
 .debug_frame   0x00003930       0x20 /home/user/Library/gcc-arm-none-eabi-5_4-2016q3/bin/../lib/gcc/arm-none-eabi/5.4.1/../../../../arm-none-eabi/lib/armv7-m/libnosys.a(lseek.o)
 .debug_frame   0x00003950       0x20 /home/user/Library/gcc-arm-none-eabi-5_4-2016q3/bin/../lib/gcc/arm-none-eabi/5.4.1/../../../../arm-none-eabi/lib/armv7-m/libnosys.a(read.o)
 .debug_frame   0x00003970       0x20 /home/user/Library/gcc-arm-none-eabi-5_4-2016q3/bin/../lib/gcc/arm-none-eabi/5.4.1/../../../../arm-none-eabi/lib/armv7-m/libnosys.a(sbrk.o)

.stab           0x00000000       0x84
 .stab          0x00000000       0x24 /home/user/Library/gcc-arm-none-eabi-5_4-2016q3/bin/../lib/gcc/arm-none-eabi/5.4.1/../../../../arm-none-eabi/lib/armv7-m/libnosys.a(close.o)
 .stab          0x00000024       0x18 /home/user/Library/gcc-arm-none-eabi-5_4-2016q3/bin/../lib/gcc/arm-none-eabi/5.4.1/../../../../arm-none-eabi/lib/armv7-m/libnosys.a(fstat.o)
                                 0x24 (size before relaxing)
 .stab          0x0000003c       0x18 /home/user/Library/gcc-arm-none-eabi-5_4-2016q3/bin/../lib/gcc/arm-none-eabi/5.4.1/../../../../arm-none-eabi/lib/armv7-m/libnosys.a(isatty.o)
                                 0x24 (size before relaxing)
 .stab          0x00000054       0x18 /home/user/Library/gcc-arm-none-eabi-5_4-2016q3/bin/../lib/gcc/arm-none-eabi/5.4.1/../../../../arm-none-eabi/lib/armv7-m/libnosys.a(lseek.o)
                                 0x24 (size before relaxing)
 .stab          0x0000006c       0x18 /home/user/Library/gcc-arm-none-eabi-5_4-2016q3/bin/../lib/gcc/arm-none-eabi/5.4.1/../../../../arm-none-eabi/lib/armv7-m/libnosys.a(read.o)
                                 0x24 (size before relaxing)

.stabstr        0x00000000      0x117
 .stabstr       0x00000000      0x117 /home/user/Library/gcc-arm-none-eabi-5_4-2016q3/bin/../lib/gcc/arm-none-eabi/5.4.1/../../../../arm-none-eabi/lib/armv7-m/libnosys.a(close.o)

Cross Reference Table

Symbol                                            File
ADC1_2_IRQHandler                                 build/startup_stm32f103xe.o
ADC3_IRQHandler                                   build/startup_stm32f103xe.o
AHBPrescTable                                     build/system_stm32f1xx.o
                                                  build/stm32f1xx_hal_rcc.o
APBPrescTable                                     build/system_stm32f1xx.o
                                                  build/stm32f1xx_hal_rcc.o
BusFault_Handler                                  build/stm32f1xx_it.o
CAN1_RX1_IRQHandler                               build/startup_stm32f103xe.o
CAN1_SCE_IRQHandler                               build/startup_stm32f103xe.o
DMA1_Channel1_IRQHandler                          build/startup_stm32f103xe.o
DMA1_Channel2_IRQHandler                          build/startup_stm32f103xe.o
DMA1_Channel3_IRQHandler                          build/startup_stm32f103xe.o
DMA1_Channel4_IRQHandler                          build/startup_stm32f103xe.o
DMA1_Channel5_IRQHandler                          build/startup_stm32f103xe.o
DMA1_Channel6_IRQHandler                          build/startup_stm32f103xe.o
DMA1_Channel7_IRQHandler                          build/startup_stm32f103xe.o
DMA2_Channel1_IRQHandler                          build/startup_stm32f103xe.o
DMA2_Channel2_IRQHandler                          build/startup_stm32f103xe.o
DMA2_Channel3_IRQHandler                          build/startup_stm32f103xe.o
DMA2_Channel4_5_IRQHandler                        build/startup_stm32f103xe.o
DebugMon_Handler                                  build/stm32f1xx_it.o
Default_Handler                                   build/startup_stm32f103xe.o
EXTI0_IRQHandler                                  build/startup_stm32f103xe.o
EXTI15_10_IRQHandler                              build/startup_stm32f103xe.o
EXTI1_IRQHandler                                  build/startup_stm32f103xe.o
EXTI2_IRQHandler                                  build/startup_stm32f103xe.o
EXTI3_IRQHandler                                  build/startup_stm32f103xe.o
EXTI4_IRQHandler                                  build/startup_stm32f103xe.o
EXTI9_5_IRQHandler                                build/startup_stm32f103xe.o
FLASH_IRQHandler                                  build/startup_stm32f103xe.o
FLASH_PageErase                                   build/stm32f1xx_hal_flash_ex.o
                                                  build/stm32f1xx_hal_flash.o
FLASH_WaitForLastOperation                        build/stm32f1xx_hal_flash.o
                                                  build/stm32f1xx_hal_flash_ex.o
FSMC_IRQHandler                                   build/startup_stm32f103xe.o
Func_Task0                                        build/main.o
Func_Task1                                        build/main.o
HAL_CAN_ConfigFilter                              build/stm32f1xx_hal_can.o
                                                  build/main.o
HAL_CAN_DeInit                                    build/stm32f1xx_hal_can.o
HAL_CAN_ErrorCallback                             build/stm32f1xx_hal_can.o
HAL_CAN_GetError                                  build/stm32f1xx_hal_can.o
HAL_CAN_GetState                                  build/stm32f1xx_hal_can.o
HAL_CAN_IRQHandler                                build/stm32f1xx_hal_can.o
                                                  build/stm32f1xx_it.o
HAL_CAN_Init                                      build/stm32f1xx_hal_can.o
                                                  build/main.o
HAL_CAN_MspDeInit                                 build/stm32f1xx_hal_msp.o
HAL_CAN_MspInit                                   build/stm32f1xx_hal_msp.o
HAL_CAN_Receive                                   build/stm32f1xx_hal_can.o
HAL_CAN_Receive_IT                                build/stm32f1xx_hal_can.o
                                                  build/main.o
HAL_CAN_RxCpltCallback                            build/stm32f1xx_hal_can.o
HAL_CAN_Sleep                                     build/stm32f1xx_hal_can.o
HAL_CAN_Transmit                                  build/stm32f1xx_hal_can.o
HAL_CAN_Transmit_IT                               build/stm32f1xx_hal_can.o
HAL_CAN_TxCpltCallback                            build/stm32f1xx_hal_can.o
HAL_CAN_WakeUp                                    build/stm32f1xx_hal_can.o
HAL_DBGMCU_DisableDBGSleepMode                    build/stm32f1xx_hal.o
HAL_DBGMCU_DisableDBGStandbyMode                  build/stm32f1xx_hal.o
HAL_DBGMCU_DisableDBGStopMode                     build/stm32f1xx_hal.o
HAL_DBGMCU_EnableDBGSleepMode                     build/stm32f1xx_hal.o
HAL_DBGMCU_EnableDBGStandbyMode                   build/stm32f1xx_hal.o
HAL_DBGMCU_EnableDBGStopMode                      build/stm32f1xx_hal.o
HAL_DMA_Abort                                     build/stm32f1xx_hal_dma.o
                                                  build/stm32f1xx_hal_uart.o
                                                  build/stm32f1xx_hal_tim.o
HAL_DMA_Abort_IT                                  build/stm32f1xx_hal_dma.o
                                                  build/stm32f1xx_hal_uart.o
HAL_DMA_DeInit                                    build/stm32f1xx_hal_dma.o
HAL_DMA_GetError                                  build/stm32f1xx_hal_dma.o
HAL_DMA_GetState                                  build/stm32f1xx_hal_dma.o
HAL_DMA_IRQHandler                                build/stm32f1xx_hal_dma.o
HAL_DMA_Init                                      build/stm32f1xx_hal_dma.o
HAL_DMA_PollForTransfer                           build/stm32f1xx_hal_dma.o
HAL_DMA_RegisterCallback                          build/stm32f1xx_hal_dma.o
HAL_DMA_Start                                     build/stm32f1xx_hal_dma.o
HAL_DMA_Start_IT                                  build/stm32f1xx_hal_dma.o
                                                  build/stm32f1xx_hal_uart.o
                                                  build/stm32f1xx_hal_tim_ex.o
                                                  build/stm32f1xx_hal_tim.o
HAL_DMA_UnRegisterCallback                        build/stm32f1xx_hal_dma.o
HAL_DeInit                                        build/stm32f1xx_hal.o
HAL_Delay                                         build/stm32f1xx_hal.o
HAL_FLASHEx_Erase                                 build/stm32f1xx_hal_flash_ex.o
HAL_FLASHEx_Erase_IT                              build/stm32f1xx_hal_flash_ex.o
HAL_FLASHEx_OBErase                               build/stm32f1xx_hal_flash_ex.o
HAL_FLASHEx_OBGetConfig                           build/stm32f1xx_hal_flash_ex.o
HAL_FLASHEx_OBGetUserData                         build/stm32f1xx_hal_flash_ex.o
HAL_FLASHEx_OBProgram                             build/stm32f1xx_hal_flash_ex.o
HAL_FLASH_EndOfOperationCallback                  build/stm32f1xx_hal_flash.o
HAL_FLASH_GetError                                build/stm32f1xx_hal_flash.o
HAL_FLASH_IRQHandler                              build/stm32f1xx_hal_flash.o
HAL_FLASH_Lock                                    build/stm32f1xx_hal_flash.o
HAL_FLASH_OB_Launch                               build/stm32f1xx_hal_flash.o
HAL_FLASH_OB_Lock                                 build/stm32f1xx_hal_flash.o
HAL_FLASH_OB_Unlock                               build/stm32f1xx_hal_flash.o
HAL_FLASH_OperationErrorCallback                  build/stm32f1xx_hal_flash.o
HAL_FLASH_Program                                 build/stm32f1xx_hal_flash.o
HAL_FLASH_Program_IT                              build/stm32f1xx_hal_flash.o
HAL_FLASH_Unlock                                  build/stm32f1xx_hal_flash.o
HAL_GPIOEx_ConfigEventout                         build/stm32f1xx_hal_gpio_ex.o
HAL_GPIOEx_DisableEventout                        build/stm32f1xx_hal_gpio_ex.o
HAL_GPIOEx_EnableEventout                         build/stm32f1xx_hal_gpio_ex.o
HAL_GPIO_DeInit                                   build/stm32f1xx_hal_gpio.o
                                                  build/stm32f1xx_hal_msp.o
HAL_GPIO_EXTI_Callback                            build/stm32f1xx_hal_gpio.o
HAL_GPIO_EXTI_IRQHandler                          build/stm32f1xx_hal_gpio.o
HAL_GPIO_Init                                     build/stm32f1xx_hal_gpio.o
                                                  build/stm32f1xx_hal_rcc.o
                                                  build/stm32f1xx_hal_msp.o
                                                  build/main.o
HAL_GPIO_LockPin                                  build/stm32f1xx_hal_gpio.o
HAL_GPIO_ReadPin                                  build/stm32f1xx_hal_gpio.o
HAL_GPIO_TogglePin                                build/stm32f1xx_hal_gpio.o
HAL_GPIO_WritePin                                 build/stm32f1xx_hal_gpio.o
                                                  build/main.o
HAL_GetDEVID                                      build/stm32f1xx_hal.o
HAL_GetHalVersion                                 build/stm32f1xx_hal.o
HAL_GetREVID                                      build/stm32f1xx_hal.o
HAL_GetTick                                       build/stm32f1xx_hal.o
                                                  build/stm32f1xx_hal_flash.o
                                                  build/stm32f1xx_hal_dma.o
                                                  build/stm32f1xx_hal_rcc_ex.o
                                                  build/stm32f1xx_hal_rcc.o
                                                  build/stm32f1xx_hal_uart.o
                                                  build/stm32f1xx_hal_can.o
HAL_GetTickFreq                                   build/stm32f1xx_hal.o
HAL_GetTickPrio                                   build/stm32f1xx_hal.o
HAL_GetUID                                        build/stm32f1xx_hal.o
HAL_HalfDuplex_EnableReceiver                     build/stm32f1xx_hal_uart.o
HAL_HalfDuplex_EnableTransmitter                  build/stm32f1xx_hal_uart.o
HAL_HalfDuplex_Init                               build/stm32f1xx_hal_uart.o
HAL_IncTick                                       build/stm32f1xx_hal.o
                                                  build/main.o
HAL_Init                                          build/stm32f1xx_hal.o
                                                  build/main.o
HAL_InitTick                                      build/stm32f1xx_hal_timebase_TIM.o
                                                  build/stm32f1xx_hal_rcc.o
HAL_LIN_Init                                      build/stm32f1xx_hal_uart.o
HAL_LIN_SendBreak                                 build/stm32f1xx_hal_uart.o
HAL_MspDeInit                                     build/stm32f1xx_hal.o
HAL_MspInit                                       build/stm32f1xx_hal_msp.o
HAL_MultiProcessor_EnterMuteMode                  build/stm32f1xx_hal_uart.o
HAL_MultiProcessor_ExitMuteMode                   build/stm32f1xx_hal_uart.o
HAL_MultiProcessor_Init                           build/stm32f1xx_hal_uart.o
HAL_NVIC_ClearPendingIRQ                          build/stm32f1xx_hal_cortex.o
HAL_NVIC_DisableIRQ                               build/stm32f1xx_hal_cortex.o
                                                  build/stm32f1xx_hal_msp.o
HAL_NVIC_EnableIRQ                                build/stm32f1xx_hal_cortex.o
                                                  build/stm32f1xx_hal_timebase_TIM.o
                                                  build/stm32f1xx_hal_msp.o
HAL_NVIC_GetActive                                build/stm32f1xx_hal_cortex.o
HAL_NVIC_GetPendingIRQ                            build/stm32f1xx_hal_cortex.o
HAL_NVIC_GetPriority                              build/stm32f1xx_hal_cortex.o
HAL_NVIC_GetPriorityGrouping                      build/stm32f1xx_hal_cortex.o
HAL_NVIC_SetPendingIRQ                            build/stm32f1xx_hal_cortex.o
HAL_NVIC_SetPriority                              build/stm32f1xx_hal_cortex.o
                                                  build/stm32f1xx_hal.o
                                                  build/stm32f1xx_hal_timebase_TIM.o
                                                  build/stm32f1xx_hal_msp.o
                                                  build/main.o
HAL_NVIC_SetPriorityGrouping                      build/stm32f1xx_hal_cortex.o
                                                  build/stm32f1xx_hal.o
                                                  build/stm32f1xx_hal_msp.o
HAL_NVIC_SystemReset                              build/stm32f1xx_hal_cortex.o
                                                  build/stm32f1xx_hal_flash.o
HAL_PWR_ConfigPVD                                 build/stm32f1xx_hal_pwr.o
HAL_PWR_DeInit                                    build/stm32f1xx_hal_pwr.o
HAL_PWR_DisableBkUpAccess                         build/stm32f1xx_hal_pwr.o
HAL_PWR_DisablePVD                                build/stm32f1xx_hal_pwr.o
HAL_PWR_DisableSEVOnPend                          build/stm32f1xx_hal_pwr.o
HAL_PWR_DisableSleepOnExit                        build/stm32f1xx_hal_pwr.o
HAL_PWR_DisableWakeUpPin                          build/stm32f1xx_hal_pwr.o
HAL_PWR_EnableBkUpAccess                          build/stm32f1xx_hal_pwr.o
HAL_PWR_EnablePVD                                 build/stm32f1xx_hal_pwr.o
HAL_PWR_EnableSEVOnPend                           build/stm32f1xx_hal_pwr.o
HAL_PWR_EnableSleepOnExit                         build/stm32f1xx_hal_pwr.o
HAL_PWR_EnableWakeUpPin                           build/stm32f1xx_hal_pwr.o
HAL_PWR_EnterSLEEPMode                            build/stm32f1xx_hal_pwr.o